Archive member included to satisfy reference by file (symbol)

e:/Programs/_Production/devkitPro/libnds/lib\libnds9.a(keys.o)
                              main.o (scanKeys)
e:/Programs/_Production/devkitPro/libnds/lib\libnds9.a(console.o)
                              main.o (consoleSelect)
e:/Programs/_Production/devkitPro/libnds/lib\libnds9.a(video.o)
                              main.o (setBrightness)
e:/Programs/_Production/devkitPro/libnds/lib\libnds9.a(background.o)
                              e:/Programs/_Production/devkitPro/libnds/lib\libnds9.a(console.o) (bgState)
e:/Programs/_Production/devkitPro/libnds/lib\libnds9.a(securearea.o)
                              e:/programs/_production/devkitpro/devkitarm/bin/../lib/gcc/arm-none-eabi/7.1.0/../../../../arm-none-eabi/lib/thumb/ds_arm9_crt0.o (__secure_area__)
e:/Programs/_Production/devkitPro/libnds/lib\libnds9.a(initSystem.o)
                              e:/programs/_production/devkitpro/devkitarm/bin/../lib/gcc/arm-none-eabi/7.1.0/../../../../arm-none-eabi/lib/thumb/ds_arm9_crt0.o (initSystem)
e:/Programs/_Production/devkitPro/libnds/lib\libnds9.a(fifosystem.o)
                              e:/Programs/_Production/devkitPro/libnds/lib\libnds9.a(initSystem.o) (fifoSetValue32Handler)
e:/Programs/_Production/devkitPro/libnds/lib\libnds9.a(libnds_exit.arm.o)
                              e:/programs/_production/devkitpro/devkitarm/bin/../lib/gcc/arm-none-eabi/7.1.0/../../../../arm-none-eabi/lib/thumb/ds_arm9_crt0.o (__libnds_exit)
e:/Programs/_Production/devkitPro/libnds/lib\libnds9.a(interrupts.o)
                              e:/Programs/_Production/devkitPro/libnds/lib\libnds9.a(fifosystem.o) (irqSet)
e:/Programs/_Production/devkitPro/libnds/lib\libnds9.a(cpu_clock.o)
                              e:/Programs/_Production/devkitPro/libnds/lib\libnds9.a(initSystem.o) (setCpuClock)
e:/Programs/_Production/devkitPro/libnds/lib\libnds9.a(IntrWait.o)
                              main.o (swiWaitForVBlank)
e:/Programs/_Production/devkitPro/libnds/lib\libnds9.a(mpu_setup.o)
                              e:/programs/_production/devkitpro/devkitarm/bin/../lib/gcc/arm-none-eabi/7.1.0/../../../../arm-none-eabi/lib/thumb/ds_arm9_crt0.o (__libnds_mpu_setup)
e:/Programs/_Production/devkitPro/libnds/lib\libnds9.a(swiSoftReset.o)
                              e:/Programs/_Production/devkitPro/libnds/lib\libnds9.a(fifosystem.o) (swiSoftReset)
e:/Programs/_Production/devkitPro/libnds/lib\libnds9.a(debugprint.o)
                              e:/Programs/_Production/devkitPro/libnds/lib\libnds9.a(console.o) (nocashWrite)
e:/Programs/_Production/devkitPro/libnds/lib\libnds9.a(interruptDispatcher.o)
                              e:/Programs/_Production/devkitPro/libnds/lib\libnds9.a(interrupts.o) (IntrMain)
e:/Programs/_Production/devkitPro/libnds/lib\libnds9.a(default_font.bin.o)
                              e:/Programs/_Production/devkitPro/libnds/lib\libnds9.a(console.o) (default_font_bin)
e:/Programs/_Production/devkitPro/libnds/lib\libnds9.a(trig.o)
                              e:/Programs/_Production/devkitPro/libnds/lib\libnds9.a(background.o) (sinLerp)
e:/Programs/_Production/devkitPro/libnds/lib\libnds9.a(system.o)
                              e:/Programs/_Production/devkitPro/libnds/lib\libnds9.a(initSystem.o) (systemValueHandler)
e:/Programs/_Production/devkitPro/libnds/lib\libnds9.a(timeSupport.o)
                              e:/Programs/_Production/devkitPro/libnds/lib\libnds9.a(initSystem.o) (__libnds_gtod)
e:/Programs/_Production/devkitPro/libnds/lib\libnds9.a(biosCalls.o)
                              e:/Programs/_Production/devkitPro/libnds/lib\libnds9.a(system.o) (swiDelay)
e:/programs/_production/devkitpro/devkitarm/bin/../lib/gcc/arm-none-eabi/7.1.0/../../../../arm-none-eabi/lib/thumb\libstdc++.a(del_ops.o)
                              main.o (operator delete(void*, unsigned int))
e:/programs/_production/devkitpro/devkitarm/bin/../lib/gcc/arm-none-eabi/7.1.0/../../../../arm-none-eabi/lib/thumb\libstdc++.a(del_op.o)
                              e:/programs/_production/devkitpro/devkitarm/bin/../lib/gcc/arm-none-eabi/7.1.0/../../../../arm-none-eabi/lib/thumb\libstdc++.a(del_ops.o) (operator delete(void*))
e:/programs/_production/devkitpro/devkitarm/bin/../lib/gcc/arm-none-eabi/7.1.0/../../../../arm-none-eabi/lib/thumb\libstdc++.a(new_op.o)
                              main.o (operator new(unsigned int))
e:/programs/_production/devkitpro/devkitarm/bin/../lib/gcc/arm-none-eabi/7.1.0/../../../../arm-none-eabi/lib/thumb\libstdc++.a(eh_alloc.o)
                              e:/programs/_production/devkitpro/devkitarm/bin/../lib/gcc/arm-none-eabi/7.1.0/../../../../arm-none-eabi/lib/thumb\libstdc++.a(new_op.o) (__cxa_allocate_exception)
e:/programs/_production/devkitpro/devkitarm/bin/../lib/gcc/arm-none-eabi/7.1.0/../../../../arm-none-eabi/lib/thumb\libstdc++.a(new_handler.o)
[...]
Memory Configuration

Name             Origin             Length             Attributes
ewram            0x02000000         0x00380000
dtcm             0x0b000000         0x00004000
vectors          0x01000000         0x00000100
itcm             0x01000100         0x00007f00
*default*        0x00000000         0xffffffff

Linker script and memory map

                0x02380000                __ewram_end = (ORIGIN (ewram) + LENGTH (ewram))
                0x02380000                __eheap_end = (ORIGIN (ewram) + LENGTH (ewram))
                0x0b004000                __dtcm_top = (ORIGIN (dtcm) + LENGTH (dtcm))
                0x0b003ff8                __irq_flags = (__dtcm_top - 0x8)
                0x0b003ffc                __irq_vector = (__dtcm_top - 0x4)
                0x0b003f00                __sp_svc = (__dtcm_top - 0x100)
                0x0b003e00                __sp_irq = (__sp_svc - 0x100)
                0x0b003d00                __sp_usr = (__sp_irq - 0x100)

.secure         0x02000000      0x800
 *(.secure)
 .secure        0x02000000      0x800 e:/Programs/_Production/devkitPro/libnds/lib\libnds9.a(securearea.o)
                0x02000000                __secure_area__

.crt0           0x02000800      0x300
                0x02000800                __text_start = .
 *(.crt0)
 .crt0          0x02000800      0x300 e:/programs/_production/devkitpro/devkitarm/bin/../lib/gcc/arm-none-eabi/7.1.0/../../../../arm-none-eabi/lib/thumb/ds_arm9_crt0.o
                0x02000800                _start
                0x02000b00                . = ALIGN (0x4)

.plt
 *(.plt)

.init           0x02000b00        0xc
 *(SORT(.init))
 .init          0x02000b00        0x4 e:/programs/_production/devkitpro/devkitarm/bin/../lib/gcc/arm-none-eabi/7.1.0/thumb/crti.o
                0x02000b00                _init
 .init          0x02000b04        0x8 e:/programs/_production/devkitpro/devkitarm/bin/../lib/gcc/arm-none-eabi/7.1.0/thumb/crtn.o

.text           0x02000b10     0xf180
 *(EXCLUDE_FILE(*.twl* *.vectors* *.itcm*) .text)
 .text          0x02000b10      0x824 main.o
                0x02000b10                InitialiseConsoles()
                0x02000b60                SetConsoleColour(int)
                0x02000b84                SetConsoleColour(char const*)
                0x02000b94                ResetConsoleColour()
                0x02000ba8                SelectConsole(int)
                0x02000bc0                ClearConsole()
                0x02000bc8                GameView()
                0x0200122c                HandleInput()
                0x02001240                PrintCentredTitle(char const*)
                0x020012a4                MenuView()
                0x020012ec                PauseView()
 .text          0x02001334      0x150 e:/programs/_production/devkitpro/devkitarm/bin/../lib/gcc/arm-none-eabi/7.1.0/thumb\libgcc.a(_divsi3.o)
                0x02001334                __divsi3
                0x02001334                __aeabi_idiv
                0x02001464                __aeabi_idivmod
 .text          0x02001484        0x4 e:/programs/_production/devkitpro/devkitarm/bin/../lib/gcc/arm-none-eabi/7.1.0/thumb\libgcc.a(_dvmd_tls.o)
                0x02001484                __aeabi_idiv0
                0x02001484                __aeabi_ldiv0
 .text          0x02001488      0x1d8 e:/programs/_production/devkitpro/devkitarm/bin/../lib/gcc/arm-none-eabi/7.1.0/thumb\libgcc.a(libunwind.o)
                0x02001488                __restore_core_regs
                0x02001488                restore_core_regs
                0x020014a4                __gnu_Unwind_Restore_VFP
                0x020014ac                __gnu_Unwind_Save_VFP
                0x020014b4                __gnu_Unwind_Restore_VFP_D
                0x020014bc                __gnu_Unwind_Save_VFP_D
                0x020014c4                __gnu_Unwind_Restore_VFP_D_16_to_31
                0x020014cc                __gnu_Unwind_Save_VFP_D_16_to_31
                0x020014d4                __gnu_Unwind_Restore_WMMXD
                0x02001518                __gnu_Unwind_Save_WMMXD
                0x0200155c                __gnu_Unwind_Restore_WMMXC
                0x02001570                __gnu_Unwind_Save_WMMXC
                0x02001584                ___Unwind_RaiseException
                0x02001584                _Unwind_RaiseException
                0x020015b0                _Unwind_Resume
                0x020015b0                ___Unwind_Resume
                0x020015dc                _Unwind_Resume_or_Rethrow
                0x020015dc                ___Unwind_Resume_or_Rethrow
                0x02001608                _Unwind_ForcedUnwind
                0x02001608                ___Unwind_ForcedUnwind
                0x02001634                ___Unwind_Backtrace
                0x02001634                _Unwind_Backtrace
 .text          0x02001660      0x224 e:/programs/_production/devkitpro/devkitarm/bin/../lib/gcc/arm-none-eabi/7.1.0/../../../../arm-none-eabi/lib/thumb\libg.a(lib_a-strcmp.o)
                0x02001660                strcmp
 .text          0x02001884      0x11c e:/programs/_production/devkitpro/devkitarm/bin/../lib/gcc/arm-none-eabi/7.1.0/thumb\libgcc.a(_udivsi3.o)
                0x02001884                __aeabi_uidiv
                0x02001884                __udivsi3
                0x02001980                __aeabi_uidivmod
 .text          0x020019a0       0x3c e:/programs/_production/devkitpro/devkitarm/bin/../lib/gcc/arm-none-eabi/7.1.0/thumb\libgcc.a(_aeabi_uldivmod.o)
                0x020019a0                __aeabi_uldivmod
 .text          0x020019dc       0x28 e:/programs/_production/devkitpro/devkitarm/bin/../lib/gcc/arm-none-eabi/7.1.0/thumb\libgcc.a(_clzdi2.o)
                0x020019dc                __clzdi2
 .text          0x02001a04       0x48 e:/programs/_production/devkitpro/devkitarm/bin/../lib/gcc/arm-none-eabi/7.1.0/thumb\libgcc.a(_clzsi2.o)
                0x02001a04                __clzsi2
 *(EXCLUDE_FILE(*.twl* *.vectors* *.itcm*) .stub)
 *(EXCLUDE_FILE(*.twl* *.vectors* *.itcm*) .text.*)
 .text.deregister_tm_clones
                0x02001a4c       0x2c e:/programs/_production/devkitpro/devkitarm/bin/../lib/gcc/arm-none-eabi/7.1.0/thumb/crtbegin.o
 .text.register_tm_clones
                0x02001a78       0x34 e:/programs/_production/devkitpro/devkitarm/bin/../lib/gcc/arm-none-eabi/7.1.0/thumb/crtbegin.o
 .text.__do_global_dtors_aux
                0x02001aac       0x30 e:/programs/_production/devkitpro/devkitarm/bin/../lib/gcc/arm-none-eabi/7.1.0/thumb/crtbegin.o
 .text.frame_dummy
                0x02001adc       0x28 e:/programs/_production/devkitpro/devkitarm/bin/../lib/gcc/arm-none-eabi/7.1.0/thumb/crtbegin.o
 .text._ZZN4Game9DrawBoardEvENKUliPiE_clEiS0_
                0x02001b04       0x34 main.o
                0x02001b04                Game::DrawBoard()::{lambda(int, int*)#1}::operator()(int, int*) const
 .text._ZZN4Game9DrawBoardEvENUliPiE_4_FUNEiS0_
                0x02001b38       0x10 main.o
                0x02001b38                Game::DrawBoard()::{lambda(int, int*)#1}::_FUN(int, int*)
 .text.startup  0x02001b48      0x164 main.o
                0x02001b48                main
 .text.scanKeys
                0x02001cac       0x8c e:/Programs/_Production/devkitPro/libnds/lib\libnds9.a(keys.o)
                0x02001cac                scanKeys
 .text.keysDown
                0x02001d38       0x14 e:/Programs/_Production/devkitPro/libnds/lib\libnds9.a(keys.o)
                0x02001d38                keysDown
 .text.newRow   0x02001d4c       0xbc e:/Programs/_Production/devkitPro/libnds/lib\libnds9.a(console.o)
 .text.consoleSelect
                0x02001e08       0x10 e:/Programs/_Production/devkitPro/libnds/lib\libnds9.a(console.o)
                0x02001e08                consoleSelect
 .text.consolePrintChar
                0x02001e18       0xec e:/Programs/_Production/devkitPro/libnds/lib\libnds9.a(console.o)
                0x02001e18                consolePrintChar
 .text.consoleCls
                0x02001f04       0xec e:/Programs/_Production/devkitPro/libnds/lib\libnds9.a(console.o)
 .text.consoleLoadFont
                0x02001ff0      0x270 e:/Programs/_Production/devkitPro/libnds/lib\libnds9.a(console.o)
                0x02001ff0                consoleLoadFont
 .text.consoleInit
                0x02002260      0x15c e:/Programs/_Production/devkitPro/libnds/lib\libnds9.a(console.o)
                0x02002260                consoleInit
 .text.con_write
                0x020023bc      0x288 e:/Programs/_Production/devkitPro/libnds/lib\libnds9.a(console.o)
                0x020023bc                con_write
 .text.consoleClear
                0x02002644       0x10 e:/Programs/_Production/devkitPro/libnds/lib\libnds9.a(console.o)
                0x02002644                consoleClear
 .text.setBrightness
                0x02002654       0x40 e:/Programs/_Production/devkitPro/libnds/lib\libnds9.a(video.o)
                0x02002654                setBrightness
 .text.vramDefault
                0x02002694       0xd0 e:/Programs/_Production/devkitPro/libnds/lib\libnds9.a(video.o)
                0x02002694                vramDefault
 .text.checkIfText.part.0
                0x02002764       0x3c e:/Programs/_Production/devkitPro/libnds/lib\libnds9.a(background.o)
 .text.bgUpdate
                0x020027a0       0xec e:/Programs/_Production/devkitPro/libnds/lib\libnds9.a(background.o)
                0x020027a0                bgUpdate
 .text.bgInit_call
                0x0200288c       0xbc e:/Programs/_Production/devkitPro/libnds/lib\libnds9.a(background.o)
                0x0200288c                bgInit_call
 .text.bgInitSub_call
                0x02002948       0xc4 e:/Programs/_Production/devkitPro/libnds/lib\libnds9.a(background.o)
                0x02002948                bgInitSub_call
 .text.initSystem
                0x02002a0c      0x194 e:/Programs/_Production/devkitPro/libnds/lib\libnds9.a(initSystem.o)
                0x02002a0c                initSystem
 .text.__timeoutvbl
                0x02002ba0       0x10 e:/Programs/_Production/devkitPro/libnds/lib\libnds9.a(fifosystem.o)
 .text.fifo_allocBlock.part.0
                0x02002bb0       0x34 e:/Programs/_Production/devkitPro/libnds/lib\libnds9.a(fifosystem.o)
 .text.fifo_waitBlock
                0x02002be4       0x48 e:/Programs/_Production/devkitPro/libnds/lib\libnds9.a(fifosystem.o)
 .text.fifo_queueBlock
                0x02002c2c       0x44 e:/Programs/_Production/devkitPro/libnds/lib\libnds9.a(fifosystem.o)
 .text.fifoInternalSendInterrupt
                0x02002c70       0xac e:/Programs/_Production/devkitPro/libnds/lib\libnds9.a(fifosystem.o)
 .text.fifoInternalSend.part.3
                0x02002d1c       0xd4 e:/Programs/_Production/devkitPro/libnds/lib\libnds9.a(fifosystem.o)
 .text.fifoGetValue32.part.4
                0x02002df0       0x74 e:/Programs/_Production/devkitPro/libnds/lib\libnds9.a(fifosystem.o)
 .text.fifoSetValue32Handler
                0x02002e64       0x74 e:/Programs/_Production/devkitPro/libnds/lib\libnds9.a(fifosystem.o)
                0x02002e64                fifoSetValue32Handler
 .text.fifoSendValue32
                0x02002ed8       0x4c e:/Programs/_Production/devkitPro/libnds/lib\libnds9.a(fifosystem.o)
                0x02002ed8                fifoSendValue32
 .text.fifoGetDatamsg
                0x02002f24      0x140 e:/Programs/_Production/devkitPro/libnds/lib\libnds9.a(fifosystem.o)
                0x02002f24                fifoGetDatamsg
 .text.fifoInternalRecvInterrupt
                0x02003064      0x3a0 e:/Programs/_Production/devkitPro/libnds/lib\libnds9.a(fifosystem.o)
 .text.fifoSetDatamsgHandler
                0x02003404       0x9c e:/Programs/_Production/devkitPro/libnds/lib\libnds9.a(fifosystem.o)
                0x02003404                fifoSetDatamsgHandler
 .text.fifoInit
                0x020034a0      0x1cc e:/Programs/_Production/devkitPro/libnds/lib\libnds9.a(fifosystem.o)
                0x020034a0                fifoInit
 .text.systemErrorExit
                0x0200366c        0x4 e:/Programs/_Production/devkitPro/libnds/lib\libnds9.a(libnds_exit.arm.o)
                0x0200366c                systemErrorExit
 .text.__libnds_exit
                0x02003670       0x5c e:/Programs/_Production/devkitPro/libnds/lib\libnds9.a(libnds_exit.arm.o)
                0x02003670                __libnds_exit
 .text.irqDummy
                0x020036cc        0x4 e:/Programs/_Production/devkitPro/libnds/lib\libnds9.a(interrupts.o)
                0x020036cc                irqDummy
 .text.irqSet   0x020036d0       0x6c e:/Programs/_Production/devkitPro/libnds/lib\libnds9.a(interrupts.o)
                0x020036d0                irqSet
 .text.irqInit  0x0200373c       0x50 e:/Programs/_Production/devkitPro/libnds/lib\libnds9.a(interrupts.o)
                0x0200373c                irqInit
 .text.irqEnable
                0x0200378c       0x64 e:/Programs/_Production/devkitPro/libnds/lib\libnds9.a(interrupts.o)
                0x0200378c                irqEnable
 .text.irqDisable
                0x020037f0       0x64 e:/Programs/_Production/devkitPro/libnds/lib\libnds9.a(interrupts.o)
                0x020037f0                irqDisable
 .text.setCpuClock
                0x02003854       0x50 e:/Programs/_Production/devkitPro/libnds/lib\libnds9.a(cpu_clock.o)
                0x02003854                setCpuClock
 .text.swiWaitForVBlank
                0x020038a4        0x8 e:/Programs/_Production/devkitPro/libnds/lib\libnds9.a(IntrWait.o)
                0x020038a4                swiWaitForVBlank
 .text.swiIntrWait
                0x020038ac       0x64 e:/Programs/_Production/devkitPro/libnds/lib\libnds9.a(IntrWait.o)
                0x020038ac                swiIntrWait
 .text.__libnds_mpu_setup
                0x02003910      0x174 e:/Programs/_Production/devkitPro/libnds/lib\libnds9.a(mpu_setup.o)
                0x02003910                __libnds_mpu_setup
 .text.memUncached
                0x02003a84       0x20 e:/Programs/_Production/devkitPro/libnds/lib\libnds9.a(mpu_setup.o)
                0x02003a84                memUncached
 .text.swiSoftReset
                0x02003aa4       0x2c e:/Programs/_Production/devkitPro/libnds/lib\libnds9.a(swiSoftReset.o)
                0x02003aa4                swiSoftReset
 .text.sinLerp  0x02003ad0       0xa0 e:/Programs/_Production/devkitPro/libnds/lib\libnds9.a(trig.o)
                0x02003ad0                sinLerp
 .text.cosLerp  0x02003b70       0x14 e:/Programs/_Production/devkitPro/libnds/lib\libnds9.a(trig.o)
                0x02003b70                cosLerp
 .text.systemValueHandler
                0x02003b84       0x48 e:/Programs/_Production/devkitPro/libnds/lib\libnds9.a(system.o)
                0x02003b84                systemValueHandler
 .text.systemMsgHandler
                0x02003bcc       0x5c e:/Programs/_Production/devkitPro/libnds/lib\libnds9.a(system.o)
                0x02003bcc                systemMsgHandler
 .text.powerOn  0x02003c28       0x2c e:/Programs/_Production/devkitPro/libnds/lib\libnds9.a(system.o)
                0x02003c28                powerOn
 .text.__libnds_gtod
                0x02003c54       0x24 e:/Programs/_Production/devkitPro/libnds/lib\libnds9.a(timeSupport.o)
                0x02003c54                __libnds_gtod
 .text.swiDelay
                0x02003c78        0x4 e:/Programs/_Production/devkitPro/libnds/lib\libnds9.a(biosCalls.o)
                0x02003c78                swiDelay
 .text._ZdlPvj  0x02003c7c        0xc e:/programs/_production/devkitpro/devkitarm/bin/../lib/gcc/arm-none-eabi/7.1.0/../../../../arm-none-eabi/lib/thumb\libstdc++.a(del_ops.o)
                0x02003c7c                operator delete(void*, unsigned int)
 .text._ZdlPv   0x02003c88        0xc e:/programs/_production/devkitpro/devkitarm/bin/../lib/gcc/arm-none-eabi/7.1.0/../../../../arm-none-eabi/lib/thumb\libstdc++.a(del_op.o)
                0x02003c88                operator delete(void*)
 .text._Znwj    0x02003c94       0x48 e:/programs/_production/devkitpro/devkitarm/bin/../lib/gcc/arm-none-eabi/7.1.0/../../../../arm-none-eabi/lib/thumb\libstdc++.a(new_op.o)
                0x02003c94                operator new(unsigned int)
 .text._ZN12_GLOBAL__N_14pool4freeEPv.constprop.4
                0x02003cdc       0x74 e:/programs/_production/devkitpro/devkitarm/bin/../lib/gcc/arm-none-eabi/7.1.0/../../../../arm-none-eabi/lib/thumb\libstdc++.a(eh_alloc.o)
 .text._ZN12_GLOBAL__N_14pool8allocateEj.constprop.5
                0x02003d50       0x64 e:/programs/_production/devkitpro/devkitarm/bin/../lib/gcc/arm-none-eabi/7.1.0/../../../../arm-none-eabi/lib/thumb\libstdc++.a(eh_alloc.o)
 .text.__cxa_allocate_exception
                0x02003db4       0x30 e:/programs/_production/devkitpro/devkitarm/bin/../lib/gcc/arm-none-eabi/7.1.0/../../../../arm-none-eabi/lib/thumb\libstdc++.a(eh_alloc.o)
                0x02003db4                __cxa_allocate_exception
 .text.__cxa_free_exception
                0x02003de4       0x28 e:/programs/_production/devkitpro/devkitarm/bin/../lib/gcc/arm-none-eabi/7.1.0/../../../../arm-none-eabi/lib/thumb\libstdc++.a(eh_alloc.o)
                0x02003de4                __cxa_free_exception
 .text.startup._GLOBAL__sub_I__ZN9__gnu_cxx9__freeresEv
                0x02003e0c       0x30 e:/programs/_production/devkitpro/devkitarm/bin/../lib/gcc/arm-none-eabi/7.1.0/../../../../arm-none-eabi/lib/thumb\libstdc++.a(eh_alloc.o)
 .text._ZSt15get_new_handlerv
                0x02003e3c        0xc e:/programs/_production/devkitpro/devkitarm/bin/../lib/gcc/arm-none-eabi/7.1.0/../../../../arm-none-eabi/lib/thumb\libstdc++.a(new_handler.o)
                0x02003e3c                std::get_new_handler()
 .text._ZN10__cxxabiv111__terminateEPFvvE
                0x02003e48       0x2c e:/programs/_production/devkitpro/devkitarm/bin/../lib/gcc/arm-none-eabi/7.1.0/../../../../arm-none-eabi/lib/thumb\libstdc++.a(eh_terminate.o)
                0x02003e48                __cxxabiv1::__terminate(void (*)())
 .text._ZSt9terminatev
                0x02003e74       0x10 e:/programs/_production/devkitpro/devkitarm/bin/../lib/gcc/arm-none-eabi/7.1.0/../../../../arm-none-eabi/lib/thumb\libstdc++.a(eh_terminate.o)
                0x02003e74                std::terminate()
 .text._ZN10__cxxabiv112__unexpectedEPFvvE
                0x02003e84        0xc e:/programs/_production/devkitpro/devkitarm/bin/../lib/gcc/arm-none-eabi/7.1.0/../../../../arm-none-eabi/lib/thumb\libstdc++.a(eh_terminate.o)
                0x02003e84                __cxxabiv1::__unexpected(void (*)())
 .text._ZSt10unexpectedv
                0x02003e90       0x10 e:/programs/_production/devkitpro/devkitarm/bin/../lib/gcc/arm-none-eabi/7.1.0/../../../../arm-none-eabi/lib/thumb\libstdc++.a(eh_terminate.o)
                0x02003e90                std::unexpected()
 .text._ZSt13get_terminatev
                0x02003ea0        0xc e:/programs/_production/devkitpro/devkitarm/bin/../lib/gcc/arm-none-eabi/7.1.0/../../../../arm-none-eabi/lib/thumb\libstdc++.a(eh_terminate.o)
                0x02003ea0                std::get_terminate()
 .text._ZSt14get_unexpectedv
                0x02003eac        0xc e:/programs/_production/devkitpro/devkitarm/bin/../lib/gcc/arm-none-eabi/7.1.0/../../../../arm-none-eabi/lib/thumb\libstdc++.a(eh_terminate.o)
                0x02003eac                std::get_unexpected()
 .text._ZNKSt9bad_alloc4whatEv
                0x02003eb8        0x8 e:/programs/_production/devkitpro/devkitarm/bin/../lib/gcc/arm-none-eabi/7.1.0/../../../../arm-none-eabi/lib/thumb\libstdc++.a(bad_alloc.o)
                0x02003eb8                std::bad_alloc::what() const
 .text._ZNSt9bad_allocD2Ev
                0x02003ec0       0x1c e:/programs/_production/devkitpro/devkitarm/bin/../lib/gcc/arm-none-eabi/7.1.0/../../../../arm-none-eabi/lib/thumb\libstdc++.a(bad_alloc.o)
                0x02003ec0                std::bad_alloc::~bad_alloc()
                0x02003ec0                std::bad_alloc::~bad_alloc()
 .text._ZNSt9bad_allocD0Ev
                0x02003edc       0x24 e:/programs/_production/devkitpro/devkitarm/bin/../lib/gcc/arm-none-eabi/7.1.0/../../../../arm-none-eabi/lib/thumb\libstdc++.a(bad_alloc.o)
                0x02003edc                std::bad_alloc::~bad_alloc()
 .text.__cxa_end_cleanup
                0x02003f00        0xc e:/programs/_production/devkitpro/devkitarm/bin/../lib/gcc/arm-none-eabi/7.1.0/../../../../arm-none-eabi/lib/thumb\libstdc++.a(eh_arm.o)
                0x02003f00                __cxa_end_cleanup
 .text.__cxa_type_match
                0x02003f0c       0xcc e:/programs/_production/devkitpro/devkitarm/bin/../lib/gcc/arm-none-eabi/7.1.0/../../../../arm-none-eabi/lib/thumb\libstdc++.a(eh_arm.o)
                0x02003f0c                __cxa_type_match
 .text.__cxa_begin_cleanup
                0x02003fd8       0x64 e:/programs/_production/devkitpro/devkitarm/bin/../lib/gcc/arm-none-eabi/7.1.0/../../../../arm-none-eabi/lib/thumb\libstdc++.a(eh_arm.o)
                0x02003fd8                __cxa_begin_cleanup
 .text.__gnu_end_cleanup
                0x0200403c       0x74 e:/programs/_production/devkitpro/devkitarm/bin/../lib/gcc/arm-none-eabi/7.1.0/../../../../arm-none-eabi/lib/thumb\libstdc++.a(eh_arm.o)
                0x0200403c                __gnu_end_cleanup
 .text._ZL23__gxx_exception_cleanup19_Unwind_Reason_CodeP21_Unwind_Control_Block
                0x020040b0       0x3c e:/programs/_production/devkitpro/devkitarm/bin/../lib/gcc/arm-none-eabi/7.1.0/../../../../arm-none-eabi/lib/thumb\libstdc++.a(eh_throw.o)
 .text.__cxa_init_primary_exception
                0x020040ec       0x50 e:/programs/_production/devkitpro/devkitarm/bin/../lib/gcc/arm-none-eabi/7.1.0/../../../../arm-none-eabi/lib/thumb\libstdc++.a(eh_throw.o)
                0x020040ec                __cxa_init_primary_exception
 .text.__cxa_throw
                0x0200413c       0x34 e:/programs/_production/devkitpro/devkitarm/bin/../lib/gcc/arm-none-eabi/7.1.0/../../../../arm-none-eabi/lib/thumb\libstdc++.a(eh_throw.o)
                0x0200413c                __cxa_throw
 .text.__cxa_rethrow
                0x02004170       0x70 e:/programs/_production/devkitpro/devkitarm/bin/../lib/gcc/arm-none-eabi/7.1.0/../../../../arm-none-eabi/lib/thumb\libstdc++.a(eh_throw.o)
                0x02004170                __cxa_rethrow
 .text._ZNSt9exceptionD2Ev
                0x020041e0        0x4 e:/programs/_production/devkitpro/devkitarm/bin/../lib/gcc/arm-none-eabi/7.1.0/../../../../arm-none-eabi/lib/thumb\libstdc++.a(eh_exception.o)
                0x020041e0                std::exception::~exception()
                0x020041e0                std::exception::~exception()
 .text._ZNSt13bad_exceptionD2Ev
                0x020041e4        0x4 e:/programs/_production/devkitpro/devkitarm/bin/../lib/gcc/arm-none-eabi/7.1.0/../../../../arm-none-eabi/lib/thumb\libstdc++.a(eh_exception.o)
                0x020041e4                std::bad_exception::~bad_exception()
                0x020041e4                std::bad_exception::~bad_exception()
 .text._ZNKSt13bad_exception4whatEv
                0x020041e8        0x8 e:/programs/_production/devkitpro/devkitarm/bin/../lib/gcc/arm-none-eabi/7.1.0/../../../../arm-none-eabi/lib/thumb\libstdc++.a(eh_exception.o)
                0x020041e8                std::bad_exception::what() const
                0x020041e8                transaction clone for std::bad_exception::what() const
 .text._ZNSt13bad_exceptionD0Ev
                0x020041f0       0x14 e:/programs/_production/devkitpro/devkitarm/bin/../lib/gcc/arm-none-eabi/7.1.0/../../../../arm-none-eabi/lib/thumb\libstdc++.a(eh_exception.o)
                0x020041f0                std::bad_exception::~bad_exception()
 .text._ZN10__cxxabiv120__si_class_type_infoD2Ev
                0x02004204       0x1c e:/programs/_production/devkitpro/devkitarm/bin/../lib/gcc/arm-none-eabi/7.1.0/../../../../arm-none-eabi/lib/thumb\libstdc++.a(si_class_type_info.o)
                0x02004204                __cxxabiv1::__si_class_type_info::~__si_class_type_info()
                0x02004204                __cxxabiv1::__si_class_type_info::~__si_class_type_info()
 .text._ZN10__cxxabiv120__si_class_type_infoD0Ev
                0x02004220       0x24 e:/programs/_production/devkitpro/devkitarm/bin/../lib/gcc/arm-none-eabi/7.1.0/../../../../arm-none-eabi/lib/thumb\libstdc++.a(si_class_type_info.o)
                0x02004220                __cxxabiv1::__si_class_type_info::~__si_class_type_info()
 .text._ZNK10__cxxabiv120__si_class_type_info20__do_find_public_srcEiPKvPKNS_17__class_type_infoES2_
                0x02004244       0x40 e:/programs/_production/devkitpro/devkitarm/bin/../lib/gcc/arm-none-eabi/7.1.0/../../../../arm-none-eabi/lib/thumb\libstdc++.a(si_class_type_info.o)
                0x02004244                __cxxabiv1::__si_class_type_info::__do_find_public_src(int, void const*, __cxxabiv1::__class_type_info const*, void const*) const
 .text._ZNK10__cxxabiv120__si_class_type_info12__do_dyncastEiNS_17__class_type_info10__sub_kindEPKS1_PKvS4_S6_RNS1_16__dyncast_resultE
                0x02004284       0x9c e:/programs/_production/devkitpro/devkitarm/bin/../lib/gcc/arm-none-eabi/7.1.0/../../../../arm-none-eabi/lib/thumb\libstdc++.a(si_class_type_info.o)
                0x02004284                __cxxabiv1::__si_class_type_info::__do_dyncast(int, __cxxabiv1::__class_type_info::__sub_kind, __cxxabiv1::__class_type_info const*, void const*, __cxxabiv1::__class_type_info const*, void const*, __cxxabiv1::__class_type_info::__dyncast_result&) const
 .text._ZNK10__cxxabiv120__si_class_type_info11__do_upcastEPKNS_17__class_type_infoEPKvRNS1_15__upcast_resultE
                0x02004320       0x2c e:/programs/_production/devkitpro/devkitarm/bin/../lib/gcc/arm-none-eabi/7.1.0/../../../../arm-none-eabi/lib/thumb\libstdc++.a(si_class_type_info.o)
                0x02004320                __cxxabiv1::__si_class_type_info::__do_upcast(__cxxabiv1::__class_type_info const*, void const*, __cxxabiv1::__class_type_info::__upcast_result&) const
 .text._ZN10__cxxabiv1L24__is_gxx_exception_classEPc
                0x0200434c       0x3c e:/programs/_production/devkitpro/devkitarm/bin/../lib/gcc/arm-none-eabi/7.1.0/../../../../arm-none-eabi/lib/thumb\libstdc++.a(eh_call.o)
 .text.__cxa_call_terminate
                0x02004388       0x20 e:/programs/_production/devkitpro/devkitarm/bin/../lib/gcc/arm-none-eabi/7.1.0/../../../../arm-none-eabi/lib/thumb\libstdc++.a(eh_call.o)
                0x02004388                __cxa_call_terminate
 .text.__cxa_call_unexpected
                0x020043a8       0xf8 e:/programs/_production/devkitpro/devkitarm/bin/../lib/gcc/arm-none-eabi/7.1.0/../../../../arm-none-eabi/lib/thumb\libstdc++.a(eh_call.o)
                0x020043a8                __cxa_call_unexpected
 .text.__cxa_get_globals_fast
                0x020044a0        0x8 e:/programs/_production/devkitpro/devkitarm/bin/../lib/gcc/arm-none-eabi/7.1.0/../../../../arm-none-eabi/lib/thumb\libstdc++.a(eh_globals.o)
                0x020044a0                __cxa_get_globals_fast
 .text.__cxa_get_globals
                0x020044a8        0x8 e:/programs/_production/devkitpro/devkitarm/bin/../lib/gcc/arm-none-eabi/7.1.0/../../../../arm-none-eabi/lib/thumb\libstdc++.a(eh_globals.o)
                0x020044a8                __cxa_get_globals
 .text.__cxa_begin_catch
                0x020044b0       0x7c e:/programs/_production/devkitpro/devkitarm/bin/../lib/gcc/arm-none-eabi/7.1.0/../../../../arm-none-eabi/lib/thumb\libstdc++.a(eh_catch.o)
                0x020044b0                __cxa_begin_catch
 .text.__cxa_end_catch
                0x0200452c       0x90 e:/programs/_production/devkitpro/devkitarm/bin/../lib/gcc/arm-none-eabi/7.1.0/../../../../arm-none-eabi/lib/thumb\libstdc++.a(eh_catch.o)
                0x0200452c                __cxa_end_catch
 .text._ZNSt9type_infoD2Ev
                0x020045bc        0x4 e:/programs/_production/devkitpro/devkitarm/bin/../lib/gcc/arm-none-eabi/7.1.0/../../../../arm-none-eabi/lib/thumb\libstdc++.a(tinfo.o)
                0x020045bc                std::type_info::~type_info()
                0x020045bc                std::type_info::~type_info()
 .text._ZNKSt9type_info14__is_pointer_pEv
                0x020045c0        0x4 e:/programs/_production/devkitpro/devkitarm/bin/../lib/gcc/arm-none-eabi/7.1.0/../../../../arm-none-eabi/lib/thumb\libstdc++.a(tinfo.o)
                0x020045c0                std::type_info::__is_pointer_p() const
                0x020045c0                std::type_info::__is_function_p() const
 .text._ZNKSt9type_infoeqERKS_
                0x020045c4       0x30 e:/programs/_production/devkitpro/devkitarm/bin/../lib/gcc/arm-none-eabi/7.1.0/../../../../arm-none-eabi/lib/thumb\libstdc++.a(tinfo.o)
                0x020045c4                std::type_info::operator==(std::type_info const&) const
 .text._ZL28read_encoded_value_with_basehjPKhPj
                0x020045f4      0x108 e:/programs/_production/devkitpro/devkitarm/bin/../lib/gcc/arm-none-eabi/7.1.0/../../../../arm-none-eabi/lib/thumb\libstdc++.a(eh_personality.o)
 .text._ZL21base_of_encoded_valuehP15_Unwind_Context.part.3
                0x020046fc       0x44 e:/programs/_production/devkitpro/devkitarm/bin/../lib/gcc/arm-none-eabi/7.1.0/../../../../arm-none-eabi/lib/thumb\libstdc++.a(eh_personality.o)
 .text._ZL17parse_lsda_headerP15_Unwind_ContextPKhP16lsda_header_info
                0x02004740       0xa0 e:/programs/_production/devkitpro/devkitarm/bin/../lib/gcc/arm-none-eabi/7.1.0/../../../../arm-none-eabi/lib/thumb\libstdc++.a(eh_personality.o)
 .text.__gxx_personality_v0
                0x020047e0      0x4b0 e:/programs/_production/devkitpro/devkitarm/bin/../lib/gcc/arm-none-eabi/7.1.0/../../../../arm-none-eabi/lib/thumb\libstdc++.a(eh_personality.o)
                0x020047e0                __gxx_personality_v0
 .text._ZNK10__cxxabiv117__class_type_info11__do_upcastEPKS0_PPv
                0x02004c90       0x40 e:/programs/_production/devkitpro/devkitarm/bin/../lib/gcc/arm-none-eabi/7.1.0/../../../../arm-none-eabi/lib/thumb\libstdc++.a(class_type_info.o)
                0x02004c90                __cxxabiv1::__class_type_info::__do_upcast(__cxxabiv1::__class_type_info const*, void**) const
 .text._ZNK10__cxxabiv117__class_type_info20__do_find_public_srcEiPKvPKS0_S2_
                0x02004cd0       0x14 e:/programs/_production/devkitpro/devkitarm/bin/../lib/gcc/arm-none-eabi/7.1.0/../../../../arm-none-eabi/lib/thumb\libstdc++.a(class_type_info.o)
                0x02004cd0                __cxxabiv1::__class_type_info::__do_find_public_src(int, void const*, __cxxabiv1::__class_type_info const*, void const*) const
 .text._ZN10__cxxabiv117__class_type_infoD2Ev
                0x02004ce4       0x1c e:/programs/_production/devkitpro/devkitarm/bin/../lib/gcc/arm-none-eabi/7.1.0/../../../../arm-none-eabi/lib/thumb\libstdc++.a(class_type_info.o)
                0x02004ce4                __cxxabiv1::__class_type_info::~__class_type_info()
                0x02004ce4                __cxxabiv1::__class_type_info::~__class_type_info()
 .text._ZN10__cxxabiv117__class_type_infoD0Ev
                0x02004d00       0x24 e:/programs/_production/devkitpro/devkitarm/bin/../lib/gcc/arm-none-eabi/7.1.0/../../../../arm-none-eabi/lib/thumb\libstdc++.a(class_type_info.o)
                0x02004d00                __cxxabiv1::__class_type_info::~__class_type_info()
 .text._ZNK10__cxxabiv117__class_type_info12__do_dyncastEiNS0_10__sub_kindEPKS0_PKvS3_S5_RNS0_16__dyncast_resultE
                0x02004d24       0x44 e:/programs/_production/devkitpro/devkitarm/bin/../lib/gcc/arm-none-eabi/7.1.0/../../../../arm-none-eabi/lib/thumb\libstdc++.a(class_type_info.o)
                0x02004d24                __cxxabiv1::__class_type_info::__do_dyncast(int, __cxxabiv1::__class_type_info::__sub_kind, __cxxabiv1::__class_type_info const*, void const*, __cxxabiv1::__class_type_info const*, void const*, __cxxabiv1::__class_type_info::__dyncast_result&) const
 .text._ZNK10__cxxabiv117__class_type_info11__do_upcastEPKS0_PKvRNS0_15__upcast_resultE
                0x02004d68       0x20 e:/programs/_production/devkitpro/devkitarm/bin/../lib/gcc/arm-none-eabi/7.1.0/../../../../arm-none-eabi/lib/thumb\libstdc++.a(class_type_info.o)
                0x02004d68                __cxxabiv1::__class_type_info::__do_upcast(__cxxabiv1::__class_type_info const*, void const*, __cxxabiv1::__class_type_info::__upcast_result&) const
 .text._ZNK10__cxxabiv117__class_type_info10__do_catchEPKSt9type_infoPPvj
                0x02004d88       0x30 e:/programs/_production/devkitpro/devkitarm/bin/../lib/gcc/arm-none-eabi/7.1.0/../../../../arm-none-eabi/lib/thumb\libstdc++.a(class_type_info.o)
                0x02004d88                __cxxabiv1::__class_type_info::__do_catch(std::type_info const*, void**, unsigned int) const
 .text.selfrel_offset31
                0x02004db8       0x18 e:/programs/_production/devkitpro/devkitarm/bin/../lib/gcc/arm-none-eabi/7.1.0/thumb\libgcc.a(unwind-arm.o)
 .text.search_EIT_table
                0x02004dd0       0x78 e:/programs/_production/devkitpro/devkitarm/bin/../lib/gcc/arm-none-eabi/7.1.0/thumb\libgcc.a(unwind-arm.o)
 .text.__gnu_unwind_get_pr_addr
                0x02004e48       0x28 e:/programs/_production/devkitpro/devkitarm/bin/../lib/gcc/arm-none-eabi/7.1.0/thumb\libgcc.a(unwind-arm.o)
 .text.get_eit_entry
                0x02004e70       0xa0 e:/programs/_production/devkitpro/devkitarm/bin/../lib/gcc/arm-none-eabi/7.1.0/thumb\libgcc.a(unwind-arm.o)
 .text.restore_non_core_regs
                0x02004f10       0x58 e:/programs/_production/devkitpro/devkitarm/bin/../lib/gcc/arm-none-eabi/7.1.0/thumb\libgcc.a(unwind-arm.o)
 .text._Unwind_decode_typeinfo_ptr.isra.0
                0x02004f68        0xc e:/programs/_production/devkitpro/devkitarm/bin/../lib/gcc/arm-none-eabi/7.1.0/thumb\libgcc.a(unwind-arm.o)
 .text._Unwind_DebugHook
                0x02004f74        0x4 e:/programs/_production/devkitpro/devkitarm/bin/../lib/gcc/arm-none-eabi/7.1.0/thumb\libgcc.a(unwind-arm.o)
 .text.unwind_phase2
                0x02004f78       0x40 e:/programs/_production/devkitpro/devkitarm/bin/../lib/gcc/arm-none-eabi/7.1.0/thumb\libgcc.a(unwind-arm.o)
 .text.unwind_phase2_forced
                0x02004fb8       0xd8 e:/programs/_production/devkitpro/devkitarm/bin/../lib/gcc/arm-none-eabi/7.1.0/thumb\libgcc.a(unwind-arm.o)
 .text.__gnu_Unwind_RaiseException
                0x02005090       0x5c e:/programs/_production/devkitpro/devkitarm/bin/../lib/gcc/arm-none-eabi/7.1.0/thumb\libgcc.a(unwind-arm.o)
                0x02005090                __gnu_Unwind_RaiseException
 .text.__gnu_Unwind_ForcedUnwind
                0x020050ec       0x18 e:/programs/_production/devkitpro/devkitarm/bin/../lib/gcc/arm-none-eabi/7.1.0/thumb\libgcc.a(unwind-arm.o)
                0x020050ec                __gnu_Unwind_ForcedUnwind
 .text.__gnu_Unwind_Resume
                0x02005104       0x4c e:/programs/_production/devkitpro/devkitarm/bin/../lib/gcc/arm-none-eabi/7.1.0/thumb\libgcc.a(unwind-arm.o)
                0x02005104                __gnu_Unwind_Resume
 .text.__gnu_Unwind_Resume_or_Rethrow
                0x02005150       0x20 e:/programs/_production/devkitpro/devkitarm/bin/../lib/gcc/arm-none-eabi/7.1.0/thumb\libgcc.a(unwind-arm.o)
                0x02005150                __gnu_Unwind_Resume_or_Rethrow
 .text._Unwind_Complete
                0x02005170        0x4 e:/programs/_production/devkitpro/devkitarm/bin/../lib/gcc/arm-none-eabi/7.1.0/thumb\libgcc.a(unwind-arm.o)
                0x02005170                _Unwind_Complete
 .text._Unwind_DeleteException
                0x02005174       0x18 e:/programs/_production/devkitpro/devkitarm/bin/../lib/gcc/arm-none-eabi/7.1.0/thumb\libgcc.a(unwind-arm.o)
                0x02005174                _Unwind_DeleteException
 .text._Unwind_VRS_Get
                0x0200518c       0x34 e:/programs/_production/devkitpro/devkitarm/bin/../lib/gcc/arm-none-eabi/7.1.0/thumb\libgcc.a(unwind-arm.o)
                0x0200518c                _Unwind_VRS_Get
 .text._Unwind_GetGR
                0x020051c0       0x1c e:/programs/_production/devkitpro/devkitarm/bin/../lib/gcc/arm-none-eabi/7.1.0/thumb\libgcc.a(unwind-arm.o)
 .text._Unwind_VRS_Set
                0x020051dc       0x34 e:/programs/_production/devkitpro/devkitarm/bin/../lib/gcc/arm-none-eabi/7.1.0/thumb\libgcc.a(unwind-arm.o)
                0x020051dc                _Unwind_VRS_Set
 .text._Unwind_SetGR
                0x02005210       0x1c e:/programs/_production/devkitpro/devkitarm/bin/../lib/gcc/arm-none-eabi/7.1.0/thumb\libgcc.a(unwind-arm.o)
 .text.__gnu_Unwind_Backtrace
                0x0200522c       0x80 e:/programs/_production/devkitpro/devkitarm/bin/../lib/gcc/arm-none-eabi/7.1.0/thumb\libgcc.a(unwind-arm.o)
                0x0200522c                __gnu_Unwind_Backtrace
 .text.__gnu_unwind_pr_common
                0x020052ac      0x2f4 e:/programs/_production/devkitpro/devkitarm/bin/../lib/gcc/arm-none-eabi/7.1.0/thumb\libgcc.a(unwind-arm.o)
 .text.__aeabi_unwind_cpp_pr0
                0x020055a0       0x10 e:/programs/_production/devkitpro/devkitarm/bin/../lib/gcc/arm-none-eabi/7.1.0/thumb\libgcc.a(unwind-arm.o)
                0x020055a0                __aeabi_unwind_cpp_pr0
 .text.__aeabi_unwind_cpp_pr1
                0x020055b0       0x10 e:/programs/_production/devkitpro/devkitarm/bin/../lib/gcc/arm-none-eabi/7.1.0/thumb\libgcc.a(unwind-arm.o)
                0x020055b0                __aeabi_unwind_cpp_pr1
 .text.__aeabi_unwind_cpp_pr2
                0x020055c0       0x10 e:/programs/_production/devkitpro/devkitarm/bin/../lib/gcc/arm-none-eabi/7.1.0/thumb\libgcc.a(unwind-arm.o)
                0x020055c0                __aeabi_unwind_cpp_pr2
 .text._Unwind_VRS_Pop
                0x020055d0      0x2b0 e:/programs/_production/devkitpro/devkitarm/bin/../lib/gcc/arm-none-eabi/7.1.0/thumb\libgcc.a(unwind-arm.o)
                0x020055d0                _Unwind_VRS_Pop
 .text.next_unwind_byte
                0x02005880       0x34 e:/programs/_production/devkitpro/devkitarm/bin/../lib/gcc/arm-none-eabi/7.1.0/thumb\libgcc.a(pr-support.o)
 .text._Unwind_GetGR.constprop.0
                0x020058b4       0x1c e:/programs/_production/devkitpro/devkitarm/bin/../lib/gcc/arm-none-eabi/7.1.0/thumb\libgcc.a(pr-support.o)
 .text.unwind_UCB_from_context
                0x020058d0        0xc e:/programs/_production/devkitpro/devkitarm/bin/../lib/gcc/arm-none-eabi/7.1.0/thumb\libgcc.a(pr-support.o)
 .text.__gnu_unwind_execute
                0x020058dc      0x2f0 e:/programs/_production/devkitpro/devkitarm/bin/../lib/gcc/arm-none-eabi/7.1.0/thumb\libgcc.a(pr-support.o)
                0x020058dc                __gnu_unwind_execute
 .text.__gnu_unwind_frame
                0x02005bcc       0x2c e:/programs/_production/devkitpro/devkitarm/bin/../lib/gcc/arm-none-eabi/7.1.0/thumb\libgcc.a(pr-support.o)
                0x02005bcc                __gnu_unwind_frame
 .text._Unwind_GetRegionStart
                0x02005bf8       0x10 e:/programs/_production/devkitpro/devkitarm/bin/../lib/gcc/arm-none-eabi/7.1.0/thumb\libgcc.a(pr-support.o)
                0x02005bf8                _Unwind_GetRegionStart
 .text._Unwind_GetLanguageSpecificData
                0x02005c08       0x18 e:/programs/_production/devkitpro/devkitarm/bin/../lib/gcc/arm-none-eabi/7.1.0/thumb\libgcc.a(pr-support.o)
                0x02005c08                _Unwind_GetLanguageSpecificData
 .text._Unwind_GetDataRelBase
                0x02005c20        0x8 e:/programs/_production/devkitpro/devkitarm/bin/../lib/gcc/arm-none-eabi/7.1.0/thumb\libgcc.a(pr-support.o)
                0x02005c20                _Unwind_GetDataRelBase
 .text._Unwind_GetTextRelBase
                0x02005c28        0x8 e:/programs/_production/devkitpro/devkitarm/bin/../lib/gcc/arm-none-eabi/7.1.0/thumb\libgcc.a(pr-support.o)
                0x02005c28                _Unwind_GetTextRelBase
 .text.abort    0x02005c30       0x10 e:/programs/_production/devkitpro/devkitarm/bin/../lib/gcc/arm-none-eabi/7.1.0/../../../../arm-none-eabi/lib/thumb\libg.a(lib_a-abort.o)
                0x02005c30                abort
 .text.__libc_init_array
                0x02005c40       0x54 e:/programs/_production/devkitpro/devkitarm/bin/../lib/gcc/arm-none-eabi/7.1.0/../../../../arm-none-eabi/lib/thumb\libg.a(lib_a-init.o)
                0x02005c40                __libc_init_array
 .text.iprintf  0x02005c94       0x24 e:/programs/_production/devkitpro/devkitarm/bin/../lib/gcc/arm-none-eabi/7.1.0/../../../../arm-none-eabi/lib/thumb\libg.a(lib_a-iprintf.o)
                0x02005c94                iprintf
 .text.malloc   0x02005cb8       0x14 e:/programs/_production/devkitpro/devkitarm/bin/../lib/gcc/arm-none-eabi/7.1.0/../../../../arm-none-eabi/lib/thumb\libg.a(lib_a-malloc.o)
                0x02005cb8                malloc
 .text.free     0x02005ccc       0x14 e:/programs/_production/devkitpro/devkitarm/bin/../lib/gcc/arm-none-eabi/7.1.0/../../../../arm-none-eabi/lib/thumb\libg.a(lib_a-malloc.o)
                0x02005ccc                free
 .text._malloc_r
                0x02005ce0      0x56c e:/programs/_production/devkitpro/devkitarm/bin/../lib/gcc/arm-none-eabi/7.1.0/../../../../arm-none-eabi/lib/thumb\libg.a(lib_a-mallocr.o)
                0x02005ce0                _malloc_r
 .text.memcpy   0x0200624c       0x8c e:/programs/_production/devkitpro/devkitarm/bin/../lib/gcc/arm-none-eabi/7.1.0/../../../../arm-none-eabi/lib/thumb\libg.a(lib_a-memcpy-stub.o)
                0x0200624c                memcpy
 .text.memset   0x020062d8       0xa4 e:/programs/_production/devkitpro/devkitarm/bin/../lib/gcc/arm-none-eabi/7.1.0/../../../../arm-none-eabi/lib/thumb\libg.a(lib_a-memset.o)
                0x020062d8                memset
 .text.__malloc_lock
                0x0200637c       0x14 e:/programs/_production/devkitpro/devkitarm/bin/../lib/gcc/arm-none-eabi/7.1.0/../../../../arm-none-eabi/lib/thumb\libg.a(lib_a-mlock.o)
                0x0200637c                __malloc_lock
 .text.__malloc_unlock
                0x02006390       0x14 e:/programs/_production/devkitpro/devkitarm/bin/../lib/gcc/arm-none-eabi/7.1.0/../../../../arm-none-eabi/lib/thumb\libg.a(lib_a-mlock.o)
                0x02006390                __malloc_unlock
 .text.setvbuf  0x020063a4      0x194 e:/programs/_production/devkitpro/devkitarm/bin/../lib/gcc/arm-none-eabi/7.1.0/../../../../arm-none-eabi/lib/thumb\libg.a(lib_a-setvbuf.o)
                0x020063a4                setvbuf
 .text._raise_r
                0x02006538       0x64 e:/programs/_production/devkitpro/devkitarm/bin/../lib/gcc/arm-none-eabi/7.1.0/../../../../arm-none-eabi/lib/thumb\libg.a(lib_a-signal.o)
                0x02006538                _raise_r
 .text.raise    0x0200659c       0x14 e:/programs/_production/devkitpro/devkitarm/bin/../lib/gcc/arm-none-eabi/7.1.0/../../../../arm-none-eabi/lib/thumb\libg.a(lib_a-signal.o)
                0x0200659c                raise
 .text.siscanf  0x020065b0       0x4c e:/programs/_production/devkitpro/devkitarm/bin/../lib/gcc/arm-none-eabi/7.1.0/../../../../arm-none-eabi/lib/thumb\libg.a(lib_a-siscanf.o)
                0x020065b0                siscanf
 .text.__sread  0x020065fc       0x34 e:/programs/_production/devkitpro/devkitarm/bin/../lib/gcc/arm-none-eabi/7.1.0/../../../../arm-none-eabi/lib/thumb\libg.a(lib_a-stdio.o)
                0x020065fc                __sread
 .text.__seofread
                0x02006630        0x4 e:/programs/_production/devkitpro/devkitarm/bin/../lib/gcc/arm-none-eabi/7.1.0/../../../../arm-none-eabi/lib/thumb\libg.a(lib_a-stdio.o)
                0x02006630                __seofread
 .text.__swrite
                0x02006634       0x48 e:/programs/_production/devkitpro/devkitarm/bin/../lib/gcc/arm-none-eabi/7.1.0/../../../../arm-none-eabi/lib/thumb\libg.a(lib_a-stdio.o)
                0x02006634                __swrite
 .text.__sseek  0x0200667c       0x40 e:/programs/_production/devkitpro/devkitarm/bin/../lib/gcc/arm-none-eabi/7.1.0/../../../../arm-none-eabi/lib/thumb\libg.a(lib_a-stdio.o)
                0x0200667c                __sseek
 .text.__sclose
                0x020066bc       0x10 e:/programs/_production/devkitpro/devkitarm/bin/../lib/gcc/arm-none-eabi/7.1.0/../../../../arm-none-eabi/lib/thumb\libg.a(lib_a-stdio.o)
                0x020066bc                __sclose
 .text.strlen   0x020066cc       0x68 e:/programs/_production/devkitpro/devkitarm/bin/../lib/gcc/arm-none-eabi/7.1.0/../../../../arm-none-eabi/lib/thumb\libg.a(lib_a-strlen-stub.o)
                0x020066cc                strlen
 .text._sungetc_r
                0x02006734       0x88 e:/programs/_production/devkitpro/devkitarm/bin/../lib/gcc/arm-none-eabi/7.1.0/../../../../arm-none-eabi/lib/thumb\libg.a(lib_a-svfiscanf.o)
                0x02006734                _sungetc_r
 .text.__ssrefill_r
                0x020067bc       0x44 e:/programs/_production/devkitpro/devkitarm/bin/../lib/gcc/arm-none-eabi/7.1.0/../../../../arm-none-eabi/lib/thumb\libg.a(lib_a-svfiscanf.o)
                0x020067bc                __ssrefill_r
 .text._sfread_r
                0x02006800       0x90 e:/programs/_production/devkitpro/devkitarm/bin/../lib/gcc/arm-none-eabi/7.1.0/../../../../arm-none-eabi/lib/thumb\libg.a(lib_a-svfiscanf.o)
                0x02006800                _sfread_r
 .text.__ssvfiscanf_r
                0x02006890     0x1344 e:/programs/_production/devkitpro/devkitarm/bin/../lib/gcc/arm-none-eabi/7.1.0/../../../../arm-none-eabi/lib/thumb\libg.a(lib_a-svfiscanf.o)
                0x02006890                __ssvfiscanf_r
 .text.__submore
                0x02007bd4       0x88 e:/programs/_production/devkitpro/devkitarm/bin/../lib/gcc/arm-none-eabi/7.1.0/../../../../arm-none-eabi/lib/thumb\libg.a(lib_a-ungetc.o)
                0x02007bd4                __submore
 .text.get_arg  0x02007c5c     0x3b24 e:/programs/_production/devkitpro/devkitarm/bin/../lib/gcc/arm-none-eabi/7.1.0/../../../../arm-none-eabi/lib/thumb\libg.a(lib_a-vfiprintf.o)
 .text.__sprint_r.part.0
                0x0200b780       0x14 e:/programs/_production/devkitpro/devkitarm/bin/../lib/gcc/arm-none-eabi/7.1.0/../../../../arm-none-eabi/lib/thumb\libg.a(lib_a-vfiprintf.o)
 .text._vfiprintf_r
                0x0200b794     0x1c48 e:/programs/_production/devkitpro/devkitarm/bin/../lib/gcc/arm-none-eabi/7.1.0/../../../../arm-none-eabi/lib/thumb\libg.a(lib_a-vfiprintf.o)
                0x0200b794                _vfiprintf_r
 .text.__sbprintf
                0x0200d3dc       0x8c e:/programs/_production/devkitpro/devkitarm/bin/../lib/gcc/arm-none-eabi/7.1.0/../../../../arm-none-eabi/lib/thumb\libg.a(lib_a-vfiprintf.o)
 .text._wcrtomb_r
                0x0200d468       0x84 e:/programs/_production/devkitpro/devkitarm/bin/../lib/gcc/arm-none-eabi/7.1.0/../../../../arm-none-eabi/lib/thumb\libg.a(lib_a-wcrtomb.o)
                0x0200d468                _wcrtomb_r
 .text._wcsrtombs_r
                0x0200d4ec       0x1c e:/programs/_production/devkitpro/devkitarm/bin/../lib/gcc/arm-none-eabi/7.1.0/../../../../arm-none-eabi/lib/thumb\libg.a(lib_a-wcsrtombs.o)
                0x0200d4ec                _wcsrtombs_r
 .text.__swsetup_r
                0x0200d508       0xd8 e:/programs/_production/devkitpro/devkitarm/bin/../lib/gcc/arm-none-eabi/7.1.0/../../../../arm-none-eabi/lib/thumb\libg.a(lib_a-wsetup.o)
                0x0200d508                __swsetup_r
 .text.__sflush_r
                0x0200d5e0      0x19c e:/programs/_production/devkitpro/devkitarm/bin/../lib/gcc/arm-none-eabi/7.1.0/../../../../arm-none-eabi/lib/thumb\libg.a(lib_a-fflush.o)
                0x0200d5e0                __sflush_r
 .text._fflush_r
                0x0200d77c       0x58 e:/programs/_production/devkitpro/devkitarm/bin/../lib/gcc/arm-none-eabi/7.1.0/../../../../arm-none-eabi/lib/thumb\libg.a(lib_a-fflush.o)
                0x0200d77c                _fflush_r
 .text._cleanup_r
                0x0200d7d4       0x14 e:/programs/_production/devkitpro/devkitarm/bin/../lib/gcc/arm-none-eabi/7.1.0/../../../../arm-none-eabi/lib/thumb\libg.a(lib_a-findfp.o)
                0x0200d7d4                _cleanup_r
 .text.std.isra.0
                0x0200d7e8       0x54 e:/programs/_production/devkitpro/devkitarm/bin/../lib/gcc/arm-none-eabi/7.1.0/../../../../arm-none-eabi/lib/thumb\libg.a(lib_a-findfp.o)
 .text.__sinit  0x0200d83c       0x64 e:/programs/_production/devkitpro/devkitarm/bin/../lib/gcc/arm-none-eabi/7.1.0/../../../../arm-none-eabi/lib/thumb\libg.a(lib_a-findfp.o)
                0x0200d83c                __sinit
 .text.__sfp_lock_acquire
                0x0200d8a0       0x14 e:/programs/_production/devkitpro/devkitarm/bin/../lib/gcc/arm-none-eabi/7.1.0/../../../../arm-none-eabi/lib/thumb\libg.a(lib_a-findfp.o)
                0x0200d8a0                __sfp_lock_acquire
 .text.__sfp_lock_release
                0x0200d8b4       0x14 e:/programs/_production/devkitpro/devkitarm/bin/../lib/gcc/arm-none-eabi/7.1.0/../../../../arm-none-eabi/lib/thumb\libg.a(lib_a-findfp.o)
                0x0200d8b4                __sfp_lock_release
 .text._malloc_trim_r
                0x0200d8c8       0xa4 e:/programs/_production/devkitpro/devkitarm/bin/../lib/gcc/arm-none-eabi/7.1.0/../../../../arm-none-eabi/lib/thumb\libg.a(lib_a-freer.o)
                0x0200d8c8                _malloc_trim_r
 .text._free_r  0x0200d96c      0x1d8 e:/programs/_production/devkitpro/devkitarm/bin/../lib/gcc/arm-none-eabi/7.1.0/../../../../arm-none-eabi/lib/thumb\libg.a(lib_a-freer.o)
                0x0200d96c                _free_r
 .text.__sfvwrite_r
                0x0200db44      0x328 e:/programs/_production/devkitpro/devkitarm/bin/../lib/gcc/arm-none-eabi/7.1.0/../../../../arm-none-eabi/lib/thumb\libg.a(lib_a-fvwrite.o)
                0x0200db44                __sfvwrite_r
 .text._fwalk_reent
                0x0200de6c       0x54 e:/programs/_production/devkitpro/devkitarm/bin/../lib/gcc/arm-none-eabi/7.1.0/../../../../arm-none-eabi/lib/thumb\libg.a(lib_a-fwalk.o)
                0x0200de6c                _fwalk_reent
 .text.iswspace
                0x0200dec0       0x78 e:/programs/_production/devkitpro/devkitarm/bin/../lib/gcc/arm-none-eabi/7.1.0/../../../../arm-none-eabi/lib/thumb\libg.a(lib_a-iswspace.o)
                0x0200dec0                iswspace
 .text.__jp2uc  0x0200df38      0x1a0 e:/programs/_production/devkitpro/devkitarm/bin/../lib/gcc/arm-none-eabi/7.1.0/../../../../arm-none-eabi/lib/thumb\libg.a(lib_a-jp2uc.o)
 .text._jp2uc   0x0200e0d8       0x8c e:/programs/_production/devkitpro/devkitarm/bin/../lib/gcc/arm-none-eabi/7.1.0/../../../../arm-none-eabi/lib/thumb\libg.a(lib_a-jp2uc.o)
                0x0200e0d8                _jp2uc
 .text._localeconv_r
                0x0200e164       0x1c e:/programs/_production/devkitpro/devkitarm/bin/../lib/gcc/arm-none-eabi/7.1.0/../../../../arm-none-eabi/lib/thumb\libg.a(lib_a-localeconv.o)
                0x0200e164                _localeconv_r
 .text.__locale_mb_cur_max
                0x0200e180       0x20 e:/programs/_production/devkitpro/devkitarm/bin/../lib/gcc/arm-none-eabi/7.1.0/../../../../arm-none-eabi/lib/thumb\libg.a(lib_a-locale.o)
                0x0200e180                __locale_mb_cur_max
 .text.__locale_ctype_ptr_l
                0x0200e1a0        0x8 e:/programs/_production/devkitpro/devkitarm/bin/../lib/gcc/arm-none-eabi/7.1.0/../../../../arm-none-eabi/lib/thumb\libg.a(lib_a-locale.o)
                0x0200e1a0                __locale_ctype_ptr_l
 .text.__locale_ctype_ptr
                0x0200e1a8       0x1c e:/programs/_production/devkitpro/devkitarm/bin/../lib/gcc/arm-none-eabi/7.1.0/../../../../arm-none-eabi/lib/thumb\libg.a(lib_a-locale.o)
                0x0200e1a8                __locale_ctype_ptr
 .text.__swhatbuf_r
                0x0200e1c4       0x64 e:/programs/_production/devkitpro/devkitarm/bin/../lib/gcc/arm-none-eabi/7.1.0/../../../../arm-none-eabi/lib/thumb\libg.a(lib_a-makebuf.o)
                0x0200e1c4                __swhatbuf_r
 .text.__smakebuf_r
                0x0200e228       0x98 e:/programs/_production/devkitpro/devkitarm/bin/../lib/gcc/arm-none-eabi/7.1.0/../../../../arm-none-eabi/lib/thumb\libg.a(lib_a-makebuf.o)
                0x0200e228                __smakebuf_r
 .text._mbrtowc_r
                0x0200e2c0       0x94 e:/programs/_production/devkitpro/devkitarm/bin/../lib/gcc/arm-none-eabi/7.1.0/../../../../arm-none-eabi/lib/thumb\libg.a(lib_a-mbrtowc.o)
                0x0200e2c0                _mbrtowc_r
 .text.__utf8_mbtowc
                0x0200e354      0x28c e:/programs/_production/devkitpro/devkitarm/bin/../lib/gcc/arm-none-eabi/7.1.0/../../../../arm-none-eabi/lib/thumb\libg.a(lib_a-mbtowc_r.o)
                0x0200e354                __utf8_mbtowc
 .text.memchr   0x0200e5e0       0x84 e:/programs/_production/devkitpro/devkitarm/bin/../lib/gcc/arm-none-eabi/7.1.0/../../../../arm-none-eabi/lib/thumb\libg.a(lib_a-memchr-stub.o)
                0x0200e5e0                memchr
 .text.memmove  0x0200e664       0xa0 e:/programs/_production/devkitpro/devkitarm/bin/../lib/gcc/arm-none-eabi/7.1.0/../../../../arm-none-eabi/lib/thumb\libg.a(lib_a-memmove.o)
                0x0200e664                memmove
 .text._realloc_r
                0x0200e704      0x3c4 e:/programs/_production/devkitpro/devkitarm/bin/../lib/gcc/arm-none-eabi/7.1.0/../../../../arm-none-eabi/lib/thumb\libg.a(lib_a-reallocr.o)
                0x0200e704                _realloc_r
 .text.__sccl   0x0200eac8       0x7c e:/programs/_production/devkitpro/devkitarm/bin/../lib/gcc/arm-none-eabi/7.1.0/../../../../arm-none-eabi/lib/thumb\libg.a(lib_a-sccl.o)
                0x0200eac8                __sccl
 .text.strncpy  0x0200eb44       0x90 e:/programs/_production/devkitpro/devkitarm/bin/../lib/gcc/arm-none-eabi/7.1.0/../../../../arm-none-eabi/lib/thumb\libg.a(lib_a-strncpy.o)
                0x0200eb44                strncpy
 .text._strtoll_l.isra.0
                0x0200ebd4      0x1bc e:/programs/_production/devkitpro/devkitarm/bin/../lib/gcc/arm-none-eabi/7.1.0/../../../../arm-none-eabi/lib/thumb\libg.a(lib_a-strtoll.o)
 .text._strtoll_r
                0x0200ed90       0x34 e:/programs/_production/devkitpro/devkitarm/bin/../lib/gcc/arm-none-eabi/7.1.0/../../../../arm-none-eabi/lib/thumb\libg.a(lib_a-strtoll.o)
                0x0200ed90                _strtoll_r
 .text._strtol_l.isra.0
                0x0200edc4      0x140 e:/programs/_production/devkitpro/devkitarm/bin/../lib/gcc/arm-none-eabi/7.1.0/../../../../arm-none-eabi/lib/thumb\libg.a(lib_a-strtol.o)
 .text._strtol_r
                0x0200ef04       0x34 e:/programs/_production/devkitpro/devkitarm/bin/../lib/gcc/arm-none-eabi/7.1.0/../../../../arm-none-eabi/lib/thumb\libg.a(lib_a-strtol.o)
                0x0200ef04                _strtol_r
 .text._strtoull_l.isra.0
                0x0200ef38      0x1c8 e:/programs/_production/devkitpro/devkitarm/bin/../lib/gcc/arm-none-eabi/7.1.0/../../../../arm-none-eabi/lib/thumb\libg.a(lib_a-strtoull.o)
 .text._strtoull_r
                0x0200f100       0x34 e:/programs/_production/devkitpro/devkitarm/bin/../lib/gcc/arm-none-eabi/7.1.0/../../../../arm-none-eabi/lib/thumb\libg.a(lib_a-strtoull.o)
                0x0200f100                _strtoull_r
 .text._strtoul_l.isra.0
                0x0200f134      0x14c e:/programs/_production/devkitpro/devkitarm/bin/../lib/gcc/arm-none-eabi/7.1.0/../../../../arm-none-eabi/lib/thumb\libg.a(lib_a-strtoul.o)
 .text._strtoul_r
                0x0200f280       0x34 e:/programs/_production/devkitpro/devkitarm/bin/../lib/gcc/arm-none-eabi/7.1.0/../../../../arm-none-eabi/lib/thumb\libg.a(lib_a-strtoul.o)
                0x0200f280                _strtoul_r
 .text._wcsnrtombs_l
                0x0200f2b4      0x110 e:/programs/_production/devkitpro/devkitarm/bin/../lib/gcc/arm-none-eabi/7.1.0/../../../../arm-none-eabi/lib/thumb\libg.a(lib_a-wcsnrtombs.o)
                0x0200f2b4                _wcsnrtombs_l
 .text._wcsnrtombs_r
                0x0200f3c4       0x40 e:/programs/_production/devkitpro/devkitarm/bin/../lib/gcc/arm-none-eabi/7.1.0/../../../../arm-none-eabi/lib/thumb\libg.a(lib_a-wcsnrtombs.o)
                0x0200f3c4                _wcsnrtombs_r
 .text.__utf8_wctomb
                0x0200f404       0xbc e:/programs/_production/devkitpro/devkitarm/bin/../lib/gcc/arm-none-eabi/7.1.0/../../../../arm-none-eabi/lib/thumb\libg.a(lib_a-wctomb_r.o)
                0x0200f404                __utf8_wctomb
 .text._fclose_r
                0x0200f4c0       0xe0 e:/programs/_production/devkitpro/devkitarm/bin/../lib/gcc/arm-none-eabi/7.1.0/../../../../arm-none-eabi/lib/thumb\libg.a(lib_a-fclose.o)
                0x0200f4c0                _fclose_r
 .text.null_write
                0x0200f5a0        0x4 e:/programs/_production/devkitpro/devkitarm/bin/../lib/gcc/arm-none-eabi/7.1.0/../../../../arm-none-eabi/lib/thumb\libsysbase.a(iosupport.o)
 .text._close_r
                0x0200f5a4       0x5c e:/programs/_production/devkitpro/devkitarm/bin/../lib/gcc/arm-none-eabi/7.1.0/../../../../arm-none-eabi/lib/thumb\libsysbase.a(close.o)
                0x0200f5a4                _close_r
 .text._fstat_r
                0x0200f600       0x4c e:/programs/_production/devkitpro/devkitarm/bin/../lib/gcc/arm-none-eabi/7.1.0/../../../../arm-none-eabi/lib/thumb\libsysbase.a(fstat.o)
                0x0200f600                _fstat_r
 .text._getpid_r
                0x0200f64c        0xc e:/programs/_production/devkitpro/devkitarm/bin/../lib/gcc/arm-none-eabi/7.1.0/../../../../arm-none-eabi/lib/thumb\libsysbase.a(getpid.o)
                0x0200f64c                _getpid_r
 .text._isatty_r
                0x0200f658        0x4 e:/programs/_production/devkitpro/devkitarm/bin/../lib/gcc/arm-none-eabi/7.1.0/../../../../arm-none-eabi/lib/thumb\libsysbase.a(isatty.o)
                0x0200f658                _isatty_r
 .text._kill_r  0x0200f65c        0xc e:/programs/_production/devkitpro/devkitarm/bin/../lib/gcc/arm-none-eabi/7.1.0/../../../../arm-none-eabi/lib/thumb\libsysbase.a(kill.o)
                0x0200f65c                _kill_r
 .text._lseek_r
                0x0200f668       0x5c e:/programs/_production/devkitpro/devkitarm/bin/../lib/gcc/arm-none-eabi/7.1.0/../../../../arm-none-eabi/lib/thumb\libsysbase.a(lseek.o)
                0x0200f668                _lseek_r
 .text._read_r  0x0200f6c4       0x50 e:/programs/_production/devkitpro/devkitarm/bin/../lib/gcc/arm-none-eabi/7.1.0/../../../../arm-none-eabi/lib/thumb\libsysbase.a(read.o)
                0x0200f6c4                _read_r
 .text._sbrk_r  0x0200f714       0x54 e:/programs/_production/devkitpro/devkitarm/bin/../lib/gcc/arm-none-eabi/7.1.0/../../../../arm-none-eabi/lib/thumb\libsysbase.a(sbrk.o)
                0x0200f714                _sbrk_r
 .text._write_r
                0x0200f768       0x50 e:/programs/_production/devkitpro/devkitarm/bin/../lib/gcc/arm-none-eabi/7.1.0/../../../../arm-none-eabi/lib/thumb\libsysbase.a(write.o)
                0x0200f768                _write_r
 .text._exit    0x0200f7b8       0x18 e:/programs/_production/devkitpro/devkitarm/bin/../lib/gcc/arm-none-eabi/7.1.0/../../../../arm-none-eabi/lib/thumb\libsysbase.a(_exit.o)
                0x0200f7b8                _exit
 .text.build_argv
                0x0200f7d0       0x4c e:/programs/_production/devkitpro/devkitarm/bin/../lib/gcc/arm-none-eabi/7.1.0/../../../../arm-none-eabi/lib/thumb\libsysbase.a(build_argv.o)
                0x0200f7d0                build_argv
 .text.__flockfile
                0x0200f81c       0x10 e:/programs/_production/devkitpro/devkitarm/bin/../lib/gcc/arm-none-eabi/7.1.0/../../../../arm-none-eabi/lib/thumb\libsysbase.a(flock.o)
                0x0200f81c                __flockfile
 .text.__funlockfile
                0x0200f82c       0x10 e:/programs/_production/devkitpro/devkitarm/bin/../lib/gcc/arm-none-eabi/7.1.0/../../../../arm-none-eabi/lib/thumb\libsysbase.a(flock.o)
                0x0200f82c                __funlockfile
 .text.__libc_lock_acquire
                0x0200f83c       0x1c e:/programs/_production/devkitpro/devkitarm/bin/../lib/gcc/arm-none-eabi/7.1.0/../../../../arm-none-eabi/lib/thumb\libsysbase.a(syscall_support.o)
                0x0200f83c                __libc_lock_acquire
 .text.__libc_lock_release
                0x0200f858       0x1c e:/programs/_production/devkitpro/devkitarm/bin/../lib/gcc/arm-none-eabi/7.1.0/../../../../arm-none-eabi/lib/thumb\libsysbase.a(syscall_support.o)
                0x0200f858                __libc_lock_release
 .text.__libc_lock_init_recursive
                0x0200f874       0x1c e:/programs/_production/devkitpro/devkitarm/bin/../lib/gcc/arm-none-eabi/7.1.0/../../../../arm-none-eabi/lib/thumb\libsysbase.a(syscall_support.o)
                0x0200f874                __libc_lock_init_recursive
 .text.__libc_lock_acquire_recursive
                0x0200f890       0x1c e:/programs/_production/devkitpro/devkitarm/bin/../lib/gcc/arm-none-eabi/7.1.0/../../../../arm-none-eabi/lib/thumb\libsysbase.a(syscall_support.o)
                0x0200f890                __libc_lock_acquire_recursive
 .text.__libc_lock_release_recursive
                0x0200f8ac       0x1c e:/programs/_production/devkitpro/devkitarm/bin/../lib/gcc/arm-none-eabi/7.1.0/../../../../arm-none-eabi/lib/thumb\libsysbase.a(syscall_support.o)
                0x0200f8ac                __libc_lock_release_recursive
 .text.__libc_lock_close_recursive
                0x0200f8c8       0x1c e:/programs/_production/devkitpro/devkitarm/bin/../lib/gcc/arm-none-eabi/7.1.0/../../../../arm-none-eabi/lib/thumb\libsysbase.a(syscall_support.o)
                0x0200f8c8                __libc_lock_close_recursive
 .text.__release_handle
                0x0200f8e4       0x6c e:/programs/_production/devkitpro/devkitarm/bin/../lib/gcc/arm-none-eabi/7.1.0/../../../../arm-none-eabi/lib/thumb\libsysbase.a(handle_manager.o)
                0x0200f8e4                __release_handle
 .text.__get_handle
                0x0200f950       0x1c e:/programs/_production/devkitpro/devkitarm/bin/../lib/gcc/arm-none-eabi/7.1.0/../../../../arm-none-eabi/lib/thumb\libsysbase.a(handle_manager.o)
                0x0200f950                __get_handle
 .text.__getreent
                0x0200f96c       0x28 e:/programs/_production/devkitpro/devkitarm/bin/../lib/gcc/arm-none-eabi/7.1.0/../../../../arm-none-eabi/lib/thumb\libsysbase.a(getreent.o)
                0x0200f96c                __getreent
 .text.__muldi3
                0x0200f994       0x60 e:/programs/_production/devkitpro/devkitarm/bin/../lib/gcc/arm-none-eabi/7.1.0/thumb\libgcc.a(_muldi3.o)
                0x0200f994                __muldi3
                0x0200f994                __aeabi_lmul
 .text.__udivmoddi4
                0x0200f9f4      0x188 e:/programs/_production/devkitpro/devkitarm/bin/../lib/gcc/arm-none-eabi/7.1.0/thumb\libgcc.a(_udivmoddi4.o)
                0x0200f9f4                __udivmoddi4
 *fill*         0x0200fb7c        0x4 ff
 .text.__udivmoddi4.__stub
                0x0200fb80      0x100 linker stubs
 *(EXCLUDE_FILE(*.twl*) .gnu.warning)
 *(EXCLUDE_FILE(*.twl*) .gnu.linkonce.t*)
 *(.glue_7)
 .glue_7        0x0200fc90        0x0 linker stubs
 *(.glue_7t)
 .glue_7t       0x0200fc90        0x0 linker stubs
                0x0200fc90                . = ALIGN (0x4)

.vfp11_veneer   0x0200fc90        0x0
 .vfp11_veneer  0x0200fc90        0x0 linker stubs

.v4_bx          0x0200fc90        0x0
 .v4_bx         0x0200fc90        0x0 linker stubs

.iplt           0x0200fc90        0x0
 .iplt          0x0200fc90        0x0 e:/programs/_production/devkitpro/devkitarm/bin/../lib/gcc/arm-none-eabi/7.1.0/../../../../arm-none-eabi/lib/thumb/ds_arm9_crt0.o

.fini           0x0200fc90        0xc
 *(.fini)
 .fini          0x0200fc90        0x4 e:/programs/_production/devkitpro/devkitarm/bin/../lib/gcc/arm-none-eabi/7.1.0/thumb/crti.o
                0x0200fc90                _fini
 .fini          0x0200fc94        0x8 e:/programs/_production/devkitpro/devkitarm/bin/../lib/gcc/arm-none-eabi/7.1.0/thumb/crtn.o
                0x0200fc9c                __text_end = .

.rodata         0x0200fc9c     0xb288
 *(EXCLUDE_FILE(*.twl*) .rodata)
 .rodata        0x0200fc9c     0x2004 e:/Programs/_Production/devkitPro/libnds/lib\libnds9.a(default_font.bin.o)
                0x0200fc9c                default_font_bin
                0x02011c9c                default_font_bin_size
                0x02011c9c                default_font_bin_end
 *all.rodata*(*)
 *(EXCLUDE_FILE(*.twl*) .roda)
 *(EXCLUDE_FILE(*.twl*) .rodata.*)
 .rodata.str1.4
                0x02011ca0       0xd4 main.o
 .rodata.con_write
                0x02011d74       0xd4 e:/Programs/_Production/devkitPro/libnds/lib\libnds9.a(console.o)
 .rodata.con_write.str1.4
                0x02011e48       0x30 e:/Programs/_Production/devkitPro/libnds/lib\libnds9.a(console.o)
 .rodata.consoleClear.str1.4
                0x02011e78        0x5 e:/Programs/_Production/devkitPro/libnds/lib\libnds9.a(console.o)
 *fill*         0x02011e7d        0x3 ff
 .rodata.dotab_stdout
                0x02011e80       0x68 e:/Programs/_Production/devkitPro/libnds/lib\libnds9.a(console.o)
 .rodata.str1.4
                0x02011ee8       0x14 e:/Programs/_Production/devkitPro/libnds/lib\libnds9.a(console.o)
 .rodata.SIN_LUT
                0x02011efc      0x102 e:/Programs/_Production/devkitPro/libnds/lib\libnds9.a(trig.o)
                0x02011efc                SIN_LUT
 *fill*         0x02011ffe        0x2 ff
 .rodata._ZNKSt9bad_alloc4whatEv.str1.4
                0x02012000        0xf e:/programs/_production/devkitpro/devkitarm/bin/../lib/gcc/arm-none-eabi/7.1.0/../../../../arm-none-eabi/lib/thumb\libstdc++.a(bad_alloc.o)
 *fill*         0x0201200f        0x1 ff
 .rodata._ZTISt9bad_alloc
                0x02012010        0xc e:/programs/_production/devkitpro/devkitarm/bin/../lib/gcc/arm-none-eabi/7.1.0/../../../../arm-none-eabi/lib/thumb\libstdc++.a(bad_alloc.o)
                0x02012010                typeinfo for std::bad_alloc
 .rodata._ZTSSt9bad_alloc
                0x0201201c        0xd e:/programs/_production/devkitpro/devkitarm/bin/../lib/gcc/arm-none-eabi/7.1.0/../../../../arm-none-eabi/lib/thumb\libstdc++.a(bad_alloc.o)
                0x0201201c                typeinfo name for std::bad_alloc
 *fill*         0x02012029        0x3 ff
 .rodata._ZTVSt9bad_alloc
                0x0201202c       0x14 e:/programs/_production/devkitpro/devkitarm/bin/../lib/gcc/arm-none-eabi/7.1.0/../../../../arm-none-eabi/lib/thumb\libstdc++.a(bad_alloc.o)
                0x0201202c                vtable for std::bad_alloc
 .rodata._ZNKSt13bad_exception4whatEv.str1.4
                0x02012040       0x13 e:/programs/_production/devkitpro/devkitarm/bin/../lib/gcc/arm-none-eabi/7.1.0/../../../../arm-none-eabi/lib/thumb\libstdc++.a(eh_exception.o)
 *fill*         0x02012053        0x1 ff
 .rodata._ZTIN10__cxxabiv115__forced_unwindE
                0x02012054        0x8 e:/programs/_production/devkitpro/devkitarm/bin/../lib/gcc/arm-none-eabi/7.1.0/../../../../arm-none-eabi/lib/thumb\libstdc++.a(eh_exception.o)
                0x02012054                typeinfo for __cxxabiv1::__forced_unwind
 .rodata._ZTIN10__cxxabiv119__foreign_exceptionE
                0x0201205c        0x8 e:/programs/_production/devkitpro/devkitarm/bin/../lib/gcc/arm-none-eabi/7.1.0/../../../../arm-none-eabi/lib/thumb\libstdc++.a(eh_exception.o)
                0x0201205c                typeinfo for __cxxabiv1::__foreign_exception
 .rodata._ZTISt13bad_exception
                0x02012064        0xc e:/programs/_production/devkitpro/devkitarm/bin/../lib/gcc/arm-none-eabi/7.1.0/../../../../arm-none-eabi/lib/thumb\libstdc++.a(eh_exception.o)
                0x02012064                typeinfo for std::bad_exception
 .rodata._ZTISt9exception
                0x02012070        0x8 e:/programs/_production/devkitpro/devkitarm/bin/../lib/gcc/arm-none-eabi/7.1.0/../../../../arm-none-eabi/lib/thumb\libstdc++.a(eh_exception.o)
                0x02012070                typeinfo for std::exception
 .rodata._ZTSN10__cxxabiv115__forced_unwindE
                0x02012078       0x20 e:/programs/_production/devkitpro/devkitarm/bin/../lib/gcc/arm-none-eabi/7.1.0/../../../../arm-none-eabi/lib/thumb\libstdc++.a(eh_exception.o)
                0x02012078                typeinfo name for __cxxabiv1::__forced_unwind
 .rodata._ZTSN10__cxxabiv119__foreign_exceptionE
                0x02012098       0x24 e:/programs/_production/devkitpro/devkitarm/bin/../lib/gcc/arm-none-eabi/7.1.0/../../../../arm-none-eabi/lib/thumb\libstdc++.a(eh_exception.o)
                0x02012098                typeinfo name for __cxxabiv1::__foreign_exception
 .rodata._ZTSSt13bad_exception
                0x020120bc       0x12 e:/programs/_production/devkitpro/devkitarm/bin/../lib/gcc/arm-none-eabi/7.1.0/../../../../arm-none-eabi/lib/thumb\libstdc++.a(eh_exception.o)
                0x020120bc                typeinfo name for std::bad_exception
 *fill*         0x020120ce        0x2 ff
 .rodata._ZTSSt9exception
                0x020120d0        0xd e:/programs/_production/devkitpro/devkitarm/bin/../lib/gcc/arm-none-eabi/7.1.0/../../../../arm-none-eabi/lib/thumb\libstdc++.a(eh_exception.o)
                0x020120d0                typeinfo name for std::exception
 *fill*         0x020120dd        0x3 ff
 .rodata._ZTVSt13bad_exception
                0x020120e0       0x14 e:/programs/_production/devkitpro/devkitarm/bin/../lib/gcc/arm-none-eabi/7.1.0/../../../../arm-none-eabi/lib/thumb\libstdc++.a(eh_exception.o)
                0x020120e0                vtable for std::bad_exception
 .rodata._ZTIN10__cxxabiv120__si_class_type_infoE
                0x020120f4        0xc e:/programs/_production/devkitpro/devkitarm/bin/../lib/gcc/arm-none-eabi/7.1.0/../../../../arm-none-eabi/lib/thumb\libstdc++.a(si_class_type_info.o)
                0x020120f4                typeinfo for __cxxabiv1::__si_class_type_info
 .rodata._ZTSN10__cxxabiv120__si_class_type_infoE
                0x02012100       0x25 e:/programs/_production/devkitpro/devkitarm/bin/../lib/gcc/arm-none-eabi/7.1.0/../../../../arm-none-eabi/lib/thumb\libstdc++.a(si_class_type_info.o)
                0x02012100                typeinfo name for __cxxabiv1::__si_class_type_info
 *fill*         0x02012125        0x3 ff
 .rodata._ZTVN10__cxxabiv120__si_class_type_infoE
                0x02012128       0x2c e:/programs/_production/devkitpro/devkitarm/bin/../lib/gcc/arm-none-eabi/7.1.0/../../../../arm-none-eabi/lib/thumb\libstdc++.a(si_class_type_info.o)
                0x02012128                vtable for __cxxabiv1::__si_class_type_info
 .rodata._ZTISt9type_info
                0x02012154        0x8 e:/programs/_production/devkitpro/devkitarm/bin/../lib/gcc/arm-none-eabi/7.1.0/../../../../arm-none-eabi/lib/thumb\libstdc++.a(tinfo.o)
                0x02012154                typeinfo for std::type_info
 .rodata._ZTSSt9type_info
                0x0201215c        0xd e:/programs/_production/devkitpro/devkitarm/bin/../lib/gcc/arm-none-eabi/7.1.0/../../../../arm-none-eabi/lib/thumb\libstdc++.a(tinfo.o)
                0x0201215c                typeinfo name for std::type_info
 *fill*         0x02012169        0x3 ff
 .rodata._ZL28read_encoded_value_with_basehjPKhPj
                0x0201216c       0x34 e:/programs/_production/devkitpro/devkitarm/bin/../lib/gcc/arm-none-eabi/7.1.0/../../../../arm-none-eabi/lib/thumb\libstdc++.a(eh_personality.o)
 .rodata._ZTIN10__cxxabiv117__class_type_infoE
                0x020121a0        0xc e:/programs/_production/devkitpro/devkitarm/bin/../lib/gcc/arm-none-eabi/7.1.0/../../../../arm-none-eabi/lib/thumb\libstdc++.a(class_type_info.o)
                0x020121a0                typeinfo for __cxxabiv1::__class_type_info
 .rodata._ZTSN10__cxxabiv117__class_type_infoE
                0x020121ac       0x22 e:/programs/_production/devkitpro/devkitarm/bin/../lib/gcc/arm-none-eabi/7.1.0/../../../../arm-none-eabi/lib/thumb\libstdc++.a(class_type_info.o)
                0x020121ac                typeinfo name for __cxxabiv1::__class_type_info
 *fill*         0x020121ce        0x2 ff
 .rodata._ZTVN10__cxxabiv117__class_type_infoE
                0x020121d0       0x2c e:/programs/_production/devkitpro/devkitarm/bin/../lib/gcc/arm-none-eabi/7.1.0/../../../../arm-none-eabi/lib/thumb\libstdc++.a(class_type_info.o)
                0x020121d0                vtable for __cxxabiv1::__class_type_info
 .rodata.__ssvfiscanf_r
                0x020121fc      0x324 e:/programs/_production/devkitpro/devkitarm/bin/../lib/gcc/arm-none-eabi/7.1.0/../../../../arm-none-eabi/lib/thumb\libg.a(lib_a-svfiscanf.o)
 .rodata.basefix.6821
                0x02012520       0x22 e:/programs/_production/devkitpro/devkitarm/bin/../lib/gcc/arm-none-eabi/7.1.0/../../../../arm-none-eabi/lib/thumb\libg.a(lib_a-svfiscanf.o)
 *fill*         0x02012542        0x2 ff
 .rodata.get_arg
                0x02012544     0x4f8c e:/programs/_production/devkitpro/devkitarm/bin/../lib/gcc/arm-none-eabi/7.1.0/../../../../arm-none-eabi/lib/thumb\libg.a(lib_a-vfiprintf.o)
 .rodata._vfiprintf_r
                0x020174d0      0x16c e:/programs/_production/devkitpro/devkitarm/bin/../lib/gcc/arm-none-eabi/7.1.0/../../../../arm-none-eabi/lib/thumb\libg.a(lib_a-vfiprintf.o)
 .rodata._vfiprintf_r.str1.4
                0x0201763c       0x2f e:/programs/_production/devkitpro/devkitarm/bin/../lib/gcc/arm-none-eabi/7.1.0/../../../../arm-none-eabi/lib/thumb\libg.a(lib_a-vfiprintf.o)
 *fill*         0x0201766b        0x1 ff
 .rodata.blanks.7270
                0x0201766c       0x10 e:/programs/_production/devkitpro/devkitarm/bin/../lib/gcc/arm-none-eabi/7.1.0/../../../../arm-none-eabi/lib/thumb\libg.a(lib_a-vfiprintf.o)
 .rodata.zeroes.7271
                0x0201767c       0x10 e:/programs/_production/devkitpro/devkitarm/bin/../lib/gcc/arm-none-eabi/7.1.0/../../../../arm-none-eabi/lib/thumb\libg.a(lib_a-vfiprintf.o)
 .rodata.__jp2uc
                0x0201768c       0x20 e:/programs/_production/devkitpro/devkitarm/bin/../lib/gcc/arm-none-eabi/7.1.0/../../../../arm-none-eabi/lib/thumb\libg.a(lib_a-jp2uc.o)
 .rodata._jp2uc.str1.4
                0x020176ac       0x12 e:/programs/_production/devkitpro/devkitarm/bin/../lib/gcc/arm-none-eabi/7.1.0/../../../../arm-none-eabi/lib/thumb\libg.a(lib_a-jp2uc.o)
 *fill*         0x020176be        0x2 ff
 .rodata.a1     0x020176c0       0xbc e:/programs/_production/devkitpro/devkitarm/bin/../lib/gcc/arm-none-eabi/7.1.0/../../../../arm-none-eabi/lib/thumb\libg.a(lib_a-jp2uc.o)
 .rodata.a2     0x0201777c       0xbc e:/programs/_production/devkitpro/devkitarm/bin/../lib/gcc/arm-none-eabi/7.1.0/../../../../arm-none-eabi/lib/thumb\libg.a(lib_a-jp2uc.o)
 .rodata.a3     0x02017838       0x5b e:/programs/_production/devkitpro/devkitarm/bin/../lib/gcc/arm-none-eabi/7.1.0/../../../../arm-none-eabi/lib/thumb\libg.a(lib_a-jp2uc.o)
 *fill*         0x02017893        0x1 ff
 .rodata.a6     0x02017894       0x70 e:/programs/_production/devkitpro/devkitarm/bin/../lib/gcc/arm-none-eabi/7.1.0/../../../../arm-none-eabi/lib/thumb\libg.a(lib_a-jp2uc.o)
 .rodata.a7     0x02017904       0xa2 e:/programs/_production/devkitpro/devkitarm/bin/../lib/gcc/arm-none-eabi/7.1.0/../../../../arm-none-eabi/lib/thumb\libg.a(lib_a-jp2uc.o)
 *fill*         0x020179a6        0x2 ff
 .rodata.a8     0x020179a8       0x40 e:/programs/_production/devkitpro/devkitarm/bin/../lib/gcc/arm-none-eabi/7.1.0/../../../../arm-none-eabi/lib/thumb\libg.a(lib_a-jp2uc.o)
 .rodata.b02cf  0x020179e8     0x172a e:/programs/_production/devkitpro/devkitarm/bin/../lib/gcc/arm-none-eabi/7.1.0/../../../../arm-none-eabi/lib/thumb\libg.a(lib_a-jp2uc.o)
 *fill*         0x02019112        0x2 ff
 .rodata.d02f4  0x02019114     0x1a7c e:/programs/_production/devkitpro/devkitarm/bin/../lib/gcc/arm-none-eabi/7.1.0/../../../../arm-none-eabi/lib/thumb\libg.a(lib_a-jp2uc.o)
 .rodata.str1.4
                0x0201ab90       0x48 e:/programs/_production/devkitpro/devkitarm/bin/../lib/gcc/arm-none-eabi/7.1.0/../../../../arm-none-eabi/lib/thumb\libg.a(lib_a-locale.o)
                                 0x4c (size before relaxing)
 .rodata._mbrtowc_r.str1.4
                0x0201abd8        0x1 e:/programs/_production/devkitpro/devkitarm/bin/../lib/gcc/arm-none-eabi/7.1.0/../../../../arm-none-eabi/lib/thumb\libg.a(lib_a-mbrtowc.o)
 .rodata.__action_table
                0x0201abd8       0x6c e:/programs/_production/devkitpro/devkitarm/bin/../lib/gcc/arm-none-eabi/7.1.0/../../../../arm-none-eabi/lib/thumb\libg.a(lib_a-svfiprintf.o)
                0x0201abd8                __action_table
 .rodata.__chclass
                0x0201ac44      0x100 e:/programs/_production/devkitpro/devkitarm/bin/../lib/gcc/arm-none-eabi/7.1.0/../../../../arm-none-eabi/lib/thumb\libg.a(lib_a-svfiprintf.o)
                0x0201ac44                __chclass
 .rodata.__state_table
                0x0201ad44       0x6c e:/programs/_production/devkitpro/devkitarm/bin/../lib/gcc/arm-none-eabi/7.1.0/../../../../arm-none-eabi/lib/thumb\libg.a(lib_a-svfiprintf.o)
                0x0201ad44                __state_table
 .rodata._ctype_
                0x0201adb0      0x101 e:/programs/_production/devkitpro/devkitarm/bin/../lib/gcc/arm-none-eabi/7.1.0/../../../../arm-none-eabi/lib/thumb\libg.a(lib_a-ctype_.o)
                0x0201adb0                _ctype_
 *fill*         0x0201aeb1        0x3 ff
 .rodata.AddDevice.str1.4
                0x0201aeb4        0x8 e:/programs/_production/devkitpro/devkitarm/bin/../lib/gcc/arm-none-eabi/7.1.0/../../../../arm-none-eabi/lib/thumb\libsysbase.a(iosupport.o)
 .rodata.dotab_stdnull
                0x0201aebc       0x68 e:/programs/_production/devkitpro/devkitarm/bin/../lib/gcc/arm-none-eabi/7.1.0/../../../../arm-none-eabi/lib/thumb\libsysbase.a(iosupport.o)
                0x0201aebc                dotab_stdnull
 *(EXCLUDE_FILE(*.twl*) .gnu.linkonce.r*)
                0x0201af24                . = ALIGN (0x4)

.ARM.extab      0x0201af24       0xa4
 *(.ARM.extab* .gnu.linkonce.armextab.*)
 .ARM.extab.text._ZN10__cxxabiv111__terminateEPFvvE
                0x0201af24       0x28 e:/programs/_production/devkitpro/devkitarm/bin/../lib/gcc/arm-none-eabi/7.1.0/../../../../arm-none-eabi/lib/thumb\libstdc++.a(eh_terminate.o)
 .ARM.extab.text.__cxa_type_match
                0x0201af4c        0xc e:/programs/_production/devkitpro/devkitarm/bin/../lib/gcc/arm-none-eabi/7.1.0/../../../../arm-none-eabi/lib/thumb\libstdc++.a(eh_arm.o)
 .ARM.extab.text._ZNK10__cxxabiv120__si_class_type_info12__do_dyncastEiNS_17__class_type_info10__sub_kindEPKS1_PKvS4_S6_RNS1_16__dyncast_resultE
                0x0201af58        0xc e:/programs/_production/devkitpro/devkitarm/bin/../lib/gcc/arm-none-eabi/7.1.0/../../../../arm-none-eabi/lib/thumb\libstdc++.a(si_class_type_info.o)
 .ARM.extab.text.__cxa_call_unexpected
                0x0201af64       0x30 e:/programs/_production/devkitpro/devkitarm/bin/../lib/gcc/arm-none-eabi/7.1.0/../../../../arm-none-eabi/lib/thumb\libstdc++.a(eh_call.o)
 .ARM.extab.text.__cxa_begin_catch
                0x0201af94        0xc e:/programs/_production/devkitpro/devkitarm/bin/../lib/gcc/arm-none-eabi/7.1.0/../../../../arm-none-eabi/lib/thumb\libstdc++.a(eh_catch.o)
 .ARM.extab.text.__gxx_personality_v0
                0x0201afa0       0x28 e:/programs/_production/devkitpro/devkitarm/bin/../lib/gcc/arm-none-eabi/7.1.0/../../../../arm-none-eabi/lib/thumb\libstdc++.a(eh_personality.o)
                0x0201afc8                __exidx_start = .

ARM.exidx       0x0201afc8       0xf8
 *(.ARM.exidx* .gnu.linkonce.armexidx.*)
 .ARM.exidx.text._ZdlPvj
                0x0201afc8        0x8 e:/programs/_production/devkitpro/devkitarm/bin/../lib/gcc/arm-none-eabi/7.1.0/../../../../arm-none-eabi/lib/thumb\libstdc++.a(del_ops.o)
 .ARM.exidx.text._ZdlPv
                0x0201afd0        0x0 e:/programs/_production/devkitpro/devkitarm/bin/../lib/gcc/arm-none-eabi/7.1.0/../../../../arm-none-eabi/lib/thumb\libstdc++.a(del_op.o)
                                  0x8 (size before relaxing)
 .ARM.exidx.text._Znwj
                0x0201afd0        0x8 e:/programs/_production/devkitpro/devkitarm/bin/../lib/gcc/arm-none-eabi/7.1.0/../../../../arm-none-eabi/lib/thumb\libstdc++.a(new_op.o)
 .ARM.exidx.text._ZN12_GLOBAL__N_14pool4freeEPv.constprop.4
                0x0201afd8        0x8 e:/programs/_production/devkitpro/devkitarm/bin/../lib/gcc/arm-none-eabi/7.1.0/../../../../arm-none-eabi/lib/thumb\libstdc++.a(eh_alloc.o)
 .ARM.exidx.text._ZN12_GLOBAL__N_14pool8allocateEj.constprop.5
                0x0201afe0        0x0 e:/programs/_production/devkitpro/devkitarm/bin/../lib/gcc/arm-none-eabi/7.1.0/../../../../arm-none-eabi/lib/thumb\libstdc++.a(eh_alloc.o)
                                  0x8 (size before relaxing)
 .ARM.exidx.text.__cxa_allocate_exception
                0x0201afe0        0x0 e:/programs/_production/devkitpro/devkitarm/bin/../lib/gcc/arm-none-eabi/7.1.0/../../../../arm-none-eabi/lib/thumb\libstdc++.a(eh_alloc.o)
                                  0x8 (size before relaxing)
 .ARM.exidx.text.__cxa_free_exception
                0x0201afe0        0x0 e:/programs/_production/devkitpro/devkitarm/bin/../lib/gcc/arm-none-eabi/7.1.0/../../../../arm-none-eabi/lib/thumb\libstdc++.a(eh_alloc.o)
                                  0x8 (size before relaxing)
 .ARM.exidx.text.startup._GLOBAL__sub_I__ZN9__gnu_cxx9__freeresEv
                0x0201afe0        0x0 e:/programs/_production/devkitpro/devkitarm/bin/../lib/gcc/arm-none-eabi/7.1.0/../../../../arm-none-eabi/lib/thumb\libstdc++.a(eh_alloc.o)
                                  0x8 (size before relaxing)
 .ARM.exidx.text._ZSt15get_new_handlerv
                0x0201afe0        0x0 e:/programs/_production/devkitpro/devkitarm/bin/../lib/gcc/arm-none-eabi/7.1.0/../../../../arm-none-eabi/lib/thumb\libstdc++.a(new_handler.o)
                                  0x8 (size before relaxing)
 .ARM.exidx.text._ZN10__cxxabiv111__terminateEPFvvE
                0x0201afe0        0x8 e:/programs/_production/devkitpro/devkitarm/bin/../lib/gcc/arm-none-eabi/7.1.0/../../../../arm-none-eabi/lib/thumb\libstdc++.a(eh_terminate.o)
 .ARM.exidx.text._ZSt9terminatev
                0x0201afe8        0x8 e:/programs/_production/devkitpro/devkitarm/bin/../lib/gcc/arm-none-eabi/7.1.0/../../../../arm-none-eabi/lib/thumb\libstdc++.a(eh_terminate.o)
 .ARM.exidx.text._ZN10__cxxabiv112__unexpectedEPFvvE
                0x0201aff0        0x8 e:/programs/_production/devkitpro/devkitarm/bin/../lib/gcc/arm-none-eabi/7.1.0/../../../../arm-none-eabi/lib/thumb\libstdc++.a(eh_terminate.o)
 .ARM.exidx.text._ZSt10unexpectedv
                0x0201aff8        0x0 e:/programs/_production/devkitpro/devkitarm/bin/../lib/gcc/arm-none-eabi/7.1.0/../../../../arm-none-eabi/lib/thumb\libstdc++.a(eh_terminate.o)
                                  0x8 (size before relaxing)
 .ARM.exidx.text._ZSt13get_terminatev
                0x0201aff8        0x8 e:/programs/_production/devkitpro/devkitarm/bin/../lib/gcc/arm-none-eabi/7.1.0/../../../../arm-none-eabi/lib/thumb\libstdc++.a(eh_terminate.o)
 .ARM.exidx.text._ZSt14get_unexpectedv
                0x0201b000        0x0 e:/programs/_production/devkitpro/devkitarm/bin/../lib/gcc/arm-none-eabi/7.1.0/../../../../arm-none-eabi/lib/thumb\libstdc++.a(eh_terminate.o)
                                  0x8 (size before relaxing)
 .ARM.exidx.text._ZNKSt9bad_alloc4whatEv
                0x0201b000        0x0 e:/programs/_production/devkitpro/devkitarm/bin/../lib/gcc/arm-none-eabi/7.1.0/../../../../arm-none-eabi/lib/thumb\libstdc++.a(bad_alloc.o)
                                  0x8 (size before relaxing)
 .ARM.exidx.text._ZNSt9bad_allocD2Ev
                0x0201b000        0x0 e:/programs/_production/devkitpro/devkitarm/bin/../lib/gcc/arm-none-eabi/7.1.0/../../../../arm-none-eabi/lib/thumb\libstdc++.a(bad_alloc.o)
                                  0x8 (size before relaxing)
 .ARM.exidx.text._ZNSt9bad_allocD0Ev
                0x0201b000        0x0 e:/programs/_production/devkitpro/devkitarm/bin/../lib/gcc/arm-none-eabi/7.1.0/../../../../arm-none-eabi/lib/thumb\libstdc++.a(bad_alloc.o)
                                  0x8 (size before relaxing)
 .ARM.exidx.text.__cxa_type_match
                0x0201b000        0x8 e:/programs/_production/devkitpro/devkitarm/bin/../lib/gcc/arm-none-eabi/7.1.0/../../../../arm-none-eabi/lib/thumb\libstdc++.a(eh_arm.o)
 .ARM.exidx.text.__cxa_begin_cleanup
                0x0201b008        0x8 e:/programs/_production/devkitpro/devkitarm/bin/../lib/gcc/arm-none-eabi/7.1.0/../../../../arm-none-eabi/lib/thumb\libstdc++.a(eh_arm.o)
 .ARM.exidx.text.__gnu_end_cleanup
                0x0201b010        0x0 e:/programs/_production/devkitpro/devkitarm/bin/../lib/gcc/arm-none-eabi/7.1.0/../../../../arm-none-eabi/lib/thumb\libstdc++.a(eh_arm.o)
                                  0x8 (size before relaxing)
 .ARM.exidx.text._ZL23__gxx_exception_cleanup19_Unwind_Reason_CodeP21_Unwind_Control_Block
                0x0201b010        0x8 e:/programs/_production/devkitpro/devkitarm/bin/../lib/gcc/arm-none-eabi/7.1.0/../../../../arm-none-eabi/lib/thumb\libstdc++.a(eh_throw.o)
 .ARM.exidx.text.__cxa_init_primary_exception
                0x0201b018        0x8 e:/programs/_production/devkitpro/devkitarm/bin/../lib/gcc/arm-none-eabi/7.1.0/../../../../arm-none-eabi/lib/thumb\libstdc++.a(eh_throw.o)
 .ARM.exidx.text.__cxa_throw
                0x0201b020        0x8 e:/programs/_production/devkitpro/devkitarm/bin/../lib/gcc/arm-none-eabi/7.1.0/../../../../arm-none-eabi/lib/thumb\libstdc++.a(eh_throw.o)
 .ARM.exidx.text.__cxa_rethrow
                0x0201b028        0x8 e:/programs/_production/devkitpro/devkitarm/bin/../lib/gcc/arm-none-eabi/7.1.0/../../../../arm-none-eabi/lib/thumb\libstdc++.a(eh_throw.o)
 .ARM.exidx.text._ZNSt9exceptionD2Ev
                0x0201b030        0x8 e:/programs/_production/devkitpro/devkitarm/bin/../lib/gcc/arm-none-eabi/7.1.0/../../../../arm-none-eabi/lib/thumb\libstdc++.a(eh_exception.o)
 .ARM.exidx.text._ZNSt13bad_exceptionD2Ev
                0x0201b038        0x0 e:/programs/_production/devkitpro/devkitarm/bin/../lib/gcc/arm-none-eabi/7.1.0/../../../../arm-none-eabi/lib/thumb\libstdc++.a(eh_exception.o)
                                  0x8 (size before relaxing)
 .ARM.exidx.text._ZNKSt13bad_exception4whatEv
                0x0201b038        0x0 e:/programs/_production/devkitpro/devkitarm/bin/../lib/gcc/arm-none-eabi/7.1.0/../../../../arm-none-eabi/lib/thumb\libstdc++.a(eh_exception.o)
                                  0x8 (size before relaxing)
 .ARM.exidx.text._ZNSt13bad_exceptionD0Ev
                0x0201b038        0x0 e:/programs/_production/devkitpro/devkitarm/bin/../lib/gcc/arm-none-eabi/7.1.0/../../../../arm-none-eabi/lib/thumb\libstdc++.a(eh_exception.o)
                                  0x8 (size before relaxing)
 .ARM.exidx.text._ZN10__cxxabiv120__si_class_type_infoD2Ev
                0x0201b038        0x0 e:/programs/_production/devkitpro/devkitarm/bin/../lib/gcc/arm-none-eabi/7.1.0/../../../../arm-none-eabi/lib/thumb\libstdc++.a(si_class_type_info.o)
                                  0x8 (size before relaxing)
 .ARM.exidx.text._ZN10__cxxabiv120__si_class_type_infoD0Ev
                0x0201b038        0x0 e:/programs/_production/devkitpro/devkitarm/bin/../lib/gcc/arm-none-eabi/7.1.0/../../../../arm-none-eabi/lib/thumb\libstdc++.a(si_class_type_info.o)
                                  0x8 (size before relaxing)
 .ARM.exidx.text._ZNK10__cxxabiv120__si_class_type_info20__do_find_public_srcEiPKvPKNS_17__class_type_infoES2_
                0x0201b038        0x8 e:/programs/_production/devkitpro/devkitarm/bin/../lib/gcc/arm-none-eabi/7.1.0/../../../../arm-none-eabi/lib/thumb\libstdc++.a(si_class_type_info.o)
 .ARM.exidx.text._ZNK10__cxxabiv120__si_class_type_info12__do_dyncastEiNS_17__class_type_info10__sub_kindEPKS1_PKvS4_S6_RNS1_16__dyncast_resultE
                0x0201b040        0x8 e:/programs/_production/devkitpro/devkitarm/bin/../lib/gcc/arm-none-eabi/7.1.0/../../../../arm-none-eabi/lib/thumb\libstdc++.a(si_class_type_info.o)
 .ARM.exidx.text._ZNK10__cxxabiv120__si_class_type_info11__do_upcastEPKNS_17__class_type_infoEPKvRNS1_15__upcast_resultE
                0x0201b048        0x8 e:/programs/_production/devkitpro/devkitarm/bin/../lib/gcc/arm-none-eabi/7.1.0/../../../../arm-none-eabi/lib/thumb\libstdc++.a(si_class_type_info.o)
 .ARM.exidx.text._ZN10__cxxabiv1L24__is_gxx_exception_classEPc
                0x0201b050        0x8 e:/programs/_production/devkitpro/devkitarm/bin/../lib/gcc/arm-none-eabi/7.1.0/../../../../arm-none-eabi/lib/thumb\libstdc++.a(eh_call.o)
 .ARM.exidx.text.__cxa_call_terminate
                0x0201b058        0x0 e:/programs/_production/devkitpro/devkitarm/bin/../lib/gcc/arm-none-eabi/7.1.0/../../../../arm-none-eabi/lib/thumb\libstdc++.a(eh_call.o)
                                  0x8 (size before relaxing)
 .ARM.exidx.text.__cxa_call_unexpected
                0x0201b058        0x8 e:/programs/_production/devkitpro/devkitarm/bin/../lib/gcc/arm-none-eabi/7.1.0/../../../../arm-none-eabi/lib/thumb\libstdc++.a(eh_call.o)
 .ARM.exidx.text.__cxa_get_globals_fast
                0x0201b060        0x8 e:/programs/_production/devkitpro/devkitarm/bin/../lib/gcc/arm-none-eabi/7.1.0/../../../../arm-none-eabi/lib/thumb\libstdc++.a(eh_globals.o)
 .ARM.exidx.text.__cxa_get_globals
                0x0201b068        0x0 e:/programs/_production/devkitpro/devkitarm/bin/../lib/gcc/arm-none-eabi/7.1.0/../../../../arm-none-eabi/lib/thumb\libstdc++.a(eh_globals.o)
                                  0x8 (size before relaxing)
 .ARM.exidx.text.__cxa_begin_catch
                0x0201b068        0x8 e:/programs/_production/devkitpro/devkitarm/bin/../lib/gcc/arm-none-eabi/7.1.0/../../../../arm-none-eabi/lib/thumb\libstdc++.a(eh_catch.o)
 .ARM.exidx.text.__cxa_end_catch
                0x0201b070        0x8 e:/programs/_production/devkitpro/devkitarm/bin/../lib/gcc/arm-none-eabi/7.1.0/../../../../arm-none-eabi/lib/thumb\libstdc++.a(eh_catch.o)
 .ARM.exidx.text._ZNSt9type_infoD2Ev
                0x0201b078        0x8 e:/programs/_production/devkitpro/devkitarm/bin/../lib/gcc/arm-none-eabi/7.1.0/../../../../arm-none-eabi/lib/thumb\libstdc++.a(tinfo.o)
 .ARM.exidx.text._ZNKSt9type_info14__is_pointer_pEv
                0x0201b080        0x0 e:/programs/_production/devkitpro/devkitarm/bin/../lib/gcc/arm-none-eabi/7.1.0/../../../../arm-none-eabi/lib/thumb\libstdc++.a(tinfo.o)
                                  0x8 (size before relaxing)
 .ARM.exidx.text._ZNKSt9type_infoeqERKS_
                0x0201b080        0x0 e:/programs/_production/devkitpro/devkitarm/bin/../lib/gcc/arm-none-eabi/7.1.0/../../../../arm-none-eabi/lib/thumb\libstdc++.a(tinfo.o)
                                  0x8 (size before relaxing)
 .ARM.exidx.text._ZL28read_encoded_value_with_basehjPKhPj
                0x0201b080        0x8 e:/programs/_production/devkitpro/devkitarm/bin/../lib/gcc/arm-none-eabi/7.1.0/../../../../arm-none-eabi/lib/thumb\libstdc++.a(eh_personality.o)
 .ARM.exidx.text._ZL21base_of_encoded_valuehP15_Unwind_Context.part.3
                0x0201b088        0x8 e:/programs/_production/devkitpro/devkitarm/bin/../lib/gcc/arm-none-eabi/7.1.0/../../../../arm-none-eabi/lib/thumb\libstdc++.a(eh_personality.o)
 .ARM.exidx.text._ZL17parse_lsda_headerP15_Unwind_ContextPKhP16lsda_header_info
                0x0201b090        0x8 e:/programs/_production/devkitpro/devkitarm/bin/../lib/gcc/arm-none-eabi/7.1.0/../../../../arm-none-eabi/lib/thumb\libstdc++.a(eh_personality.o)
 .ARM.exidx.text.__gxx_personality_v0
                0x0201b098        0x8 e:/programs/_production/devkitpro/devkitarm/bin/../lib/gcc/arm-none-eabi/7.1.0/../../../../arm-none-eabi/lib/thumb\libstdc++.a(eh_personality.o)
 .ARM.exidx.text._ZNK10__cxxabiv117__class_type_info11__do_upcastEPKS0_PPv
                0x0201b0a0        0x8 e:/programs/_production/devkitpro/devkitarm/bin/../lib/gcc/arm-none-eabi/7.1.0/../../../../arm-none-eabi/lib/thumb\libstdc++.a(class_type_info.o)
 .ARM.exidx.text._ZNK10__cxxabiv117__class_type_info20__do_find_public_srcEiPKvPKS0_S2_
                0x0201b0a8        0x8 e:/programs/_production/devkitpro/devkitarm/bin/../lib/gcc/arm-none-eabi/7.1.0/../../../../arm-none-eabi/lib/thumb\libstdc++.a(class_type_info.o)
 .ARM.exidx.text._ZN10__cxxabiv117__class_type_infoD2Ev
                0x0201b0b0        0x0 e:/programs/_production/devkitpro/devkitarm/bin/../lib/gcc/arm-none-eabi/7.1.0/../../../../arm-none-eabi/lib/thumb\libstdc++.a(class_type_info.o)
                                  0x8 (size before relaxing)
 .ARM.exidx.text._ZN10__cxxabiv117__class_type_infoD0Ev
                0x0201b0b0        0x0 e:/programs/_production/devkitpro/devkitarm/bin/../lib/gcc/arm-none-eabi/7.1.0/../../../../arm-none-eabi/lib/thumb\libstdc++.a(class_type_info.o)
                                  0x8 (size before relaxing)
 .ARM.exidx.text._ZNK10__cxxabiv117__class_type_info12__do_dyncastEiNS0_10__sub_kindEPKS0_PKvS3_S5_RNS0_16__dyncast_resultE
                0x0201b0b0        0x0 e:/programs/_production/devkitpro/devkitarm/bin/../lib/gcc/arm-none-eabi/7.1.0/../../../../arm-none-eabi/lib/thumb\libstdc++.a(class_type_info.o)
                                  0x8 (size before relaxing)
 .ARM.exidx.text._ZNK10__cxxabiv117__class_type_info11__do_upcastEPKS0_PKvRNS0_15__upcast_resultE
                0x0201b0b0        0x0 e:/programs/_production/devkitpro/devkitarm/bin/../lib/gcc/arm-none-eabi/7.1.0/../../../../arm-none-eabi/lib/thumb\libstdc++.a(class_type_info.o)
                                  0x8 (size before relaxing)
 .ARM.exidx.text._ZNK10__cxxabiv117__class_type_info10__do_catchEPKSt9type_infoPPvj
                0x0201b0b0       0x10 e:/programs/_production/devkitpro/devkitarm/bin/../lib/gcc/arm-none-eabi/7.1.0/../../../../arm-none-eabi/lib/thumb\libstdc++.a(class_type_info.o)
                                  0x8 (size before relaxing)
                0x0201b0c0                __exidx_end = .
                0x0201b0c0                . = ALIGN (0x4)
                0x0201b0c0                PROVIDE (__preinit_array_start, .)

.preinit_array
 *(.preinit_array)
                0x0201b0c0                PROVIDE (__preinit_array_end, .)