Archive member included to satisfy reference by file (symbol)

e:/Programs/_Production/devkitPro/libnds/lib\libnds9.a(keys.o)
                              main.o (scanKeys)
e:/Programs/_Production/devkitPro/libnds/lib\libnds9.a(console.o)
                              main.o (consoleSelect)
e:/Programs/_Production/devkitPro/libnds/lib\libnds9.a(video.o)
                              main.o (setBrightness)
e:/Programs/_Production/devkitPro/libnds/lib\libnds9.a(background.o)
                              e:/Programs/_Production/devkitPro/libnds/lib\libnds9.a(console.o) (bgState)
e:/Programs/_Production/devkitPro/libnds/lib\libnds9.a(securearea.o)
                              e:/programs/_production/devkitpro/devkitarm/bin/../lib/gcc/arm-none-eabi/7.1.0/../../../../arm-none-eabi/lib/thumb/ds_arm9_crt0.o (__secure_area__)
e:/Programs/_Production/devkitPro/libnds/lib\libnds9.a(initSystem.o)
                              e:/programs/_production/devkitpro/devkitarm/bin/../lib/gcc/arm-none-eabi/7.1.0/../../../../arm-none-eabi/lib/thumb/ds_arm9_crt0.o (initSystem)
e:/Programs/_Production/devkitPro/libnds/lib\libnds9.a(fifosystem.o)
                              e:/Programs/_Production/devkitPro/libnds/lib\libnds9.a(initSystem.o) (fifoSetValue32Handler)
e:/Programs/_Production/devkitPro/libnds/lib\libnds9.a(libnds_exit.arm.o)
                              e:/programs/_production/devkitpro/devkitarm/bin/../lib/gcc/arm-none-eabi/7.1.0/../../../../arm-none-eabi/lib/thumb/ds_arm9_crt0.o (__libnds_exit)
e:/Programs/_Production/devkitPro/libnds/lib\libnds9.a(interrupts.o)
                              e:/Programs/_Production/devkitPro/libnds/lib\libnds9.a(fifosystem.o) (irqSet)
e:/Programs/_Production/devkitPro/libnds/lib\libnds9.a(cpu_clock.o)
                              e:/Programs/_Production/devkitPro/libnds/lib\libnds9.a(initSystem.o) (setCpuClock)
e:/Programs/_Production/devkitPro/libnds/lib\libnds9.a(IntrWait.o)
                              main.o (swiWaitForVBlank)
e:/Programs/_Production/devkitPro/libnds/lib\libnds9.a(mpu_setup.o)
                              e:/programs/_production/devkitpro/devkitarm/bin/../lib/gcc/arm-none-eabi/7.1.0/../../../../arm-none-eabi/lib/thumb/ds_arm9_crt0.o (__libnds_mpu_setup)
e:/Programs/_Production/devkitPro/libnds/lib\libnds9.a(swiSoftReset.o)
                              e:/Programs/_Production/devkitPro/libnds/lib\libnds9.a(fifosystem.o) (swiSoftReset)
e:/Programs/_Production/devkitPro/libnds/lib\libnds9.a(debugprint.o)
                              e:/Programs/_Production/devkitPro/libnds/lib\libnds9.a(console.o) (nocashWrite)
e:/Programs/_Production/devkitPro/libnds/lib\libnds9.a(interruptDispatcher.o)
                              e:/Programs/_Production/devkitPro/libnds/lib\libnds9.a(interrupts.o) (IntrMain)
e:/Programs/_Production/devkitPro/libnds/lib\libnds9.a(default_font.bin.o)
                              e:/Programs/_Production/devkitPro/libnds/lib\libnds9.a(console.o) (default_font_bin)
e:/Programs/_Production/devkitPro/libnds/lib\libnds9.a(trig.o)
                              e:/Programs/_Production/devkitPro/libnds/lib\libnds9.a(background.o) (sinLerp)
e:/Programs/_Production/devkitPro/libnds/lib\libnds9.a(system.o)
                              e:/Programs/_Production/devkitPro/libnds/lib\libnds9.a(initSystem.o) (systemValueHandler)
e:/Programs/_Production/devkitPro/libnds/lib\libnds9.a(timeSupport.o)
                              e:/Programs/_Production/devkitPro/libnds/lib\libnds9.a(initSystem.o) (__libnds_gtod)
e:/Programs/_Production/devkitPro/libnds/lib\libnds9.a(biosCalls.o)
                              e:/Programs/_Production/devkitPro/libnds/lib\libnds9.a(system.o) (swiDelay)
e:/programs/_production/devkitpro/devkitarm/bin/../lib/gcc/arm-none-eabi/7.1.0/../../../../arm-none-eabi/lib/thumb\libstdc++.a(del_opv.o)
                              main.o (operator delete[](void*))
e:/programs/_production/devkitpro/devkitarm/bin/../lib/gcc/arm-none-eabi/7.1.0/../../../../arm-none-eabi/lib/thumb\libstdc++.a(new_opv.o)
                              main.o (operator new[](unsigned int))
e:/programs/_production/devkitpro/devkitarm/bin/../lib/gcc/arm-none-eabi/7.1.0/../../../../arm-none-eabi/lib/thumb\libstdc++.a(del_ops.o)
                              main.o (operator delete(void*, unsigned int))
e:/programs/_production/devkitpro/devkitarm/bin/../lib/gcc/arm-none-eabi/7.1.0/../../../../arm-none-eabi/lib/thumb\libstdc++.a(del_op.o)
                              e:/programs/_production/devkitpro/devkitarm/bin/../lib/gcc/arm-none-eabi/7.1.0/../../../../arm-none-eabi/lib/thumb\libstdc++.a(del_opv.o) (operator delete(void*))
e:/programs/_production/devkitpro/devkitarm/bin/../lib/gcc/arm-none-eabi/7.1.0/../../../../arm-none-eabi/lib/thumb\libstdc++.a(new_op.o)
                              main.o (operator new(unsigned int))
e:/programs/_production/devkitpro/devkitarm/bin/../lib/gcc/arm-none-eabi/7.1.0/../../../../arm-none-eabi/lib/thumb\libstdc++.a(eh_alloc.o)
[...]
Memory Configuration

Name             Origin             Length             Attributes
ewram            0x02000000         0x00380000
dtcm             0x0b000000         0x00004000
vectors          0x01000000         0x00000100
itcm             0x01000100         0x00007f00
*default*        0x00000000         0xffffffff

Linker script and memory map

                0x02380000                __ewram_end = (ORIGIN (ewram) + LENGTH (ewram))
                0x02380000                __eheap_end = (ORIGIN (ewram) + LENGTH (ewram))
                0x0b004000                __dtcm_top = (ORIGIN (dtcm) + LENGTH (dtcm))
                0x0b003ff8                __irq_flags = (__dtcm_top - 0x8)
                0x0b003ffc                __irq_vector = (__dtcm_top - 0x4)
                0x0b003f00                __sp_svc = (__dtcm_top - 0x100)
                0x0b003e00                __sp_irq = (__sp_svc - 0x100)
                0x0b003d00                __sp_usr = (__sp_irq - 0x100)

.secure         0x02000000      0x800
 *(.secure)
 .secure        0x02000000      0x800 e:/Programs/_Production/devkitPro/libnds/lib\libnds9.a(securearea.o)
                0x02000000                __secure_area__

.crt0           0x02000800      0x300
                0x02000800                __text_start = .
 *(.crt0)
 .crt0          0x02000800      0x300 e:/programs/_production/devkitpro/devkitarm/bin/../lib/gcc/arm-none-eabi/7.1.0/../../../../arm-none-eabi/lib/thumb/ds_arm9_crt0.o
                0x02000800                _start
                0x02000b00                . = ALIGN (0x4)

.plt
 *(.plt)

.init           0x02000b00        0xc
 *(SORT(.init))
 .init          0x02000b00        0x4 e:/programs/_production/devkitpro/devkitarm/bin/../lib/gcc/arm-none-eabi/7.1.0/thumb/crti.o
                0x02000b00                _init
 .init          0x02000b04        0x8 e:/programs/_production/devkitpro/devkitarm/bin/../lib/gcc/arm-none-eabi/7.1.0/thumb/crtn.o

.text           0x02000b10    0x19048
 *(EXCLUDE_FILE(*.twl* *.vectors* *.itcm*) .text)
 .text          0x02000b10      0xdbc main.o
                0x02000b10                InitialiseConsoles()
                0x02000b60                SetConsoleColour(int)
                0x02000b84                SetConsoleColour(char const*)
                0x02000b94                ResetConsoleColour()
                0x02000ba8                SelectConsole(int)
                0x02000bc0                ClearConsole()
                0x02000bc8                GameView()
                0x02001780                OnPause()
                0x0200178c                HandleInput()
                0x020017a0                PrintCentredTitle(char const*)
                0x02001804                MenuView()
                0x0200184c                PauseView()
 .text          0x020018cc      0x150 e:/programs/_production/devkitpro/devkitarm/bin/../lib/gcc/arm-none-eabi/7.1.0/thumb\libgcc.a(_divsi3.o)
                0x020018cc                __divsi3
                0x020018cc                __aeabi_idiv
                0x020019fc                __aeabi_idivmod
 .text          0x02001a1c        0x4 e:/programs/_production/devkitpro/devkitarm/bin/../lib/gcc/arm-none-eabi/7.1.0/thumb\libgcc.a(_dvmd_tls.o)
                0x02001a1c                __aeabi_idiv0
                0x02001a1c                __aeabi_ldiv0
 .text          0x02001a20      0x1d8 e:/programs/_production/devkitpro/devkitarm/bin/../lib/gcc/arm-none-eabi/7.1.0/thumb\libgcc.a(libunwind.o)
                0x02001a20                __restore_core_regs
                0x02001a20                restore_core_regs
                0x02001a3c                __gnu_Unwind_Restore_VFP
                0x02001a44                __gnu_Unwind_Save_VFP
                0x02001a4c                __gnu_Unwind_Restore_VFP_D
                0x02001a54                __gnu_Unwind_Save_VFP_D
                0x02001a5c                __gnu_Unwind_Restore_VFP_D_16_to_31
                0x02001a64                __gnu_Unwind_Save_VFP_D_16_to_31
                0x02001a6c                __gnu_Unwind_Restore_WMMXD
                0x02001ab0                __gnu_Unwind_Save_WMMXD
                0x02001af4                __gnu_Unwind_Restore_WMMXC
                0x02001b08                __gnu_Unwind_Save_WMMXC
                0x02001b1c                ___Unwind_RaiseException
                0x02001b1c                _Unwind_RaiseException
                0x02001b48                _Unwind_Resume
                0x02001b48                ___Unwind_Resume
                0x02001b74                _Unwind_Resume_or_Rethrow
                0x02001b74                ___Unwind_Resume_or_Rethrow
                0x02001ba0                _Unwind_ForcedUnwind
                0x02001ba0                ___Unwind_ForcedUnwind
                0x02001bcc                ___Unwind_Backtrace
                0x02001bcc                _Unwind_Backtrace
 .text          0x02001bf8      0x224 e:/programs/_production/devkitpro/devkitarm/bin/../lib/gcc/arm-none-eabi/7.1.0/../../../../arm-none-eabi/lib/thumb\libg.a(lib_a-strcmp.o)
                0x02001bf8                strcmp
 .text          0x02001e1c      0x11c e:/programs/_production/devkitpro/devkitarm/bin/../lib/gcc/arm-none-eabi/7.1.0/thumb\libgcc.a(_udivsi3.o)
                0x02001e1c                __aeabi_uidiv
                0x02001e1c                __udivsi3
                0x02001f18                __aeabi_uidivmod
 .text          0x02001f38      0x424 e:/programs/_production/devkitpro/devkitarm/bin/../lib/gcc/arm-none-eabi/7.1.0/thumb\libgcc.a(_arm_addsubdf3.o)
                0x02001f38                __aeabi_drsub
                0x02001f40                __aeabi_dsub
                0x02001f40                __subdf3
                0x02001f44                __aeabi_dadd
                0x02001f44                __adddf3
                0x02002254                __floatunsidf
                0x02002254                __aeabi_ui2d
                0x02002278                __floatsidf
                0x02002278                __aeabi_i2d
                0x020022a0                __aeabi_f2d
                0x020022a0                __extendsfdf2
                0x020022e8                __floatundidf
                0x020022e8                __aeabi_ul2d
                0x020022fc                __floatdidf
                0x020022fc                __aeabi_l2d
 .text          0x0200235c      0x49c e:/programs/_production/devkitpro/devkitarm/bin/../lib/gcc/arm-none-eabi/7.1.0/thumb\libgcc.a(_arm_muldivdf3.o)
                0x0200235c                __aeabi_dmul
                0x0200235c                __muldf3
                0x020025ec                __divdf3
                0x020025ec                __aeabi_ddiv
 .text          0x020027f8      0x144 e:/programs/_production/devkitpro/devkitarm/bin/../lib/gcc/arm-none-eabi/7.1.0/thumb\libgcc.a(_arm_cmpdf2.o)
                0x020027f8                __gtdf2
                0x020027f8                __gedf2
                0x02002800                __ltdf2
                0x02002800                __ledf2
                0x02002808                __nedf2
                0x02002808                __eqdf2
                0x02002808                __cmpdf2
                0x02002890                __aeabi_cdrcmple
                0x020028ac                __aeabi_cdcmpeq
                0x020028ac                __aeabi_cdcmple
                0x020028c4                __aeabi_dcmpeq
                0x020028dc                __aeabi_dcmplt
                0x020028f4                __aeabi_dcmple
                0x0200290c                __aeabi_dcmpge
                0x02002924                __aeabi_dcmpgt
 .text          0x0200293c       0x38 e:/programs/_production/devkitpro/devkitarm/bin/../lib/gcc/arm-none-eabi/7.1.0/thumb\libgcc.a(_arm_unorddf2.o)
                0x0200293c                __unorddf2
                0x0200293c                __aeabi_dcmpun
 .text          0x02002974       0x5c e:/programs/_production/devkitpro/devkitarm/bin/../lib/gcc/arm-none-eabi/7.1.0/thumb\libgcc.a(_arm_fixdfsi.o)
                0x02002974                __aeabi_d2iz
                0x02002974                __fixdfsi
 .text          0x020029d0       0x3c e:/programs/_production/devkitpro/devkitarm/bin/../lib/gcc/arm-none-eabi/7.1.0/thumb\libgcc.a(_aeabi_uldivmod.o)
                0x020029d0                __aeabi_uldivmod
 .text          0x02002a0c       0x28 e:/programs/_production/devkitpro/devkitarm/bin/../lib/gcc/arm-none-eabi/7.1.0/thumb\libgcc.a(_clzdi2.o)
                0x02002a0c                __clzdi2
 .text          0x02002a34       0x48 e:/programs/_production/devkitpro/devkitarm/bin/../lib/gcc/arm-none-eabi/7.1.0/thumb\libgcc.a(_clzsi2.o)
                0x02002a34                __clzsi2
 *(EXCLUDE_FILE(*.twl* *.vectors* *.itcm*) .stub)
 *(EXCLUDE_FILE(*.twl* *.vectors* *.itcm*) .text.*)
 .text.deregister_tm_clones
                0x02002a7c       0x2c e:/programs/_production/devkitpro/devkitarm/bin/../lib/gcc/arm-none-eabi/7.1.0/thumb/crtbegin.o
 .text.register_tm_clones
                0x02002aa8       0x34 e:/programs/_production/devkitpro/devkitarm/bin/../lib/gcc/arm-none-eabi/7.1.0/thumb/crtbegin.o
 .text.__do_global_dtors_aux
                0x02002adc       0x30 e:/programs/_production/devkitpro/devkitarm/bin/../lib/gcc/arm-none-eabi/7.1.0/thumb/crtbegin.o
 .text.frame_dummy
                0x02002b0c       0x28 e:/programs/_production/devkitpro/devkitarm/bin/../lib/gcc/arm-none-eabi/7.1.0/thumb/crtbegin.o
 .text._ZN8CoinData6UpdateEv
                0x02002b34        0x4 main.o
                0x02002b34                CoinData::Update()
 .text._ZN4NodeI7Vector2ED2Ev
                0x02002b38        0x4 main.o
                0x02002b38                Node<Vector2>::~Node()
                0x02002b38                Node<Vector2>::~Node()
 .text._ZN4NodeI7Vector2E7SetDataES0_
                0x02002b3c        0xc main.o
                0x02002b3c                Node<Vector2>::SetData(Vector2)
 .text._ZN4NodeI8CoinDataED2Ev
                0x02002b48        0x4 main.o
                0x02002b48                Node<CoinData>::~Node()
                0x02002b48                Node<CoinData>::~Node()
 .text._ZN4NodeI8CoinDataE7SetDataES0_
                0x02002b4c        0xc main.o
                0x02002b4c                Node<CoinData>::SetData(CoinData)
 .text._ZN4NodeI7Vector2ED0Ev
                0x02002b58       0x10 main.o
                0x02002b58                Node<Vector2>::~Node()
 .text._ZN4NodeI8CoinDataED0Ev
                0x02002b68       0x10 main.o
                0x02002b68                Node<CoinData>::~Node()
 .text._ZN6Player5ResetEv
                0x02002b78       0xe4 main.o
                0x02002b78                Player::Reset()
 .text._ZZN4Game9DrawBoardEvENKUliPiE_clEiS0_
                0x02002c5c       0x34 main.o
                0x02002c5c                Game::DrawBoard()::{lambda(int, int*)#1}::operator()(int, int*) const
 .text._ZZN4Game9DrawBoardEvENUliPiE_4_FUNEiS0_
                0x02002c90       0x10 main.o
                0x02002c90                Game::DrawBoard()::{lambda(int, int*)#1}::_FUN(int, int*)
 .text.startup  0x02002ca0       0xf8 main.o
                0x02002ca0                main
 .text.scanKeys
                0x02002d98       0x8c e:/Programs/_Production/devkitPro/libnds/lib\libnds9.a(keys.o)
                0x02002d98                scanKeys
 .text.keysDown
                0x02002e24       0x14 e:/Programs/_Production/devkitPro/libnds/lib\libnds9.a(keys.o)
                0x02002e24                keysDown
 .text.newRow   0x02002e38       0xbc e:/Programs/_Production/devkitPro/libnds/lib\libnds9.a(console.o)
 .text.consoleSelect
                0x02002ef4       0x10 e:/Programs/_Production/devkitPro/libnds/lib\libnds9.a(console.o)
                0x02002ef4                consoleSelect
 .text.consolePrintChar
                0x02002f04       0xec e:/Programs/_Production/devkitPro/libnds/lib\libnds9.a(console.o)
                0x02002f04                consolePrintChar
 .text.consoleCls
                0x02002ff0       0xec e:/Programs/_Production/devkitPro/libnds/lib\libnds9.a(console.o)
 .text.consoleLoadFont
                0x020030dc      0x270 e:/Programs/_Production/devkitPro/libnds/lib\libnds9.a(console.o)
                0x020030dc                consoleLoadFont
 .text.consoleInit
                0x0200334c      0x15c e:/Programs/_Production/devkitPro/libnds/lib\libnds9.a(console.o)
                0x0200334c                consoleInit
 .text.con_write
                0x020034a8      0x288 e:/Programs/_Production/devkitPro/libnds/lib\libnds9.a(console.o)
                0x020034a8                con_write
 .text.consoleClear
                0x02003730       0x10 e:/Programs/_Production/devkitPro/libnds/lib\libnds9.a(console.o)
                0x02003730                consoleClear
 .text.setBrightness
                0x02003740       0x40 e:/Programs/_Production/devkitPro/libnds/lib\libnds9.a(video.o)
                0x02003740                setBrightness
 .text.vramDefault
                0x02003780       0xd0 e:/Programs/_Production/devkitPro/libnds/lib\libnds9.a(video.o)
                0x02003780                vramDefault
 .text.checkIfText.part.0
                0x02003850       0x3c e:/Programs/_Production/devkitPro/libnds/lib\libnds9.a(background.o)
 .text.bgUpdate
                0x0200388c       0xec e:/Programs/_Production/devkitPro/libnds/lib\libnds9.a(background.o)
                0x0200388c                bgUpdate
 .text.bgInit_call
                0x02003978       0xbc e:/Programs/_Production/devkitPro/libnds/lib\libnds9.a(background.o)
                0x02003978                bgInit_call
 .text.bgInitSub_call
                0x02003a34       0xc4 e:/Programs/_Production/devkitPro/libnds/lib\libnds9.a(background.o)
                0x02003a34                bgInitSub_call
 .text.initSystem
                0x02003af8      0x194 e:/Programs/_Production/devkitPro/libnds/lib\libnds9.a(initSystem.o)
                0x02003af8                initSystem
 .text.__timeoutvbl
                0x02003c8c       0x10 e:/Programs/_Production/devkitPro/libnds/lib\libnds9.a(fifosystem.o)
 .text.fifo_allocBlock.part.0
                0x02003c9c       0x34 e:/Programs/_Production/devkitPro/libnds/lib\libnds9.a(fifosystem.o)
 .text.fifo_waitBlock
                0x02003cd0       0x48 e:/Programs/_Production/devkitPro/libnds/lib\libnds9.a(fifosystem.o)
 .text.fifo_queueBlock
                0x02003d18       0x44 e:/Programs/_Production/devkitPro/libnds/lib\libnds9.a(fifosystem.o)
 .text.fifoInternalSendInterrupt
                0x02003d5c       0xac e:/Programs/_Production/devkitPro/libnds/lib\libnds9.a(fifosystem.o)
 .text.fifoInternalSend.part.3
                0x02003e08       0xd4 e:/Programs/_Production/devkitPro/libnds/lib\libnds9.a(fifosystem.o)
 .text.fifoGetValue32.part.4
                0x02003edc       0x74 e:/Programs/_Production/devkitPro/libnds/lib\libnds9.a(fifosystem.o)
 .text.fifoSetValue32Handler
                0x02003f50       0x74 e:/Programs/_Production/devkitPro/libnds/lib\libnds9.a(fifosystem.o)
                0x02003f50                fifoSetValue32Handler
 .text.fifoSendValue32
                0x02003fc4       0x4c e:/Programs/_Production/devkitPro/libnds/lib\libnds9.a(fifosystem.o)
                0x02003fc4                fifoSendValue32
 .text.fifoGetDatamsg
                0x02004010      0x140 e:/Programs/_Production/devkitPro/libnds/lib\libnds9.a(fifosystem.o)
                0x02004010                fifoGetDatamsg
 .text.fifoInternalRecvInterrupt
                0x02004150      0x3a0 e:/Programs/_Production/devkitPro/libnds/lib\libnds9.a(fifosystem.o)
 .text.fifoSetDatamsgHandler
                0x020044f0       0x9c e:/Programs/_Production/devkitPro/libnds/lib\libnds9.a(fifosystem.o)
                0x020044f0                fifoSetDatamsgHandler
 .text.fifoInit
                0x0200458c      0x1cc e:/Programs/_Production/devkitPro/libnds/lib\libnds9.a(fifosystem.o)
                0x0200458c                fifoInit
 .text.systemErrorExit
                0x02004758        0x4 e:/Programs/_Production/devkitPro/libnds/lib\libnds9.a(libnds_exit.arm.o)
                0x02004758                systemErrorExit
 *fill*         0x0200475c        0x4 ff
 .text.__libnds_exit
                0x02004760       0x5c e:/Programs/_Production/devkitPro/libnds/lib\libnds9.a(libnds_exit.arm.o)
                0x02004760                __libnds_exit
 .text.irqDummy
                0x020047bc        0x4 e:/Programs/_Production/devkitPro/libnds/lib\libnds9.a(interrupts.o)
                0x020047bc                irqDummy
 .text.irqSet   0x020047c0       0x6c e:/Programs/_Production/devkitPro/libnds/lib\libnds9.a(interrupts.o)
                0x020047c0                irqSet
 .text.irqInit  0x0200482c       0x50 e:/Programs/_Production/devkitPro/libnds/lib\libnds9.a(interrupts.o)
                0x0200482c                irqInit
 .text.irqEnable
                0x0200487c       0x64 e:/Programs/_Production/devkitPro/libnds/lib\libnds9.a(interrupts.o)
                0x0200487c                irqEnable
 .text.irqDisable
                0x020048e0       0x64 e:/Programs/_Production/devkitPro/libnds/lib\libnds9.a(interrupts.o)
                0x020048e0                irqDisable
 .text.setCpuClock
                0x02004944       0x50 e:/Programs/_Production/devkitPro/libnds/lib\libnds9.a(cpu_clock.o)
                0x02004944                setCpuClock
 .text.swiWaitForVBlank
                0x02004994        0x8 e:/Programs/_Production/devkitPro/libnds/lib\libnds9.a(IntrWait.o)
                0x02004994                swiWaitForVBlank
 .text.swiIntrWait
                0x0200499c       0x64 e:/Programs/_Production/devkitPro/libnds/lib\libnds9.a(IntrWait.o)
                0x0200499c                swiIntrWait
 .text.__libnds_mpu_setup
                0x02004a00      0x174 e:/Programs/_Production/devkitPro/libnds/lib\libnds9.a(mpu_setup.o)
                0x02004a00                __libnds_mpu_setup
 .text.memUncached
                0x02004b74       0x20 e:/Programs/_Production/devkitPro/libnds/lib\libnds9.a(mpu_setup.o)
                0x02004b74                memUncached
 .text.swiSoftReset
                0x02004b94       0x2c e:/Programs/_Production/devkitPro/libnds/lib\libnds9.a(swiSoftReset.o)
                0x02004b94                swiSoftReset
 .text.sinLerp  0x02004bc0       0xa0 e:/Programs/_Production/devkitPro/libnds/lib\libnds9.a(trig.o)
                0x02004bc0                sinLerp
 .text.cosLerp  0x02004c60       0x14 e:/Programs/_Production/devkitPro/libnds/lib\libnds9.a(trig.o)
                0x02004c60                cosLerp
 .text.systemValueHandler
                0x02004c74       0x48 e:/Programs/_Production/devkitPro/libnds/lib\libnds9.a(system.o)
                0x02004c74                systemValueHandler
 .text.systemMsgHandler
                0x02004cbc       0x5c e:/Programs/_Production/devkitPro/libnds/lib\libnds9.a(system.o)
                0x02004cbc                systemMsgHandler
 .text.powerOn  0x02004d18       0x2c e:/Programs/_Production/devkitPro/libnds/lib\libnds9.a(system.o)
                0x02004d18                powerOn
 .text.__libnds_gtod
                0x02004d44       0x24 e:/Programs/_Production/devkitPro/libnds/lib\libnds9.a(timeSupport.o)
                0x02004d44                __libnds_gtod
 .text.swiDelay
                0x02004d68        0x4 e:/Programs/_Production/devkitPro/libnds/lib\libnds9.a(biosCalls.o)
                0x02004d68                swiDelay
 .text._ZdaPv   0x02004d6c        0xc e:/programs/_production/devkitpro/devkitarm/bin/../lib/gcc/arm-none-eabi/7.1.0/../../../../arm-none-eabi/lib/thumb\libstdc++.a(del_opv.o)
                0x02004d6c                operator delete[](void*)
 .text._Znaj    0x02004d78        0xc e:/programs/_production/devkitpro/devkitarm/bin/../lib/gcc/arm-none-eabi/7.1.0/../../../../arm-none-eabi/lib/thumb\libstdc++.a(new_opv.o)
                0x02004d78                operator new[](unsigned int)
 .text._ZdlPvj  0x02004d84        0xc e:/programs/_production/devkitpro/devkitarm/bin/../lib/gcc/arm-none-eabi/7.1.0/../../../../arm-none-eabi/lib/thumb\libstdc++.a(del_ops.o)
                0x02004d84                operator delete(void*, unsigned int)
 .text._ZdlPv   0x02004d90        0xc e:/programs/_production/devkitpro/devkitarm/bin/../lib/gcc/arm-none-eabi/7.1.0/../../../../arm-none-eabi/lib/thumb\libstdc++.a(del_op.o)
                0x02004d90                operator delete(void*)
 .text._Znwj    0x02004d9c       0x48 e:/programs/_production/devkitpro/devkitarm/bin/../lib/gcc/arm-none-eabi/7.1.0/../../../../arm-none-eabi/lib/thumb\libstdc++.a(new_op.o)
                0x02004d9c                operator new(unsigned int)
 .text._ZN12_GLOBAL__N_14pool4freeEPv.constprop.4
                0x02004de4       0x74 e:/programs/_production/devkitpro/devkitarm/bin/../lib/gcc/arm-none-eabi/7.1.0/../../../../arm-none-eabi/lib/thumb\libstdc++.a(eh_alloc.o)
 .text._ZN12_GLOBAL__N_14pool8allocateEj.constprop.5
                0x02004e58       0x64 e:/programs/_production/devkitpro/devkitarm/bin/../lib/gcc/arm-none-eabi/7.1.0/../../../../arm-none-eabi/lib/thumb\libstdc++.a(eh_alloc.o)
 .text.__cxa_allocate_exception
                0x02004ebc       0x30 e:/programs/_production/devkitpro/devkitarm/bin/../lib/gcc/arm-none-eabi/7.1.0/../../../../arm-none-eabi/lib/thumb\libstdc++.a(eh_alloc.o)
                0x02004ebc                __cxa_allocate_exception
 .text.__cxa_free_exception
                0x02004eec       0x28 e:/programs/_production/devkitpro/devkitarm/bin/../lib/gcc/arm-none-eabi/7.1.0/../../../../arm-none-eabi/lib/thumb\libstdc++.a(eh_alloc.o)
                0x02004eec                __cxa_free_exception
 .text.startup._GLOBAL__sub_I__ZN9__gnu_cxx9__freeresEv
                0x02004f14       0x30 e:/programs/_production/devkitpro/devkitarm/bin/../lib/gcc/arm-none-eabi/7.1.0/../../../../arm-none-eabi/lib/thumb\libstdc++.a(eh_alloc.o)
 .text._ZSt15get_new_handlerv
                0x02004f44        0xc e:/programs/_production/devkitpro/devkitarm/bin/../lib/gcc/arm-none-eabi/7.1.0/../../../../arm-none-eabi/lib/thumb\libstdc++.a(new_handler.o)
                0x02004f44                std::get_new_handler()
 .text._ZN10__cxxabiv111__terminateEPFvvE
                0x02004f50       0x2c e:/programs/_production/devkitpro/devkitarm/bin/../lib/gcc/arm-none-eabi/7.1.0/../../../../arm-none-eabi/lib/thumb\libstdc++.a(eh_terminate.o)
                0x02004f50                __cxxabiv1::__terminate(void (*)())
 .text._ZSt9terminatev
                0x02004f7c       0x10 e:/programs/_production/devkitpro/devkitarm/bin/../lib/gcc/arm-none-eabi/7.1.0/../../../../arm-none-eabi/lib/thumb\libstdc++.a(eh_terminate.o)
                0x02004f7c                std::terminate()
 .text._ZN10__cxxabiv112__unexpectedEPFvvE
                0x02004f8c        0xc e:/programs/_production/devkitpro/devkitarm/bin/../lib/gcc/arm-none-eabi/7.1.0/../../../../arm-none-eabi/lib/thumb\libstdc++.a(eh_terminate.o)
                0x02004f8c                __cxxabiv1::__unexpected(void (*)())
 .text._ZSt10unexpectedv
                0x02004f98       0x10 e:/programs/_production/devkitpro/devkitarm/bin/../lib/gcc/arm-none-eabi/7.1.0/../../../../arm-none-eabi/lib/thumb\libstdc++.a(eh_terminate.o)
                0x02004f98                std::unexpected()
 .text._ZSt13get_terminatev
                0x02004fa8        0xc e:/programs/_production/devkitpro/devkitarm/bin/../lib/gcc/arm-none-eabi/7.1.0/../../../../arm-none-eabi/lib/thumb\libstdc++.a(eh_terminate.o)
                0x02004fa8                std::get_terminate()
 .text._ZSt14get_unexpectedv
                0x02004fb4        0xc e:/programs/_production/devkitpro/devkitarm/bin/../lib/gcc/arm-none-eabi/7.1.0/../../../../arm-none-eabi/lib/thumb\libstdc++.a(eh_terminate.o)
                0x02004fb4                std::get_unexpected()
 .text._ZNKSt9bad_alloc4whatEv
                0x02004fc0        0x8 e:/programs/_production/devkitpro/devkitarm/bin/../lib/gcc/arm-none-eabi/7.1.0/../../../../arm-none-eabi/lib/thumb\libstdc++.a(bad_alloc.o)
                0x02004fc0                std::bad_alloc::what() const
 .text._ZNSt9bad_allocD2Ev
                0x02004fc8       0x1c e:/programs/_production/devkitpro/devkitarm/bin/../lib/gcc/arm-none-eabi/7.1.0/../../../../arm-none-eabi/lib/thumb\libstdc++.a(bad_alloc.o)
                0x02004fc8                std::bad_alloc::~bad_alloc()
                0x02004fc8                std::bad_alloc::~bad_alloc()
 .text._ZNSt9bad_allocD0Ev
                0x02004fe4       0x24 e:/programs/_production/devkitpro/devkitarm/bin/../lib/gcc/arm-none-eabi/7.1.0/../../../../arm-none-eabi/lib/thumb\libstdc++.a(bad_alloc.o)
                0x02004fe4                std::bad_alloc::~bad_alloc()
 .text.__cxa_end_cleanup
                0x02005008        0xc e:/programs/_production/devkitpro/devkitarm/bin/../lib/gcc/arm-none-eabi/7.1.0/../../../../arm-none-eabi/lib/thumb\libstdc++.a(eh_arm.o)
                0x02005008                __cxa_end_cleanup
 .text.__cxa_type_match
                0x02005014       0xcc e:/programs/_production/devkitpro/devkitarm/bin/../lib/gcc/arm-none-eabi/7.1.0/../../../../arm-none-eabi/lib/thumb\libstdc++.a(eh_arm.o)
                0x02005014                __cxa_type_match
 .text.__cxa_begin_cleanup
                0x020050e0       0x64 e:/programs/_production/devkitpro/devkitarm/bin/../lib/gcc/arm-none-eabi/7.1.0/../../../../arm-none-eabi/lib/thumb\libstdc++.a(eh_arm.o)
                0x020050e0                __cxa_begin_cleanup
 .text.__gnu_end_cleanup
                0x02005144       0x74 e:/programs/_production/devkitpro/devkitarm/bin/../lib/gcc/arm-none-eabi/7.1.0/../../../../arm-none-eabi/lib/thumb\libstdc++.a(eh_arm.o)
                0x02005144                __gnu_end_cleanup
 .text._ZL23__gxx_exception_cleanup19_Unwind_Reason_CodeP21_Unwind_Control_Block
                0x020051b8       0x3c e:/programs/_production/devkitpro/devkitarm/bin/../lib/gcc/arm-none-eabi/7.1.0/../../../../arm-none-eabi/lib/thumb\libstdc++.a(eh_throw.o)
 .text.__cxa_init_primary_exception
                0x020051f4       0x50 e:/programs/_production/devkitpro/devkitarm/bin/../lib/gcc/arm-none-eabi/7.1.0/../../../../arm-none-eabi/lib/thumb\libstdc++.a(eh_throw.o)
                0x020051f4                __cxa_init_primary_exception
 .text.__cxa_throw
                0x02005244       0x34 e:/programs/_production/devkitpro/devkitarm/bin/../lib/gcc/arm-none-eabi/7.1.0/../../../../arm-none-eabi/lib/thumb\libstdc++.a(eh_throw.o)
                0x02005244                __cxa_throw
 .text.__cxa_rethrow
                0x02005278       0x70 e:/programs/_production/devkitpro/devkitarm/bin/../lib/gcc/arm-none-eabi/7.1.0/../../../../arm-none-eabi/lib/thumb\libstdc++.a(eh_throw.o)
                0x02005278                __cxa_rethrow
 .text._ZNSt9exceptionD2Ev
                0x020052e8        0x4 e:/programs/_production/devkitpro/devkitarm/bin/../lib/gcc/arm-none-eabi/7.1.0/../../../../arm-none-eabi/lib/thumb\libstdc++.a(eh_exception.o)
                0x020052e8                std::exception::~exception()
                0x020052e8                std::exception::~exception()
 .text._ZNSt13bad_exceptionD2Ev
                0x020052ec        0x4 e:/programs/_production/devkitpro/devkitarm/bin/../lib/gcc/arm-none-eabi/7.1.0/../../../../arm-none-eabi/lib/thumb\libstdc++.a(eh_exception.o)
                0x020052ec                std::bad_exception::~bad_exception()
                0x020052ec                std::bad_exception::~bad_exception()
 .text._ZNKSt13bad_exception4whatEv
                0x020052f0        0x8 e:/programs/_production/devkitpro/devkitarm/bin/../lib/gcc/arm-none-eabi/7.1.0/../../../../arm-none-eabi/lib/thumb\libstdc++.a(eh_exception.o)
                0x020052f0                std::bad_exception::what() const
                0x020052f0                transaction clone for std::bad_exception::what() const
 .text._ZNSt13bad_exceptionD0Ev
                0x020052f8       0x14 e:/programs/_production/devkitpro/devkitarm/bin/../lib/gcc/arm-none-eabi/7.1.0/../../../../arm-none-eabi/lib/thumb\libstdc++.a(eh_exception.o)
                0x020052f8                std::bad_exception::~bad_exception()
 .text._ZN10__cxxabiv120__si_class_type_infoD2Ev
                0x0200530c       0x1c e:/programs/_production/devkitpro/devkitarm/bin/../lib/gcc/arm-none-eabi/7.1.0/../../../../arm-none-eabi/lib/thumb\libstdc++.a(si_class_type_info.o)
                0x0200530c                __cxxabiv1::__si_class_type_info::~__si_class_type_info()
                0x0200530c                __cxxabiv1::__si_class_type_info::~__si_class_type_info()
 .text._ZN10__cxxabiv120__si_class_type_infoD0Ev
                0x02005328       0x24 e:/programs/_production/devkitpro/devkitarm/bin/../lib/gcc/arm-none-eabi/7.1.0/../../../../arm-none-eabi/lib/thumb\libstdc++.a(si_class_type_info.o)
                0x02005328                __cxxabiv1::__si_class_type_info::~__si_class_type_info()
 .text._ZNK10__cxxabiv120__si_class_type_info20__do_find_public_srcEiPKvPKNS_17__class_type_infoES2_
                0x0200534c       0x40 e:/programs/_production/devkitpro/devkitarm/bin/../lib/gcc/arm-none-eabi/7.1.0/../../../../arm-none-eabi/lib/thumb\libstdc++.a(si_class_type_info.o)
                0x0200534c                __cxxabiv1::__si_class_type_info::__do_find_public_src(int, void const*, __cxxabiv1::__class_type_info const*, void const*) const
 .text._ZNK10__cxxabiv120__si_class_type_info12__do_dyncastEiNS_17__class_type_info10__sub_kindEPKS1_PKvS4_S6_RNS1_16__dyncast_resultE
                0x0200538c       0x9c e:/programs/_production/devkitpro/devkitarm/bin/../lib/gcc/arm-none-eabi/7.1.0/../../../../arm-none-eabi/lib/thumb\libstdc++.a(si_class_type_info.o)
                0x0200538c                __cxxabiv1::__si_class_type_info::__do_dyncast(int, __cxxabiv1::__class_type_info::__sub_kind, __cxxabiv1::__class_type_info const*, void const*, __cxxabiv1::__class_type_info const*, void const*, __cxxabiv1::__class_type_info::__dyncast_result&) const
 .text._ZNK10__cxxabiv120__si_class_type_info11__do_upcastEPKNS_17__class_type_infoEPKvRNS1_15__upcast_resultE
                0x02005428       0x2c e:/programs/_production/devkitpro/devkitarm/bin/../lib/gcc/arm-none-eabi/7.1.0/../../../../arm-none-eabi/lib/thumb\libstdc++.a(si_class_type_info.o)
                0x02005428                __cxxabiv1::__si_class_type_info::__do_upcast(__cxxabiv1::__class_type_info const*, void const*, __cxxabiv1::__class_type_info::__upcast_result&) const
 .text._ZN10__cxxabiv1L24__is_gxx_exception_classEPc
                0x02005454       0x3c e:/programs/_production/devkitpro/devkitarm/bin/../lib/gcc/arm-none-eabi/7.1.0/../../../../arm-none-eabi/lib/thumb\libstdc++.a(eh_call.o)
 .text.__cxa_call_terminate
                0x02005490       0x20 e:/programs/_production/devkitpro/devkitarm/bin/../lib/gcc/arm-none-eabi/7.1.0/../../../../arm-none-eabi/lib/thumb\libstdc++.a(eh_call.o)
                0x02005490                __cxa_call_terminate
 .text.__cxa_call_unexpected
                0x020054b0       0xf8 e:/programs/_production/devkitpro/devkitarm/bin/../lib/gcc/arm-none-eabi/7.1.0/../../../../arm-none-eabi/lib/thumb\libstdc++.a(eh_call.o)
                0x020054b0                __cxa_call_unexpected
 .text.__cxa_get_globals_fast
                0x020055a8        0x8 e:/programs/_production/devkitpro/devkitarm/bin/../lib/gcc/arm-none-eabi/7.1.0/../../../../arm-none-eabi/lib/thumb\libstdc++.a(eh_globals.o)
                0x020055a8                __cxa_get_globals_fast
 .text.__cxa_get_globals
                0x020055b0        0x8 e:/programs/_production/devkitpro/devkitarm/bin/../lib/gcc/arm-none-eabi/7.1.0/../../../../arm-none-eabi/lib/thumb\libstdc++.a(eh_globals.o)
                0x020055b0                __cxa_get_globals
 .text.__cxa_begin_catch
                0x020055b8       0x7c e:/programs/_production/devkitpro/devkitarm/bin/../lib/gcc/arm-none-eabi/7.1.0/../../../../arm-none-eabi/lib/thumb\libstdc++.a(eh_catch.o)
                0x020055b8                __cxa_begin_catch
 .text.__cxa_end_catch
                0x02005634       0x90 e:/programs/_production/devkitpro/devkitarm/bin/../lib/gcc/arm-none-eabi/7.1.0/../../../../arm-none-eabi/lib/thumb\libstdc++.a(eh_catch.o)
                0x02005634                __cxa_end_catch
 .text._ZNSt9type_infoD2Ev
                0x020056c4        0x4 e:/programs/_production/devkitpro/devkitarm/bin/../lib/gcc/arm-none-eabi/7.1.0/../../../../arm-none-eabi/lib/thumb\libstdc++.a(tinfo.o)
                0x020056c4                std::type_info::~type_info()
                0x020056c4                std::type_info::~type_info()
 .text._ZNKSt9type_info14__is_pointer_pEv
                0x020056c8        0x4 e:/programs/_production/devkitpro/devkitarm/bin/../lib/gcc/arm-none-eabi/7.1.0/../../../../arm-none-eabi/lib/thumb\libstdc++.a(tinfo.o)
                0x020056c8                std::type_info::__is_pointer_p() const
                0x020056c8                std::type_info::__is_function_p() const
 .text._ZNKSt9type_infoeqERKS_
                0x020056cc       0x30 e:/programs/_production/devkitpro/devkitarm/bin/../lib/gcc/arm-none-eabi/7.1.0/../../../../arm-none-eabi/lib/thumb\libstdc++.a(tinfo.o)
                0x020056cc                std::type_info::operator==(std::type_info const&) const
 .text._ZL28read_encoded_value_with_basehjPKhPj
                0x020056fc      0x108 e:/programs/_production/devkitpro/devkitarm/bin/../lib/gcc/arm-none-eabi/7.1.0/../../../../arm-none-eabi/lib/thumb\libstdc++.a(eh_personality.o)
 .text._ZL21base_of_encoded_valuehP15_Unwind_Context.part.3
                0x02005804       0x44 e:/programs/_production/devkitpro/devkitarm/bin/../lib/gcc/arm-none-eabi/7.1.0/../../../../arm-none-eabi/lib/thumb\libstdc++.a(eh_personality.o)
 .text._ZL17parse_lsda_headerP15_Unwind_ContextPKhP16lsda_header_info
                0x02005848       0xa0 e:/programs/_production/devkitpro/devkitarm/bin/../lib/gcc/arm-none-eabi/7.1.0/../../../../arm-none-eabi/lib/thumb\libstdc++.a(eh_personality.o)
 .text.__gxx_personality_v0
                0x020058e8      0x4b0 e:/programs/_production/devkitpro/devkitarm/bin/../lib/gcc/arm-none-eabi/7.1.0/../../../../arm-none-eabi/lib/thumb\libstdc++.a(eh_personality.o)
                0x020058e8                __gxx_personality_v0
 .text._ZNK10__cxxabiv117__class_type_info11__do_upcastEPKS0_PPv
                0x02005d98       0x40 e:/programs/_production/devkitpro/devkitarm/bin/../lib/gcc/arm-none-eabi/7.1.0/../../../../arm-none-eabi/lib/thumb\libstdc++.a(class_type_info.o)
                0x02005d98                __cxxabiv1::__class_type_info::__do_upcast(__cxxabiv1::__class_type_info const*, void**) const
 .text._ZNK10__cxxabiv117__class_type_info20__do_find_public_srcEiPKvPKS0_S2_
                0x02005dd8       0x14 e:/programs/_production/devkitpro/devkitarm/bin/../lib/gcc/arm-none-eabi/7.1.0/../../../../arm-none-eabi/lib/thumb\libstdc++.a(class_type_info.o)
                0x02005dd8                __cxxabiv1::__class_type_info::__do_find_public_src(int, void const*, __cxxabiv1::__class_type_info const*, void const*) const
 .text._ZN10__cxxabiv117__class_type_infoD2Ev
                0x02005dec       0x1c e:/programs/_production/devkitpro/devkitarm/bin/../lib/gcc/arm-none-eabi/7.1.0/../../../../arm-none-eabi/lib/thumb\libstdc++.a(class_type_info.o)
                0x02005dec                __cxxabiv1::__class_type_info::~__class_type_info()
                0x02005dec                __cxxabiv1::__class_type_info::~__class_type_info()
 .text._ZN10__cxxabiv117__class_type_infoD0Ev
                0x02005e08       0x24 e:/programs/_production/devkitpro/devkitarm/bin/../lib/gcc/arm-none-eabi/7.1.0/../../../../arm-none-eabi/lib/thumb\libstdc++.a(class_type_info.o)
                0x02005e08                __cxxabiv1::__class_type_info::~__class_type_info()
 .text._ZNK10__cxxabiv117__class_type_info12__do_dyncastEiNS0_10__sub_kindEPKS0_PKvS3_S5_RNS0_16__dyncast_resultE
                0x02005e2c       0x44 e:/programs/_production/devkitpro/devkitarm/bin/../lib/gcc/arm-none-eabi/7.1.0/../../../../arm-none-eabi/lib/thumb\libstdc++.a(class_type_info.o)
                0x02005e2c                __cxxabiv1::__class_type_info::__do_dyncast(int, __cxxabiv1::__class_type_info::__sub_kind, __cxxabiv1::__class_type_info const*, void const*, __cxxabiv1::__class_type_info const*, void const*, __cxxabiv1::__class_type_info::__dyncast_result&) const
 .text._ZNK10__cxxabiv117__class_type_info11__do_upcastEPKS0_PKvRNS0_15__upcast_resultE
                0x02005e70       0x20 e:/programs/_production/devkitpro/devkitarm/bin/../lib/gcc/arm-none-eabi/7.1.0/../../../../arm-none-eabi/lib/thumb\libstdc++.a(class_type_info.o)
                0x02005e70                __cxxabiv1::__class_type_info::__do_upcast(__cxxabiv1::__class_type_info const*, void const*, __cxxabiv1::__class_type_info::__upcast_result&) const
 .text._ZNK10__cxxabiv117__class_type_info10__do_catchEPKSt9type_infoPPvj
                0x02005e90       0x30 e:/programs/_production/devkitpro/devkitarm/bin/../lib/gcc/arm-none-eabi/7.1.0/../../../../arm-none-eabi/lib/thumb\libstdc++.a(class_type_info.o)
                0x02005e90                __cxxabiv1::__class_type_info::__do_catch(std::type_info const*, void**, unsigned int) const
 .text.selfrel_offset31
                0x02005ec0       0x18 e:/programs/_production/devkitpro/devkitarm/bin/../lib/gcc/arm-none-eabi/7.1.0/thumb\libgcc.a(unwind-arm.o)
 .text.search_EIT_table
                0x02005ed8       0x78 e:/programs/_production/devkitpro/devkitarm/bin/../lib/gcc/arm-none-eabi/7.1.0/thumb\libgcc.a(unwind-arm.o)
 .text.__gnu_unwind_get_pr_addr
                0x02005f50       0x28 e:/programs/_production/devkitpro/devkitarm/bin/../lib/gcc/arm-none-eabi/7.1.0/thumb\libgcc.a(unwind-arm.o)
 .text.get_eit_entry
                0x02005f78       0xa0 e:/programs/_production/devkitpro/devkitarm/bin/../lib/gcc/arm-none-eabi/7.1.0/thumb\libgcc.a(unwind-arm.o)
 .text.restore_non_core_regs
                0x02006018       0x58 e:/programs/_production/devkitpro/devkitarm/bin/../lib/gcc/arm-none-eabi/7.1.0/thumb\libgcc.a(unwind-arm.o)
 .text._Unwind_decode_typeinfo_ptr.isra.0
                0x02006070        0xc e:/programs/_production/devkitpro/devkitarm/bin/../lib/gcc/arm-none-eabi/7.1.0/thumb\libgcc.a(unwind-arm.o)
 .text._Unwind_DebugHook
                0x0200607c        0x4 e:/programs/_production/devkitpro/devkitarm/bin/../lib/gcc/arm-none-eabi/7.1.0/thumb\libgcc.a(unwind-arm.o)
 .text.unwind_phase2
                0x02006080       0x40 e:/programs/_production/devkitpro/devkitarm/bin/../lib/gcc/arm-none-eabi/7.1.0/thumb\libgcc.a(unwind-arm.o)
 .text.unwind_phase2_forced
                0x020060c0       0xd8 e:/programs/_production/devkitpro/devkitarm/bin/../lib/gcc/arm-none-eabi/7.1.0/thumb\libgcc.a(unwind-arm.o)
 .text.__gnu_Unwind_RaiseException
                0x02006198       0x5c e:/programs/_production/devkitpro/devkitarm/bin/../lib/gcc/arm-none-eabi/7.1.0/thumb\libgcc.a(unwind-arm.o)
                0x02006198                __gnu_Unwind_RaiseException
 .text.__gnu_Unwind_ForcedUnwind
                0x020061f4       0x18 e:/programs/_production/devkitpro/devkitarm/bin/../lib/gcc/arm-none-eabi/7.1.0/thumb\libgcc.a(unwind-arm.o)
                0x020061f4                __gnu_Unwind_ForcedUnwind
 .text.__gnu_Unwind_Resume
                0x0200620c       0x4c e:/programs/_production/devkitpro/devkitarm/bin/../lib/gcc/arm-none-eabi/7.1.0/thumb\libgcc.a(unwind-arm.o)
                0x0200620c                __gnu_Unwind_Resume
 .text.__gnu_Unwind_Resume_or_Rethrow
                0x02006258       0x20 e:/programs/_production/devkitpro/devkitarm/bin/../lib/gcc/arm-none-eabi/7.1.0/thumb\libgcc.a(unwind-arm.o)
                0x02006258                __gnu_Unwind_Resume_or_Rethrow
 .text._Unwind_Complete
                0x02006278        0x4 e:/programs/_production/devkitpro/devkitarm/bin/../lib/gcc/arm-none-eabi/7.1.0/thumb\libgcc.a(unwind-arm.o)
                0x02006278                _Unwind_Complete
 .text._Unwind_DeleteException
                0x0200627c       0x18 e:/programs/_production/devkitpro/devkitarm/bin/../lib/gcc/arm-none-eabi/7.1.0/thumb\libgcc.a(unwind-arm.o)
                0x0200627c                _Unwind_DeleteException
 .text._Unwind_VRS_Get
                0x02006294       0x34 e:/programs/_production/devkitpro/devkitarm/bin/../lib/gcc/arm-none-eabi/7.1.0/thumb\libgcc.a(unwind-arm.o)
                0x02006294                _Unwind_VRS_Get
 .text._Unwind_GetGR
                0x020062c8       0x1c e:/programs/_production/devkitpro/devkitarm/bin/../lib/gcc/arm-none-eabi/7.1.0/thumb\libgcc.a(unwind-arm.o)
 .text._Unwind_VRS_Set
                0x020062e4       0x34 e:/programs/_production/devkitpro/devkitarm/bin/../lib/gcc/arm-none-eabi/7.1.0/thumb\libgcc.a(unwind-arm.o)
                0x020062e4                _Unwind_VRS_Set
 .text._Unwind_SetGR
                0x02006318       0x1c e:/programs/_production/devkitpro/devkitarm/bin/../lib/gcc/arm-none-eabi/7.1.0/thumb\libgcc.a(unwind-arm.o)
 .text.__gnu_Unwind_Backtrace
                0x02006334       0x80 e:/programs/_production/devkitpro/devkitarm/bin/../lib/gcc/arm-none-eabi/7.1.0/thumb\libgcc.a(unwind-arm.o)
                0x02006334                __gnu_Unwind_Backtrace
 .text.__gnu_unwind_pr_common
                0x020063b4      0x2f4 e:/programs/_production/devkitpro/devkitarm/bin/../lib/gcc/arm-none-eabi/7.1.0/thumb\libgcc.a(unwind-arm.o)
 .text.__aeabi_unwind_cpp_pr0
                0x020066a8       0x10 e:/programs/_production/devkitpro/devkitarm/bin/../lib/gcc/arm-none-eabi/7.1.0/thumb\libgcc.a(unwind-arm.o)
                0x020066a8                __aeabi_unwind_cpp_pr0
 .text.__aeabi_unwind_cpp_pr1
                0x020066b8       0x10 e:/programs/_production/devkitpro/devkitarm/bin/../lib/gcc/arm-none-eabi/7.1.0/thumb\libgcc.a(unwind-arm.o)
                0x020066b8                __aeabi_unwind_cpp_pr1
 .text.__aeabi_unwind_cpp_pr2
                0x020066c8       0x10 e:/programs/_production/devkitpro/devkitarm/bin/../lib/gcc/arm-none-eabi/7.1.0/thumb\libgcc.a(unwind-arm.o)
                0x020066c8                __aeabi_unwind_cpp_pr2
 .text._Unwind_VRS_Pop
                0x020066d8      0x2b0 e:/programs/_production/devkitpro/devkitarm/bin/../lib/gcc/arm-none-eabi/7.1.0/thumb\libgcc.a(unwind-arm.o)
                0x020066d8                _Unwind_VRS_Pop
 .text.next_unwind_byte
                0x02006988       0x34 e:/programs/_production/devkitpro/devkitarm/bin/../lib/gcc/arm-none-eabi/7.1.0/thumb\libgcc.a(pr-support.o)
 .text._Unwind_GetGR.constprop.0
                0x020069bc       0x1c e:/programs/_production/devkitpro/devkitarm/bin/../lib/gcc/arm-none-eabi/7.1.0/thumb\libgcc.a(pr-support.o)
 .text.unwind_UCB_from_context
                0x020069d8        0xc e:/programs/_production/devkitpro/devkitarm/bin/../lib/gcc/arm-none-eabi/7.1.0/thumb\libgcc.a(pr-support.o)
 .text.__gnu_unwind_execute
                0x020069e4      0x2f0 e:/programs/_production/devkitpro/devkitarm/bin/../lib/gcc/arm-none-eabi/7.1.0/thumb\libgcc.a(pr-support.o)
                0x020069e4                __gnu_unwind_execute
 .text.__gnu_unwind_frame
                0x02006cd4       0x2c e:/programs/_production/devkitpro/devkitarm/bin/../lib/gcc/arm-none-eabi/7.1.0/thumb\libgcc.a(pr-support.o)
                0x02006cd4                __gnu_unwind_frame
 .text._Unwind_GetRegionStart
                0x02006d00       0x10 e:/programs/_production/devkitpro/devkitarm/bin/../lib/gcc/arm-none-eabi/7.1.0/thumb\libgcc.a(pr-support.o)
                0x02006d00                _Unwind_GetRegionStart
 .text._Unwind_GetLanguageSpecificData
                0x02006d10       0x18 e:/programs/_production/devkitpro/devkitarm/bin/../lib/gcc/arm-none-eabi/7.1.0/thumb\libgcc.a(pr-support.o)
                0x02006d10                _Unwind_GetLanguageSpecificData
 .text._Unwind_GetDataRelBase
                0x02006d28        0x8 e:/programs/_production/devkitpro/devkitarm/bin/../lib/gcc/arm-none-eabi/7.1.0/thumb\libgcc.a(pr-support.o)
                0x02006d28                _Unwind_GetDataRelBase
 .text._Unwind_GetTextRelBase
                0x02006d30        0x8 e:/programs/_production/devkitpro/devkitarm/bin/../lib/gcc/arm-none-eabi/7.1.0/thumb\libgcc.a(pr-support.o)
                0x02006d30                _Unwind_GetTextRelBase
 .text.abort    0x02006d38       0x10 e:/programs/_production/devkitpro/devkitarm/bin/../lib/gcc/arm-none-eabi/7.1.0/../../../../arm-none-eabi/lib/thumb\libg.a(lib_a-abort.o)
                0x02006d38                abort
 .text._fclose_r
                0x02006d48       0xe0 e:/programs/_production/devkitpro/devkitarm/bin/../lib/gcc/arm-none-eabi/7.1.0/../../../../arm-none-eabi/lib/thumb\libg.a(lib_a-fclose.o)
                0x02006d48                _fclose_r
 .text.fclose   0x02006e28       0x14 e:/programs/_production/devkitpro/devkitarm/bin/../lib/gcc/arm-none-eabi/7.1.0/../../../../arm-none-eabi/lib/thumb\libg.a(lib_a-fclose.o)
                0x02006e28                fclose
 .text.__sflush_r
                0x02006e3c      0x19c e:/programs/_production/devkitpro/devkitarm/bin/../lib/gcc/arm-none-eabi/7.1.0/../../../../arm-none-eabi/lib/thumb\libg.a(lib_a-fflush.o)
                0x02006e3c                __sflush_r
 .text._fflush_r
                0x02006fd8       0x58 e:/programs/_production/devkitpro/devkitarm/bin/../lib/gcc/arm-none-eabi/7.1.0/../../../../arm-none-eabi/lib/thumb\libg.a(lib_a-fflush.o)
                0x02006fd8                _fflush_r
 .text.fflush   0x02007030       0x2c e:/programs/_production/devkitpro/devkitarm/bin/../lib/gcc/arm-none-eabi/7.1.0/../../../../arm-none-eabi/lib/thumb\libg.a(lib_a-fflush.o)
                0x02007030                fflush
 .text._cleanup_r
                0x0200705c       0x14 e:/programs/_production/devkitpro/devkitarm/bin/../lib/gcc/arm-none-eabi/7.1.0/../../../../arm-none-eabi/lib/thumb\libg.a(lib_a-findfp.o)
                0x0200705c                _cleanup_r
 .text.std.isra.0
                0x02007070       0x54 e:/programs/_production/devkitpro/devkitarm/bin/../lib/gcc/arm-none-eabi/7.1.0/../../../../arm-none-eabi/lib/thumb\libg.a(lib_a-findfp.o)
 .text.__sfmoreglue
                0x020070c4       0x34 e:/programs/_production/devkitpro/devkitarm/bin/../lib/gcc/arm-none-eabi/7.1.0/../../../../arm-none-eabi/lib/thumb\libg.a(lib_a-findfp.o)
                0x020070c4                __sfmoreglue
 .text.__sinit  0x020070f8       0x64 e:/programs/_production/devkitpro/devkitarm/bin/../lib/gcc/arm-none-eabi/7.1.0/../../../../arm-none-eabi/lib/thumb\libg.a(lib_a-findfp.o)
                0x020070f8                __sinit
 .text.__sfp    0x0200715c       0xb0 e:/programs/_production/devkitpro/devkitarm/bin/../lib/gcc/arm-none-eabi/7.1.0/../../../../arm-none-eabi/lib/thumb\libg.a(lib_a-findfp.o)
                0x0200715c                __sfp
 .text.__sfp_lock_acquire
                0x0200720c       0x14 e:/programs/_production/devkitpro/devkitarm/bin/../lib/gcc/arm-none-eabi/7.1.0/../../../../arm-none-eabi/lib/thumb\libg.a(lib_a-findfp.o)
                0x0200720c                __sfp_lock_acquire
 .text.__sfp_lock_release
                0x02007220       0x14 e:/programs/_production/devkitpro/devkitarm/bin/../lib/gcc/arm-none-eabi/7.1.0/../../../../arm-none-eabi/lib/thumb\libg.a(lib_a-findfp.o)
                0x02007220                __sfp_lock_release
 .text._fopen_r
                0x02007234       0xb8 e:/programs/_production/devkitpro/devkitarm/bin/../lib/gcc/arm-none-eabi/7.1.0/../../../../arm-none-eabi/lib/thumb\libg.a(lib_a-fopen.o)
                0x02007234                _fopen_r
 .text.fopen    0x020072ec       0x18 e:/programs/_production/devkitpro/devkitarm/bin/../lib/gcc/arm-none-eabi/7.1.0/../../../../arm-none-eabi/lib/thumb\libg.a(lib_a-fopen.o)
                0x020072ec                fopen
 .text._malloc_trim_r
                0x02007304       0xa4 e:/programs/_production/devkitpro/devkitarm/bin/../lib/gcc/arm-none-eabi/7.1.0/../../../../arm-none-eabi/lib/thumb\libg.a(lib_a-freer.o)
                0x02007304                _malloc_trim_r
 .text._free_r  0x020073a8      0x1d8 e:/programs/_production/devkitpro/devkitarm/bin/../lib/gcc/arm-none-eabi/7.1.0/../../../../arm-none-eabi/lib/thumb\libg.a(lib_a-freer.o)
                0x020073a8                _free_r
 .text._fseek_r
                0x02007580       0x14 e:/programs/_production/devkitpro/devkitarm/bin/../lib/gcc/arm-none-eabi/7.1.0/../../../../arm-none-eabi/lib/thumb\libg.a(lib_a-fseek.o)
                0x02007580                _fseek_r
 .text._fseeko_r
                0x02007594      0x428 e:/programs/_production/devkitpro/devkitarm/bin/../lib/gcc/arm-none-eabi/7.1.0/../../../../arm-none-eabi/lib/thumb\libg.a(lib_a-fseeko.o)
                0x02007594                _fseeko_r
 .text._fwalk   0x020079bc       0x4c e:/programs/_production/devkitpro/devkitarm/bin/../lib/gcc/arm-none-eabi/7.1.0/../../../../arm-none-eabi/lib/thumb\libg.a(lib_a-fwalk.o)
                0x020079bc                _fwalk
 .text._fwalk_reent
                0x02007a08       0x54 e:/programs/_production/devkitpro/devkitarm/bin/../lib/gcc/arm-none-eabi/7.1.0/../../../../arm-none-eabi/lib/thumb\libg.a(lib_a-fwalk.o)
                0x02007a08                _fwalk_reent
 .text._fwrite_r
                0x02007a5c       0x94 e:/programs/_production/devkitpro/devkitarm/bin/../lib/gcc/arm-none-eabi/7.1.0/../../../../arm-none-eabi/lib/thumb\libg.a(lib_a-fwrite.o)
                0x02007a5c                _fwrite_r
 .text.fwrite   0x02007af0       0x24 e:/programs/_production/devkitpro/devkitarm/bin/../lib/gcc/arm-none-eabi/7.1.0/../../../../arm-none-eabi/lib/thumb\libg.a(lib_a-fwrite.o)
                0x02007af0                fwrite
 .text.__libc_init_array
                0x02007b14       0x54 e:/programs/_production/devkitpro/devkitarm/bin/../lib/gcc/arm-none-eabi/7.1.0/../../../../arm-none-eabi/lib/thumb\libg.a(lib_a-init.o)
                0x02007b14                __libc_init_array
 .text.iprintf  0x02007b68       0x24 e:/programs/_production/devkitpro/devkitarm/bin/../lib/gcc/arm-none-eabi/7.1.0/../../../../arm-none-eabi/lib/thumb\libg.a(lib_a-iprintf.o)
                0x02007b68                iprintf
 .text.__swhatbuf_r
                0x02007b8c       0x64 e:/programs/_production/devkitpro/devkitarm/bin/../lib/gcc/arm-none-eabi/7.1.0/../../../../arm-none-eabi/lib/thumb\libg.a(lib_a-makebuf.o)
                0x02007b8c                __swhatbuf_r
 .text.__smakebuf_r
                0x02007bf0       0x98 e:/programs/_production/devkitpro/devkitarm/bin/../lib/gcc/arm-none-eabi/7.1.0/../../../../arm-none-eabi/lib/thumb\libg.a(lib_a-makebuf.o)
                0x02007bf0                __smakebuf_r
 .text.malloc   0x02007c88       0x14 e:/programs/_production/devkitpro/devkitarm/bin/../lib/gcc/arm-none-eabi/7.1.0/../../../../arm-none-eabi/lib/thumb\libg.a(lib_a-malloc.o)
                0x02007c88                malloc
 .text.free     0x02007c9c       0x14 e:/programs/_production/devkitpro/devkitarm/bin/../lib/gcc/arm-none-eabi/7.1.0/../../../../arm-none-eabi/lib/thumb\libg.a(lib_a-malloc.o)
                0x02007c9c                free
 .text._malloc_r
                0x02007cb0      0x56c e:/programs/_production/devkitpro/devkitarm/bin/../lib/gcc/arm-none-eabi/7.1.0/../../../../arm-none-eabi/lib/thumb\libg.a(lib_a-mallocr.o)
                0x02007cb0                _malloc_r
 .text.memcpy   0x0200821c       0x8c e:/programs/_production/devkitpro/devkitarm/bin/../lib/gcc/arm-none-eabi/7.1.0/../../../../arm-none-eabi/lib/thumb\libg.a(lib_a-memcpy-stub.o)
                0x0200821c                memcpy
 .text.memset   0x020082a8       0xa4 e:/programs/_production/devkitpro/devkitarm/bin/../lib/gcc/arm-none-eabi/7.1.0/../../../../arm-none-eabi/lib/thumb\libg.a(lib_a-memset.o)
                0x020082a8                memset
 .text.__malloc_lock
                0x0200834c       0x14 e:/programs/_production/devkitpro/devkitarm/bin/../lib/gcc/arm-none-eabi/7.1.0/../../../../arm-none-eabi/lib/thumb\libg.a(lib_a-mlock.o)
                0x0200834c                __malloc_lock
 .text.__malloc_unlock
                0x02008360       0x14 e:/programs/_production/devkitpro/devkitarm/bin/../lib/gcc/arm-none-eabi/7.1.0/../../../../arm-none-eabi/lib/thumb\libg.a(lib_a-mlock.o)
                0x02008360                __malloc_unlock
 .text.printf   0x02008374       0x24 e:/programs/_production/devkitpro/devkitarm/bin/../lib/gcc/arm-none-eabi/7.1.0/../../../../arm-none-eabi/lib/thumb\libg.a(lib_a-printf.o)
                0x02008374                printf
 .text.rand     0x02008398       0x34 e:/programs/_production/devkitpro/devkitarm/bin/../lib/gcc/arm-none-eabi/7.1.0/../../../../arm-none-eabi/lib/thumb\libg.a(lib_a-rand.o)
                0x02008398                rand
 .text.lflush   0x020083cc       0x20 e:/programs/_production/devkitpro/devkitarm/bin/../lib/gcc/arm-none-eabi/7.1.0/../../../../arm-none-eabi/lib/thumb\libg.a(lib_a-refill.o)
 .text.__srefill_r
                0x020083ec      0x110 e:/programs/_production/devkitpro/devkitarm/bin/../lib/gcc/arm-none-eabi/7.1.0/../../../../arm-none-eabi/lib/thumb\libg.a(lib_a-refill.o)
                0x020083ec                __srefill_r
 .text.setvbuf  0x020084fc      0x194 e:/programs/_production/devkitpro/devkitarm/bin/../lib/gcc/arm-none-eabi/7.1.0/../../../../arm-none-eabi/lib/thumb\libg.a(lib_a-setvbuf.o)
                0x020084fc                setvbuf
 .text._raise_r
                0x02008690       0x64 e:/programs/_production/devkitpro/devkitarm/bin/../lib/gcc/arm-none-eabi/7.1.0/../../../../arm-none-eabi/lib/thumb\libg.a(lib_a-signal.o)
                0x02008690                _raise_r
 .text.raise    0x020086f4       0x14 e:/programs/_production/devkitpro/devkitarm/bin/../lib/gcc/arm-none-eabi/7.1.0/../../../../arm-none-eabi/lib/thumb\libg.a(lib_a-signal.o)
                0x020086f4                raise
 .text.siscanf  0x02008708       0x4c e:/programs/_production/devkitpro/devkitarm/bin/../lib/gcc/arm-none-eabi/7.1.0/../../../../arm-none-eabi/lib/thumb\libg.a(lib_a-siscanf.o)
                0x02008708                siscanf
 .text.__sread  0x02008754       0x34 e:/programs/_production/devkitpro/devkitarm/bin/../lib/gcc/arm-none-eabi/7.1.0/../../../../arm-none-eabi/lib/thumb\libg.a(lib_a-stdio.o)
                0x02008754                __sread
 .text.__seofread
                0x02008788        0x4 e:/programs/_production/devkitpro/devkitarm/bin/../lib/gcc/arm-none-eabi/7.1.0/../../../../arm-none-eabi/lib/thumb\libg.a(lib_a-stdio.o)
                0x02008788                __seofread
 .text.__swrite
                0x0200878c       0x48 e:/programs/_production/devkitpro/devkitarm/bin/../lib/gcc/arm-none-eabi/7.1.0/../../../../arm-none-eabi/lib/thumb\libg.a(lib_a-stdio.o)
                0x0200878c                __swrite
 .text.__sseek  0x020087d4       0x40 e:/programs/_production/devkitpro/devkitarm/bin/../lib/gcc/arm-none-eabi/7.1.0/../../../../arm-none-eabi/lib/thumb\libg.a(lib_a-stdio.o)
                0x020087d4                __sseek
 .text.__sclose
                0x02008814       0x10 e:/programs/_production/devkitpro/devkitarm/bin/../lib/gcc/arm-none-eabi/7.1.0/../../../../arm-none-eabi/lib/thumb\libg.a(lib_a-stdio.o)
                0x02008814                __sclose
 .text.strlen   0x02008824       0x68 e:/programs/_production/devkitpro/devkitarm/bin/../lib/gcc/arm-none-eabi/7.1.0/../../../../arm-none-eabi/lib/thumb\libg.a(lib_a-strlen-stub.o)
                0x02008824                strlen
 .text._sungetc_r
                0x0200888c       0x88 e:/programs/_production/devkitpro/devkitarm/bin/../lib/gcc/arm-none-eabi/7.1.0/../../../../arm-none-eabi/lib/thumb\libg.a(lib_a-svfiscanf.o)
                0x0200888c                _sungetc_r
 .text.__ssrefill_r
                0x02008914       0x44 e:/programs/_production/devkitpro/devkitarm/bin/../lib/gcc/arm-none-eabi/7.1.0/../../../../arm-none-eabi/lib/thumb\libg.a(lib_a-svfiscanf.o)
                0x02008914                __ssrefill_r
 .text._sfread_r
                0x02008958       0x90 e:/programs/_production/devkitpro/devkitarm/bin/../lib/gcc/arm-none-eabi/7.1.0/../../../../arm-none-eabi/lib/thumb\libg.a(lib_a-svfiscanf.o)
                0x02008958                _sfread_r
 .text.__ssvfiscanf_r
                0x020089e8     0x1344 e:/programs/_production/devkitpro/devkitarm/bin/../lib/gcc/arm-none-eabi/7.1.0/../../../../arm-none-eabi/lib/thumb\libg.a(lib_a-svfiscanf.o)
                0x020089e8                __ssvfiscanf_r
 .text.__submore
                0x02009d2c       0x88 e:/programs/_production/devkitpro/devkitarm/bin/../lib/gcc/arm-none-eabi/7.1.0/../../../../arm-none-eabi/lib/thumb\libg.a(lib_a-ungetc.o)
                0x02009d2c                __submore
 .text.get_arg  0x02009db4     0x3b24 e:/programs/_production/devkitpro/devkitarm/bin/../lib/gcc/arm-none-eabi/7.1.0/../../../../arm-none-eabi/lib/thumb\libg.a(lib_a-vfiprintf.o)
 .text.__sprint_r.part.0
                0x0200d8d8       0x14 e:/programs/_production/devkitpro/devkitarm/bin/../lib/gcc/arm-none-eabi/7.1.0/../../../../arm-none-eabi/lib/thumb\libg.a(lib_a-vfiprintf.o)
 .text.__sprint_r
                0x0200d8ec       0x18 e:/programs/_production/devkitpro/devkitarm/bin/../lib/gcc/arm-none-eabi/7.1.0/../../../../arm-none-eabi/lib/thumb\libg.a(lib_a-vfiprintf.o)
                0x0200d8ec                __sprint_r
 .text._vfiprintf_r
                0x0200d904     0x1c48 e:/programs/_production/devkitpro/devkitarm/bin/../lib/gcc/arm-none-eabi/7.1.0/../../../../arm-none-eabi/lib/thumb\libg.a(lib_a-vfiprintf.o)
                0x0200d904                _vfiprintf_r
 .text.__sbprintf
                0x0200f54c       0x8c e:/programs/_production/devkitpro/devkitarm/bin/../lib/gcc/arm-none-eabi/7.1.0/../../../../arm-none-eabi/lib/thumb\libg.a(lib_a-vfiprintf.o)
 .text.get_arg  0x0200f5d8     0x3b24 e:/programs/_production/devkitpro/devkitarm/bin/../lib/gcc/arm-none-eabi/7.1.0/../../../../arm-none-eabi/lib/thumb\libg.a(lib_a-vfprintf.o)
 .text._vfprintf_r
                0x020130fc     0x2c48 e:/programs/_production/devkitpro/devkitarm/bin/../lib/gcc/arm-none-eabi/7.1.0/../../../../arm-none-eabi/lib/thumb\libg.a(lib_a-vfprintf.o)
                0x020130fc                _vfprintf_r
 .text.__sbprintf
                0x02015d44       0x8c e:/programs/_production/devkitpro/devkitarm/bin/../lib/gcc/arm-none-eabi/7.1.0/../../../../arm-none-eabi/lib/thumb\libg.a(lib_a-vfprintf.o)
 .text._wcrtomb_r
                0x02015dd0       0x84 e:/programs/_production/devkitpro/devkitarm/bin/../lib/gcc/arm-none-eabi/7.1.0/../../../../arm-none-eabi/lib/thumb\libg.a(lib_a-wcrtomb.o)
                0x02015dd0                _wcrtomb_r
 .text._wcsrtombs_r
                0x02015e54       0x1c e:/programs/_production/devkitpro/devkitarm/bin/../lib/gcc/arm-none-eabi/7.1.0/../../../../arm-none-eabi/lib/thumb\libg.a(lib_a-wcsrtombs.o)
                0x02015e54                _wcsrtombs_r
 .text.__swsetup_r
                0x02015e70       0xd8 e:/programs/_production/devkitpro/devkitarm/bin/../lib/gcc/arm-none-eabi/7.1.0/../../../../arm-none-eabi/lib/thumb\libg.a(lib_a-wsetup.o)
                0x02015e70                __swsetup_r
 .text.quorem   0x02015f48      0x15c e:/programs/_production/devkitpro/devkitarm/bin/../lib/gcc/arm-none-eabi/7.1.0/../../../../arm-none-eabi/lib/thumb\libg.a(lib_a-dtoa.o)
 .text._dtoa_r  0x020160a4      0xfc8 e:/programs/_production/devkitpro/devkitarm/bin/../lib/gcc/arm-none-eabi/7.1.0/../../../../arm-none-eabi/lib/thumb\libg.a(lib_a-dtoa.o)
                0x020160a4                _dtoa_r
 .text.__sflags
                0x0201706c       0xa0 e:/programs/_production/devkitpro/devkitarm/bin/../lib/gcc/arm-none-eabi/7.1.0/../../../../arm-none-eabi/lib/thumb\libg.a(lib_a-flags.o)
                0x0201706c                __sflags
 .text.__sfvwrite_r
                0x0201710c      0x328 e:/programs/_production/devkitpro/devkitarm/bin/../lib/gcc/arm-none-eabi/7.1.0/../../../../arm-none-eabi/lib/thumb\libg.a(lib_a-fvwrite.o)
                0x0201710c                __sfvwrite_r
 .text.iswspace
                0x02017434       0x78 e:/programs/_production/devkitpro/devkitarm/bin/../lib/gcc/arm-none-eabi/7.1.0/../../../../arm-none-eabi/lib/thumb\libg.a(lib_a-iswspace.o)
                0x02017434                iswspace
 .text.__jp2uc  0x020174ac      0x1a0 e:/programs/_production/devkitpro/devkitarm/bin/../lib/gcc/arm-none-eabi/7.1.0/../../../../arm-none-eabi/lib/thumb\libg.a(lib_a-jp2uc.o)
 .text._jp2uc   0x0201764c       0x8c e:/programs/_production/devkitpro/devkitarm/bin/../lib/gcc/arm-none-eabi/7.1.0/../../../../arm-none-eabi/lib/thumb\libg.a(lib_a-jp2uc.o)
                0x0201764c                _jp2uc
 .text._localeconv_r
                0x020176d8       0x1c e:/programs/_production/devkitpro/devkitarm/bin/../lib/gcc/arm-none-eabi/7.1.0/../../../../arm-none-eabi/lib/thumb\libg.a(lib_a-localeconv.o)
                0x020176d8                _localeconv_r
 .text.__locale_mb_cur_max
                0x020176f4       0x20 e:/programs/_production/devkitpro/devkitarm/bin/../lib/gcc/arm-none-eabi/7.1.0/../../../../arm-none-eabi/lib/thumb\libg.a(lib_a-locale.o)
                0x020176f4                __locale_mb_cur_max
 .text.__locale_ctype_ptr_l
                0x02017714        0x8 e:/programs/_production/devkitpro/devkitarm/bin/../lib/gcc/arm-none-eabi/7.1.0/../../../../arm-none-eabi/lib/thumb\libg.a(lib_a-locale.o)
                0x02017714                __locale_ctype_ptr_l
 .text.__locale_ctype_ptr
                0x0201771c       0x1c e:/programs/_production/devkitpro/devkitarm/bin/../lib/gcc/arm-none-eabi/7.1.0/../../../../arm-none-eabi/lib/thumb\libg.a(lib_a-locale.o)
                0x0201771c                __locale_ctype_ptr
 .text._mbrtowc_r
                0x02017738       0x94 e:/programs/_production/devkitpro/devkitarm/bin/../lib/gcc/arm-none-eabi/7.1.0/../../../../arm-none-eabi/lib/thumb\libg.a(lib_a-mbrtowc.o)
                0x02017738                _mbrtowc_r
 .text.__utf8_mbtowc
                0x020177cc      0x28c e:/programs/_production/devkitpro/devkitarm/bin/../lib/gcc/arm-none-eabi/7.1.0/../../../../arm-none-eabi/lib/thumb\libg.a(lib_a-mbtowc_r.o)
                0x020177cc                __utf8_mbtowc
 .text.memchr   0x02017a58       0x84 e:/programs/_production/devkitpro/devkitarm/bin/../lib/gcc/arm-none-eabi/7.1.0/../../../../arm-none-eabi/lib/thumb\libg.a(lib_a-memchr-stub.o)
                0x02017a58                memchr
 .text.memmove  0x02017adc       0xa0 e:/programs/_production/devkitpro/devkitarm/bin/../lib/gcc/arm-none-eabi/7.1.0/../../../../arm-none-eabi/lib/thumb\libg.a(lib_a-memmove.o)
                0x02017adc                memmove
 .text._Balloc  0x02017b7c       0x54 e:/programs/_production/devkitpro/devkitarm/bin/../lib/gcc/arm-none-eabi/7.1.0/../../../../arm-none-eabi/lib/thumb\libg.a(lib_a-mprec.o)
                0x02017b7c                _Balloc
 .text._Bfree   0x02017bd0       0x14 e:/programs/_production/devkitpro/devkitarm/bin/../lib/gcc/arm-none-eabi/7.1.0/../../../../arm-none-eabi/lib/thumb\libg.a(lib_a-mprec.o)
                0x02017bd0                _Bfree
 .text.__multadd
                0x02017be4       0x94 e:/programs/_production/devkitpro/devkitarm/bin/../lib/gcc/arm-none-eabi/7.1.0/../../../../arm-none-eabi/lib/thumb\libg.a(lib_a-mprec.o)
                0x02017be4                __multadd
 .text.__hi0bits
                0x02017c78       0x38 e:/programs/_production/devkitpro/devkitarm/bin/../lib/gcc/arm-none-eabi/7.1.0/../../../../arm-none-eabi/lib/thumb\libg.a(lib_a-mprec.o)
                0x02017c78                __hi0bits
 .text.__lo0bits
                0x02017cb0       0x5c e:/programs/_production/devkitpro/devkitarm/bin/../lib/gcc/arm-none-eabi/7.1.0/../../../../arm-none-eabi/lib/thumb\libg.a(lib_a-mprec.o)
                0x02017cb0                __lo0bits
 .text.__i2b    0x02017d0c       0x18 e:/programs/_production/devkitpro/devkitarm/bin/../lib/gcc/arm-none-eabi/7.1.0/../../../../arm-none-eabi/lib/thumb\libg.a(lib_a-mprec.o)
                0x02017d0c                __i2b
 .text.__multiply
                0x02017d24      0x188 e:/programs/_production/devkitpro/devkitarm/bin/../lib/gcc/arm-none-eabi/7.1.0/../../../../arm-none-eabi/lib/thumb\libg.a(lib_a-mprec.o)
                0x02017d24                __multiply
 .text.__pow5mult
                0x02017eac       0xc4 e:/programs/_production/devkitpro/devkitarm/bin/../lib/gcc/arm-none-eabi/7.1.0/../../../../arm-none-eabi/lib/thumb\libg.a(lib_a-mprec.o)
                0x02017eac                __pow5mult
 .text.__lshift
                0x02017f70       0xc4 e:/programs/_production/devkitpro/devkitarm/bin/../lib/gcc/arm-none-eabi/7.1.0/../../../../arm-none-eabi/lib/thumb\libg.a(lib_a-mprec.o)
                0x02017f70                __lshift
 .text.__mcmp   0x02018034       0x38 e:/programs/_production/devkitpro/devkitarm/bin/../lib/gcc/arm-none-eabi/7.1.0/../../../../arm-none-eabi/lib/thumb\libg.a(lib_a-mprec.o)
                0x02018034                __mcmp
 .text.__mdiff  0x0201806c      0x128 e:/programs/_production/devkitpro/devkitarm/bin/../lib/gcc/arm-none-eabi/7.1.0/../../../../arm-none-eabi/lib/thumb\libg.a(lib_a-mprec.o)
                0x0201806c                __mdiff
 .text.__d2b    0x02018194       0xc0 e:/programs/_production/devkitpro/devkitarm/bin/../lib/gcc/arm-none-eabi/7.1.0/../../../../arm-none-eabi/lib/thumb\libg.a(lib_a-mprec.o)
                0x02018194                __d2b
 .text._realloc_r
                0x02018254      0x3c4 e:/programs/_production/devkitpro/devkitarm/bin/../lib/gcc/arm-none-eabi/7.1.0/../../../../arm-none-eabi/lib/thumb\libg.a(lib_a-reallocr.o)
                0x02018254                _realloc_r
 .text.__sccl   0x02018618       0x7c e:/programs/_production/devkitpro/devkitarm/bin/../lib/gcc/arm-none-eabi/7.1.0/../../../../arm-none-eabi/lib/thumb\libg.a(lib_a-sccl.o)
                0x02018618                __sccl
 .text.frexp    0x02018694       0x68 e:/programs/_production/devkitpro/devkitarm/bin/../lib/gcc/arm-none-eabi/7.1.0/../../../../arm-none-eabi/lib/thumb\libg.a(lib_a-s_frexp.o)
                0x02018694                frexp
 .text.strchr   0x020186fc       0xd8 e:/programs/_production/devkitpro/devkitarm/bin/../lib/gcc/arm-none-eabi/7.1.0/../../../../arm-none-eabi/lib/thumb\libg.a(lib_a-strchr.o)
                0x020186fc                strchr
 .text.strncmp  0x020187d4       0x94 e:/programs/_production/devkitpro/devkitarm/bin/../lib/gcc/arm-none-eabi/7.1.0/../../../../arm-none-eabi/lib/thumb\libg.a(lib_a-strncmp.o)
                0x020187d4                strncmp
 .text.strncpy  0x02018868       0x90 e:/programs/_production/devkitpro/devkitarm/bin/../lib/gcc/arm-none-eabi/7.1.0/../../../../arm-none-eabi/lib/thumb\libg.a(lib_a-strncpy.o)
                0x02018868                strncpy
 .text._strtoll_l.isra.0
                0x020188f8      0x1bc e:/programs/_production/devkitpro/devkitarm/bin/../lib/gcc/arm-none-eabi/7.1.0/../../../../arm-none-eabi/lib/thumb\libg.a(lib_a-strtoll.o)
 .text._strtoll_r
                0x02018ab4       0x34 e:/programs/_production/devkitpro/devkitarm/bin/../lib/gcc/arm-none-eabi/7.1.0/../../../../arm-none-eabi/lib/thumb\libg.a(lib_a-strtoll.o)
                0x02018ab4                _strtoll_r
 .text._strtol_l.isra.0
                0x02018ae8      0x140 e:/programs/_production/devkitpro/devkitarm/bin/../lib/gcc/arm-none-eabi/7.1.0/../../../../arm-none-eabi/lib/thumb\libg.a(lib_a-strtol.o)
 .text._strtol_r
                0x02018c28       0x34 e:/programs/_production/devkitpro/devkitarm/bin/../lib/gcc/arm-none-eabi/7.1.0/../../../../arm-none-eabi/lib/thumb\libg.a(lib_a-strtol.o)
                0x02018c28                _strtol_r
 .text._strtoull_l.isra.0
                0x02018c5c      0x1c8 e:/programs/_production/devkitpro/devkitarm/bin/../lib/gcc/arm-none-eabi/7.1.0/../../../../arm-none-eabi/lib/thumb\libg.a(lib_a-strtoull.o)
 .text._strtoull_r
                0x02018e24       0x34 e:/programs/_production/devkitpro/devkitarm/bin/../lib/gcc/arm-none-eabi/7.1.0/../../../../arm-none-eabi/lib/thumb\libg.a(lib_a-strtoull.o)
                0x02018e24                _strtoull_r
 .text._strtoul_l.isra.0
                0x02018e58      0x14c e:/programs/_production/devkitpro/devkitarm/bin/../lib/gcc/arm-none-eabi/7.1.0/../../../../arm-none-eabi/lib/thumb\libg.a(lib_a-strtoul.o)
 .text._strtoul_r
                0x02018fa4       0x34 e:/programs/_production/devkitpro/devkitarm/bin/../lib/gcc/arm-none-eabi/7.1.0/../../../../arm-none-eabi/lib/thumb\libg.a(lib_a-strtoul.o)
                0x02018fa4                _strtoul_r
 .text._wcsnrtombs_l
                0x02018fd8      0x110 e:/programs/_production/devkitpro/devkitarm/bin/../lib/gcc/arm-none-eabi/7.1.0/../../../../arm-none-eabi/lib/thumb\libg.a(lib_a-wcsnrtombs.o)
                0x02018fd8                _wcsnrtombs_l
 .text._wcsnrtombs_r
                0x020190e8       0x40 e:/programs/_production/devkitpro/devkitarm/bin/../lib/gcc/arm-none-eabi/7.1.0/../../../../arm-none-eabi/lib/thumb\libg.a(lib_a-wcsnrtombs.o)
                0x020190e8                _wcsnrtombs_r
 .text.__utf8_wctomb
                0x02019128       0xbc e:/programs/_production/devkitpro/devkitarm/bin/../lib/gcc/arm-none-eabi/7.1.0/../../../../arm-none-eabi/lib/thumb\libg.a(lib_a-wctomb_r.o)
                0x02019128                __utf8_wctomb
 .text._calloc_r
                0x020191e4       0x60 e:/programs/_production/devkitpro/devkitarm/bin/../lib/gcc/arm-none-eabi/7.1.0/../../../../arm-none-eabi/lib/thumb\libg.a(lib_a-callocr.o)
                0x020191e4                _calloc_r
 .text.null_write
                0x02019244        0x4 e:/programs/_production/devkitpro/devkitarm/bin/../lib/gcc/arm-none-eabi/7.1.0/../../../../arm-none-eabi/lib/thumb\libsysbase.a(iosupport.o)
 .text.FindDevice
                0x02019248       0x94 e:/programs/_production/devkitpro/devkitarm/bin/../lib/gcc/arm-none-eabi/7.1.0/../../../../arm-none-eabi/lib/thumb\libsysbase.a(iosupport.o)
                0x02019248                FindDevice
 .text._close_r
                0x020192dc       0x5c e:/programs/_production/devkitpro/devkitarm/bin/../lib/gcc/arm-none-eabi/7.1.0/../../../../arm-none-eabi/lib/thumb\libsysbase.a(close.o)
                0x020192dc                _close_r
 .text._fstat_r
                0x02019338       0x4c e:/programs/_production/devkitpro/devkitarm/bin/../lib/gcc/arm-none-eabi/7.1.0/../../../../arm-none-eabi/lib/thumb\libsysbase.a(fstat.o)
                0x02019338                _fstat_r
 .text._getpid_r
                0x02019384        0xc e:/programs/_production/devkitpro/devkitarm/bin/../lib/gcc/arm-none-eabi/7.1.0/../../../../arm-none-eabi/lib/thumb\libsysbase.a(getpid.o)
                0x02019384                _getpid_r
 .text._isatty_r
                0x02019390        0x4 e:/programs/_production/devkitpro/devkitarm/bin/../lib/gcc/arm-none-eabi/7.1.0/../../../../arm-none-eabi/lib/thumb\libsysbase.a(isatty.o)
                0x02019390                _isatty_r
 .text._kill_r  0x02019394        0xc e:/programs/_production/devkitpro/devkitarm/bin/../lib/gcc/arm-none-eabi/7.1.0/../../../../arm-none-eabi/lib/thumb\libsysbase.a(kill.o)
                0x02019394                _kill_r
 .text._lseek_r
                0x020193a0       0x5c e:/programs/_production/devkitpro/devkitarm/bin/../lib/gcc/arm-none-eabi/7.1.0/../../../../arm-none-eabi/lib/thumb\libsysbase.a(lseek.o)
                0x020193a0                _lseek_r
 .text._open_r  0x020193fc       0x94 e:/programs/_production/devkitpro/devkitarm/bin/../lib/gcc/arm-none-eabi/7.1.0/../../../../arm-none-eabi/lib/thumb\libsysbase.a(open.o)
                0x020193fc                _open_r
 .text._read_r  0x02019490       0x50 e:/programs/_production/devkitpro/devkitarm/bin/../lib/gcc/arm-none-eabi/7.1.0/../../../../arm-none-eabi/lib/thumb\libsysbase.a(read.o)
                0x02019490                _read_r
 .text._sbrk_r  0x020194e0       0x54 e:/programs/_production/devkitpro/devkitarm/bin/../lib/gcc/arm-none-eabi/7.1.0/../../../../arm-none-eabi/lib/thumb\libsysbase.a(sbrk.o)
                0x020194e0                _sbrk_r
 .text._write_r
                0x02019534       0x50 e:/programs/_production/devkitpro/devkitarm/bin/../lib/gcc/arm-none-eabi/7.1.0/../../../../arm-none-eabi/lib/thumb\libsysbase.a(write.o)
                0x02019534                _write_r
 .text._exit    0x02019584       0x18 e:/programs/_production/devkitpro/devkitarm/bin/../lib/gcc/arm-none-eabi/7.1.0/../../../../arm-none-eabi/lib/thumb\libsysbase.a(_exit.o)
                0x02019584                _exit
 .text.build_argv
                0x0201959c       0x4c e:/programs/_production/devkitpro/devkitarm/bin/../lib/gcc/arm-none-eabi/7.1.0/../../../../arm-none-eabi/lib/thumb\libsysbase.a(build_argv.o)
                0x0201959c                build_argv
 .text.__flockfile
                0x020195e8       0x10 e:/programs/_production/devkitpro/devkitarm/bin/../lib/gcc/arm-none-eabi/7.1.0/../../../../arm-none-eabi/lib/thumb\libsysbase.a(flock.o)
                0x020195e8                __flockfile
 .text.__funlockfile
                0x020195f8       0x10 e:/programs/_production/devkitpro/devkitarm/bin/../lib/gcc/arm-none-eabi/7.1.0/../../../../arm-none-eabi/lib/thumb\libsysbase.a(flock.o)
                0x020195f8                __funlockfile
 .text.__libc_lock_acquire
                0x02019608       0x1c e:/programs/_production/devkitpro/devkitarm/bin/../lib/gcc/arm-none-eabi/7.1.0/../../../../arm-none-eabi/lib/thumb\libsysbase.a(syscall_support.o)
                0x02019608                __libc_lock_acquire
 .text.__libc_lock_release
                0x02019624       0x1c e:/programs/_production/devkitpro/devkitarm/bin/../lib/gcc/arm-none-eabi/7.1.0/../../../../arm-none-eabi/lib/thumb\libsysbase.a(syscall_support.o)
                0x02019624                __libc_lock_release
 .text.__libc_lock_init_recursive
                0x02019640       0x1c e:/programs/_production/devkitpro/devkitarm/bin/../lib/gcc/arm-none-eabi/7.1.0/../../../../arm-none-eabi/lib/thumb\libsysbase.a(syscall_support.o)
                0x02019640                __libc_lock_init_recursive
 .text.__libc_lock_acquire_recursive
                0x0201965c       0x1c e:/programs/_production/devkitpro/devkitarm/bin/../lib/gcc/arm-none-eabi/7.1.0/../../../../arm-none-eabi/lib/thumb\libsysbase.a(syscall_support.o)
                0x0201965c                __libc_lock_acquire_recursive
 .text.__libc_lock_release_recursive
                0x02019678       0x1c e:/programs/_production/devkitpro/devkitarm/bin/../lib/gcc/arm-none-eabi/7.1.0/../../../../arm-none-eabi/lib/thumb\libsysbase.a(syscall_support.o)
                0x02019678                __libc_lock_release_recursive
 .text.__libc_lock_close_recursive
                0x02019694       0x1c e:/programs/_production/devkitpro/devkitarm/bin/../lib/gcc/arm-none-eabi/7.1.0/../../../../arm-none-eabi/lib/thumb\libsysbase.a(syscall_support.o)
                0x02019694                __libc_lock_close_recursive
 .text.__release_handle
                0x020196b0       0x6c e:/programs/_production/devkitpro/devkitarm/bin/../lib/gcc/arm-none-eabi/7.1.0/../../../../arm-none-eabi/lib/thumb\libsysbase.a(handle_manager.o)
                0x020196b0                __release_handle
 .text.__alloc_handle
                0x0201971c       0x88 e:/programs/_production/devkitpro/devkitarm/bin/../lib/gcc/arm-none-eabi/7.1.0/../../../../arm-none-eabi/lib/thumb\libsysbase.a(handle_manager.o)
                0x0201971c                __alloc_handle
 .text.__get_handle
                0x020197a4       0x1c e:/programs/_production/devkitpro/devkitarm/bin/../lib/gcc/arm-none-eabi/7.1.0/../../../../arm-none-eabi/lib/thumb\libsysbase.a(handle_manager.o)
                0x020197a4                __get_handle
 .text.__getreent
                0x020197c0       0x28 e:/programs/_production/devkitpro/devkitarm/bin/../lib/gcc/arm-none-eabi/7.1.0/../../../../arm-none-eabi/lib/thumb\libsysbase.a(getreent.o)
                0x020197c0                __getreent
 .text.__muldi3
                0x020197e8       0x60 e:/programs/_production/devkitpro/devkitarm/bin/../lib/gcc/arm-none-eabi/7.1.0/thumb\libgcc.a(_muldi3.o)
                0x020197e8                __muldi3
                0x020197e8                __aeabi_lmul
 .text.__udivmoddi4
                0x02019848      0x188 e:/programs/_production/devkitpro/devkitarm/bin/../lib/gcc/arm-none-eabi/7.1.0/thumb\libgcc.a(_udivmoddi4.o)
                0x02019848                __udivmoddi4
 .text.__errno  0x020199d0        0xc e:/programs/_production/devkitpro/devkitarm/bin/../lib/gcc/arm-none-eabi/7.1.0/../../../../arm-none-eabi/lib/thumb\libg.a(lib_a-errno.o)
                0x020199d0                __errno
 *fill*         0x020199dc        0x4 ff
 .text.__errno.__stub
                0x020199e0      0x168 linker stubs
 *(EXCLUDE_FILE(*.twl*) .gnu.warning)
 *(EXCLUDE_FILE(*.twl*) .gnu.linkonce.t*)
 *(.glue_7)
 .glue_7        0x02019b58        0x0 linker stubs
 *(.glue_7t)
 .glue_7t       0x02019b58        0x0 linker stubs
                0x02019b58                . = ALIGN (0x4)

.vfp11_veneer   0x02019b58        0x0
 .vfp11_veneer  0x02019b58        0x0 linker stubs

.v4_bx          0x02019b58        0x0
 .v4_bx         0x02019b58        0x0 linker stubs

.iplt           0x02019b58        0x0
 .iplt          0x02019b58        0x0 e:/programs/_production/devkitpro/devkitarm/bin/../lib/gcc/arm-none-eabi/7.1.0/../../../../arm-none-eabi/lib/thumb/ds_arm9_crt0.o

.fini           0x02019b58        0xc
 *(.fini)
 .fini          0x02019b58        0x4 e:/programs/_production/devkitpro/devkitarm/bin/../lib/gcc/arm-none-eabi/7.1.0/thumb/crti.o
                0x02019b58                _fini
 .fini          0x02019b5c        0x8 e:/programs/_production/devkitpro/devkitarm/bin/../lib/gcc/arm-none-eabi/7.1.0/thumb/crtn.o
                0x02019b64                __text_end = .

.rodata         0x02019b68    0x10570
 *(EXCLUDE_FILE(*.twl*) .rodata)
 .rodata        0x02019b68       0x30 main.o
 .rodata        0x02019b98     0x2004 e:/Programs/_Production/devkitPro/libnds/lib\libnds9.a(default_font.bin.o)
                0x02019b98                default_font_bin
                0x0201bb98                default_font_bin_size
                0x0201bb98                default_font_bin_end
 *all.rodata*(*)
 *(EXCLUDE_FILE(*.twl*) .roda)
 *(EXCLUDE_FILE(*.twl*) .rodata.*)
 .rodata._ZTV8CoinData
                0x0201bb9c        0xc main.o
                0x0201bb9c                vtable for CoinData
 .rodata._ZTV4NodeI7Vector2E
                0x0201bba8       0x14 main.o
                0x0201bba8                vtable for Node<Vector2>
 .rodata._ZTV4NodeI8CoinDataE
                0x0201bbbc       0x14 main.o
                0x0201bbbc                vtable for Node<CoinData>
 .rodata.str1.4
                0x0201bbd0      0x119 main.o
                                0x11d (size before relaxing)
 *fill*         0x0201bce9        0x3 ff
 .rodata.con_write
                0x0201bcec       0xd4 e:/Programs/_Production/devkitPro/libnds/lib\libnds9.a(console.o)
 .rodata.con_write.str1.4
                0x0201bdc0       0x30 e:/Programs/_Production/devkitPro/libnds/lib\libnds9.a(console.o)
 .rodata.consoleClear.str1.4
                0x0201bdf0        0x5 e:/Programs/_Production/devkitPro/libnds/lib\libnds9.a(console.o)
 *fill*         0x0201bdf5        0x3 ff
 .rodata.dotab_stdout
                0x0201bdf8       0x68 e:/Programs/_Production/devkitPro/libnds/lib\libnds9.a(console.o)
 .rodata.str1.4
                0x0201be60       0x14 e:/Programs/_Production/devkitPro/libnds/lib\libnds9.a(console.o)
 .rodata.SIN_LUT
                0x0201be74      0x102 e:/Programs/_Production/devkitPro/libnds/lib\libnds9.a(trig.o)
                0x0201be74                SIN_LUT
 *fill*         0x0201bf76        0x2 ff
 .rodata._ZNKSt9bad_alloc4whatEv.str1.4
                0x0201bf78        0xf e:/programs/_production/devkitpro/devkitarm/bin/../lib/gcc/arm-none-eabi/7.1.0/../../../../arm-none-eabi/lib/thumb\libstdc++.a(bad_alloc.o)
 *fill*         0x0201bf87        0x1 ff
 .rodata._ZTISt9bad_alloc
                0x0201bf88        0xc e:/programs/_production/devkitpro/devkitarm/bin/../lib/gcc/arm-none-eabi/7.1.0/../../../../arm-none-eabi/lib/thumb\libstdc++.a(bad_alloc.o)
                0x0201bf88                typeinfo for std::bad_alloc
 .rodata._ZTSSt9bad_alloc
                0x0201bf94        0xd e:/programs/_production/devkitpro/devkitarm/bin/../lib/gcc/arm-none-eabi/7.1.0/../../../../arm-none-eabi/lib/thumb\libstdc++.a(bad_alloc.o)
                0x0201bf94                typeinfo name for std::bad_alloc
 *fill*         0x0201bfa1        0x3 ff
 .rodata._ZTVSt9bad_alloc
                0x0201bfa4       0x14 e:/programs/_production/devkitpro/devkitarm/bin/../lib/gcc/arm-none-eabi/7.1.0/../../../../arm-none-eabi/lib/thumb\libstdc++.a(bad_alloc.o)
                0x0201bfa4                vtable for std::bad_alloc
 .rodata._ZNKSt13bad_exception4whatEv.str1.4
                0x0201bfb8       0x13 e:/programs/_production/devkitpro/devkitarm/bin/../lib/gcc/arm-none-eabi/7.1.0/../../../../arm-none-eabi/lib/thumb\libstdc++.a(eh_exception.o)
 *fill*         0x0201bfcb        0x1 ff
 .rodata._ZTIN10__cxxabiv115__forced_unwindE
                0x0201bfcc        0x8 e:/programs/_production/devkitpro/devkitarm/bin/../lib/gcc/arm-none-eabi/7.1.0/../../../../arm-none-eabi/lib/thumb\libstdc++.a(eh_exception.o)
                0x0201bfcc                typeinfo for __cxxabiv1::__forced_unwind
 .rodata._ZTIN10__cxxabiv119__foreign_exceptionE
                0x0201bfd4        0x8 e:/programs/_production/devkitpro/devkitarm/bin/../lib/gcc/arm-none-eabi/7.1.0/../../../../arm-none-eabi/lib/thumb\libstdc++.a(eh_exception.o)
                0x0201bfd4                typeinfo for __cxxabiv1::__foreign_exception
 .rodata._ZTISt13bad_exception
                0x0201bfdc        0xc e:/programs/_production/devkitpro/devkitarm/bin/../lib/gcc/arm-none-eabi/7.1.0/../../../../arm-none-eabi/lib/thumb\libstdc++.a(eh_exception.o)
                0x0201bfdc                typeinfo for std::bad_exception
 .rodata._ZTISt9exception
                0x0201bfe8        0x8 e:/programs/_production/devkitpro/devkitarm/bin/../lib/gcc/arm-none-eabi/7.1.0/../../../../arm-none-eabi/lib/thumb\libstdc++.a(eh_exception.o)
                0x0201bfe8                typeinfo for std::exception
 .rodata._ZTSN10__cxxabiv115__forced_unwindE
                0x0201bff0       0x20 e:/programs/_production/devkitpro/devkitarm/bin/../lib/gcc/arm-none-eabi/7.1.0/../../../../arm-none-eabi/lib/thumb\libstdc++.a(eh_exception.o)
                0x0201bff0                typeinfo name for __cxxabiv1::__forced_unwind
 .rodata._ZTSN10__cxxabiv119__foreign_exceptionE
                0x0201c010       0x24 e:/programs/_production/devkitpro/devkitarm/bin/../lib/gcc/arm-none-eabi/7.1.0/../../../../arm-none-eabi/lib/thumb\libstdc++.a(eh_exception.o)
                0x0201c010                typeinfo name for __cxxabiv1::__foreign_exception
 .rodata._ZTSSt13bad_exception
                0x0201c034       0x12 e:/programs/_production/devkitpro/devkitarm/bin/../lib/gcc/arm-none-eabi/7.1.0/../../../../arm-none-eabi/lib/thumb\libstdc++.a(eh_exception.o)
                0x0201c034                typeinfo name for std::bad_exception
 *fill*         0x0201c046        0x2 ff
 .rodata._ZTSSt9exception
                0x0201c048        0xd e:/programs/_production/devkitpro/devkitarm/bin/../lib/gcc/arm-none-eabi/7.1.0/../../../../arm-none-eabi/lib/thumb\libstdc++.a(eh_exception.o)
                0x0201c048                typeinfo name for std::exception
 *fill*         0x0201c055        0x3 ff
 .rodata._ZTVSt13bad_exception
                0x0201c058       0x14 e:/programs/_production/devkitpro/devkitarm/bin/../lib/gcc/arm-none-eabi/7.1.0/../../../../arm-none-eabi/lib/thumb\libstdc++.a(eh_exception.o)
                0x0201c058                vtable for std::bad_exception
 .rodata._ZTIN10__cxxabiv120__si_class_type_infoE
                0x0201c06c        0xc e:/programs/_production/devkitpro/devkitarm/bin/../lib/gcc/arm-none-eabi/7.1.0/../../../../arm-none-eabi/lib/thumb\libstdc++.a(si_class_type_info.o)
                0x0201c06c                typeinfo for __cxxabiv1::__si_class_type_info
 .rodata._ZTSN10__cxxabiv120__si_class_type_infoE
                0x0201c078       0x25 e:/programs/_production/devkitpro/devkitarm/bin/../lib/gcc/arm-none-eabi/7.1.0/../../../../arm-none-eabi/lib/thumb\libstdc++.a(si_class_type_info.o)
                0x0201c078                typeinfo name for __cxxabiv1::__si_class_type_info
 *fill*         0x0201c09d        0x3 ff
 .rodata._ZTVN10__cxxabiv120__si_class_type_infoE
                0x0201c0a0       0x2c e:/programs/_production/devkitpro/devkitarm/bin/../lib/gcc/arm-none-eabi/7.1.0/../../../../arm-none-eabi/lib/thumb\libstdc++.a(si_class_type_info.o)
                0x0201c0a0                vtable for __cxxabiv1::__si_class_type_info
 .rodata._ZTISt9type_info
                0x0201c0cc        0x8 e:/programs/_production/devkitpro/devkitarm/bin/../lib/gcc/arm-none-eabi/7.1.0/../../../../arm-none-eabi/lib/thumb\libstdc++.a(tinfo.o)
                0x0201c0cc                typeinfo for std::type_info
 .rodata._ZTSSt9type_info
                0x0201c0d4        0xd e:/programs/_production/devkitpro/devkitarm/bin/../lib/gcc/arm-none-eabi/7.1.0/../../../../arm-none-eabi/lib/thumb\libstdc++.a(tinfo.o)
                0x0201c0d4                typeinfo name for std::type_info
 *fill*         0x0201c0e1        0x3 ff
 .rodata._ZL28read_encoded_value_with_basehjPKhPj
                0x0201c0e4       0x34 e:/programs/_production/devkitpro/devkitarm/bin/../lib/gcc/arm-none-eabi/7.1.0/../../../../arm-none-eabi/lib/thumb\libstdc++.a(eh_personality.o)
 .rodata._ZTIN10__cxxabiv117__class_type_infoE
                0x0201c118        0xc e:/programs/_production/devkitpro/devkitarm/bin/../lib/gcc/arm-none-eabi/7.1.0/../../../../arm-none-eabi/lib/thumb\libstdc++.a(class_type_info.o)
                0x0201c118                typeinfo for __cxxabiv1::__class_type_info
 .rodata._ZTSN10__cxxabiv117__class_type_infoE
                0x0201c124       0x22 e:/programs/_production/devkitpro/devkitarm/bin/../lib/gcc/arm-none-eabi/7.1.0/../../../../arm-none-eabi/lib/thumb\libstdc++.a(class_type_info.o)
                0x0201c124                typeinfo name for __cxxabiv1::__class_type_info
 *fill*         0x0201c146        0x2 ff
 .rodata._ZTVN10__cxxabiv117__class_type_infoE
                0x0201c148       0x2c e:/programs/_production/devkitpro/devkitarm/bin/../lib/gcc/arm-none-eabi/7.1.0/../../../../arm-none-eabi/lib/thumb\libstdc++.a(class_type_info.o)
                0x0201c148                vtable for __cxxabiv1::__class_type_info
 .rodata._global_impure_ptr
                0x0201c174        0x4 e:/programs/_production/devkitpro/devkitarm/bin/../lib/gcc/arm-none-eabi/7.1.0/../../../../arm-none-eabi/lib/thumb\libg.a(lib_a-impure.o)
                0x0201c174                _global_impure_ptr
 .rodata.__ssvfiscanf_r
                0x0201c178      0x324 e:/programs/_production/devkitpro/devkitarm/bin/../lib/gcc/arm-none-eabi/7.1.0/../../../../arm-none-eabi/lib/thumb\libg.a(lib_a-svfiscanf.o)
 .rodata.basefix.6821
                0x0201c49c       0x22 e:/programs/_production/devkitpro/devkitarm/bin/../lib/gcc/arm-none-eabi/7.1.0/../../../../arm-none-eabi/lib/thumb\libg.a(lib_a-svfiscanf.o)
 *fill*         0x0201c4be        0x2 ff
 .rodata.get_arg
                0x0201c4c0     0x4f8c e:/programs/_production/devkitpro/devkitarm/bin/../lib/gcc/arm-none-eabi/7.1.0/../../../../arm-none-eabi/lib/thumb\libg.a(lib_a-vfiprintf.o)
 .rodata._vfiprintf_r
                0x0202144c      0x16c e:/programs/_production/devkitpro/devkitarm/bin/../lib/gcc/arm-none-eabi/7.1.0/../../../../arm-none-eabi/lib/thumb\libg.a(lib_a-vfiprintf.o)
 .rodata._vfiprintf_r.str1.4
                0x020215b8       0x2f e:/programs/_production/devkitpro/devkitarm/bin/../lib/gcc/arm-none-eabi/7.1.0/../../../../arm-none-eabi/lib/thumb\libg.a(lib_a-vfiprintf.o)
 *fill*         0x020215e7        0x1 ff
 .rodata.blanks.7270
                0x020215e8       0x10 e:/programs/_production/devkitpro/devkitarm/bin/../lib/gcc/arm-none-eabi/7.1.0/../../../../arm-none-eabi/lib/thumb\libg.a(lib_a-vfiprintf.o)
 .rodata.zeroes.7271
                0x020215f8       0x10 e:/programs/_production/devkitpro/devkitarm/bin/../lib/gcc/arm-none-eabi/7.1.0/../../../../arm-none-eabi/lib/thumb\libg.a(lib_a-vfiprintf.o)
 .rodata.get_arg
                0x02021608     0x4f8c e:/programs/_production/devkitpro/devkitarm/bin/../lib/gcc/arm-none-eabi/7.1.0/../../../../arm-none-eabi/lib/thumb\libg.a(lib_a-vfprintf.o)
 .rodata._vfprintf_r
                0x02026594      0x16c e:/programs/_production/devkitpro/devkitarm/bin/../lib/gcc/arm-none-eabi/7.1.0/../../../../arm-none-eabi/lib/thumb\libg.a(lib_a-vfprintf.o)
 .rodata._vfprintf_r.str1.4
                0x02026700       0x12 e:/programs/_production/devkitpro/devkitarm/bin/../lib/gcc/arm-none-eabi/7.1.0/../../../../arm-none-eabi/lib/thumb\libg.a(lib_a-vfprintf.o)
                                 0x42 (size before relaxing)
 *fill*         0x02026712        0x2 ff
 .rodata.blanks.7302
                0x02026714       0x10 e:/programs/_production/devkitpro/devkitarm/bin/../lib/gcc/arm-none-eabi/7.1.0/../../../../arm-none-eabi/lib/thumb\libg.a(lib_a-vfprintf.o)
 .rodata.zeroes.7303
                0x02026724       0x10 e:/programs/_production/devkitpro/devkitarm/bin/../lib/gcc/arm-none-eabi/7.1.0/../../../../arm-none-eabi/lib/thumb\libg.a(lib_a-vfprintf.o)
 .rodata._dtoa_r.str1.4
                0x02026734       0x10 e:/programs/_production/devkitpro/devkitarm/bin/../lib/gcc/arm-none-eabi/7.1.0/../../../../arm-none-eabi/lib/thumb\libg.a(lib_a-dtoa.o)
                                 0x12 (size before relaxing)
 .rodata.__jp2uc
                0x02026744       0x20 e:/programs/_production/devkitpro/devkitarm/bin/../lib/gcc/arm-none-eabi/7.1.0/../../../../arm-none-eabi/lib/thumb\libg.a(lib_a-jp2uc.o)
 .rodata._jp2uc.str1.4
                0x02026764       0x12 e:/programs/_production/devkitpro/devkitarm/bin/../lib/gcc/arm-none-eabi/7.1.0/../../../../arm-none-eabi/lib/thumb\libg.a(lib_a-jp2uc.o)
 *fill*         0x02026776        0x2 ff
 .rodata.a1     0x02026778       0xbc e:/programs/_production/devkitpro/devkitarm/bin/../lib/gcc/arm-none-eabi/7.1.0/../../../../arm-none-eabi/lib/thumb\libg.a(lib_a-jp2uc.o)
 .rodata.a2     0x02026834       0xbc e:/programs/_production/devkitpro/devkitarm/bin/../lib/gcc/arm-none-eabi/7.1.0/../../../../arm-none-eabi/lib/thumb\libg.a(lib_a-jp2uc.o)
 .rodata.a3     0x020268f0       0x5b e:/programs/_production/devkitpro/devkitarm/bin/../lib/gcc/arm-none-eabi/7.1.0/../../../../arm-none-eabi/lib/thumb\libg.a(lib_a-jp2uc.o)
 *fill*         0x0202694b        0x1 ff
 .rodata.a6     0x0202694c       0x70 e:/programs/_production/devkitpro/devkitarm/bin/../lib/gcc/arm-none-eabi/7.1.0/../../../../arm-none-eabi/lib/thumb\libg.a(lib_a-jp2uc.o)
 .rodata.a7     0x020269bc       0xa2 e:/programs/_production/devkitpro/devkitarm/bin/../lib/gcc/arm-none-eabi/7.1.0/../../../../arm-none-eabi/lib/thumb\libg.a(lib_a-jp2uc.o)
 *fill*         0x02026a5e        0x2 ff
 .rodata.a8     0x02026a60       0x40 e:/programs/_production/devkitpro/devkitarm/bin/../lib/gcc/arm-none-eabi/7.1.0/../../../../arm-none-eabi/lib/thumb\libg.a(lib_a-jp2uc.o)
 .rodata.b02cf  0x02026aa0     0x172a e:/programs/_production/devkitpro/devkitarm/bin/../lib/gcc/arm-none-eabi/7.1.0/../../../../arm-none-eabi/lib/thumb\libg.a(lib_a-jp2uc.o)
 *fill*         0x020281ca        0x2 ff
 .rodata.d02f4  0x020281cc     0x1a7c e:/programs/_production/devkitpro/devkitarm/bin/../lib/gcc/arm-none-eabi/7.1.0/../../../../arm-none-eabi/lib/thumb\libg.a(lib_a-jp2uc.o)
 .rodata.str1.4
                0x02029c48       0x48 e:/programs/_production/devkitpro/devkitarm/bin/../lib/gcc/arm-none-eabi/7.1.0/../../../../arm-none-eabi/lib/thumb\libg.a(lib_a-locale.o)
                                 0x4c (size before relaxing)
 .rodata._mbrtowc_r.str1.4
                0x02029c90        0x1 e:/programs/_production/devkitpro/devkitarm/bin/../lib/gcc/arm-none-eabi/7.1.0/../../../../arm-none-eabi/lib/thumb\libg.a(lib_a-mbrtowc.o)
 .rodata.__mprec_bigtens
                0x02029c90       0x28 e:/programs/_production/devkitpro/devkitarm/bin/../lib/gcc/arm-none-eabi/7.1.0/../../../../arm-none-eabi/lib/thumb\libg.a(lib_a-mprec.o)
                0x02029c90                __mprec_bigtens
 .rodata.__mprec_tens
                0x02029cb8       0xc8 e:/programs/_production/devkitpro/devkitarm/bin/../lib/gcc/arm-none-eabi/7.1.0/../../../../arm-none-eabi/lib/thumb\libg.a(lib_a-mprec.o)
                0x02029cb8                __mprec_tens
 .rodata.p05.6078
                0x02029d80        0xc e:/programs/_production/devkitpro/devkitarm/bin/../lib/gcc/arm-none-eabi/7.1.0/../../../../arm-none-eabi/lib/thumb\libg.a(lib_a-mprec.o)
 .rodata.__action_table
                0x02029d8c       0x6c e:/programs/_production/devkitpro/devkitarm/bin/../lib/gcc/arm-none-eabi/7.1.0/../../../../arm-none-eabi/lib/thumb\libg.a(lib_a-svfiprintf.o)
                0x02029d8c                __action_table
 .rodata.__chclass
                0x02029df8      0x100 e:/programs/_production/devkitpro/devkitarm/bin/../lib/gcc/arm-none-eabi/7.1.0/../../../../arm-none-eabi/lib/thumb\libg.a(lib_a-svfiprintf.o)
                0x02029df8                __chclass
 .rodata.__state_table
                0x02029ef8       0x6c e:/programs/_production/devkitpro/devkitarm/bin/../lib/gcc/arm-none-eabi/7.1.0/../../../../arm-none-eabi/lib/thumb\libg.a(lib_a-svfiprintf.o)
                0x02029ef8                __state_table
 .rodata._ctype_